Component: ARM Compiler 5.05 update 2 (build 169) Tool: armlink [4d0f33]

==============================================================================

Section Cross References

    main.o(i.main) refers to ertmain.o(i.ErtMain) for ErtMain
    motorapi.o(i.MotorAPI_init) refers to mc.o(i.Mc_init) for Mc_init
    motorapi.o(i.MotorAPI_init) refers to motordiagcurrent.o(i.MotorDiagCurrent_init) for MotorDiagCurrent_init
    motorapi.o(i.MotorAPI_init) refers to motordiagspeed.o(i.MotorDiagSpeed_init) for MotorDiagSpeed_init
    motorapi.o(i.MotorAPI_init) refers to motordiagbemf.o(i.MotorDiagBEMF_init) for MotorDiagBEMF_init
    motorapi.o(i.MotorAPI_init) refers to mc.o(.bss) for McAPI
    motorapi.o(i.MotorAPI_init) refers to motorapi.o(.bss) for .bss
    motorapi.o(i.MotorAPI_setSpeed) refers to motorapi.o(i.limitRefSpeed) for limitRefSpeed
    motorapi.o(i.MotorAPI_setSpeed) refers to mc.o(i.Mc_stopMotor) for Mc_stopMotor
    motorapi.o(i.MotorAPI_setSpeed) refers to motorapi.o(i.MotorOffDiag) for MotorOffDiag
    motorapi.o(i.MotorAPI_setSpeed) refers to mc.o(i.Mc_startMotor) for Mc_startMotor
    motorapi.o(i.MotorAPI_setSpeed) refers to motorapi.o(.data) for .data
    motorapi.o(i.MotorAPI_setSpeed) refers to motorapi.o(.bss) for .bss
    motorapi.o(i.MotorAPI_step) refers to motordiagcurrent.o(i.MotorDiagCurrent_init) for MotorDiagCurrent_init
    motorapi.o(i.MotorAPI_step) refers to motordiagspeed.o(i.MotorDiagSpeed_init) for MotorDiagSpeed_init
    motorapi.o(i.MotorAPI_step) refers to motordiagbemf.o(i.MotorDiagBEMF_init) for MotorDiagBEMF_init
    motorapi.o(i.MotorAPI_step) refers to sdk.o(i.Sdk_diagBdrvOnShort) for Sdk_diagBdrvOnShort
    motorapi.o(i.MotorAPI_step) refers to motordiagcurrent.o(i.MotorDiagCurrent_step) for MotorDiagCurrent_step
    motorapi.o(i.MotorAPI_step) refers to motordiagspeed.o(i.MotorDiagSpeed_step) for MotorDiagSpeed_step
    motorapi.o(i.MotorAPI_step) refers to motordiagbemf.o(i.MotorDiagBEMF_step) for MotorDiagBEMF_step
    motorapi.o(i.MotorAPI_step) refers to mc.o(i.Mc_stopMotor) for Mc_stopMotor
    motorapi.o(i.MotorAPI_step) refers to mc.o(.bss) for McAPI
    motorapi.o(i.MotorAPI_step) refers to motorapi.o(.bss) for .bss
    motorapi.o(i.MotorAPI_step) refers to motorapi.o(.data) for .data
    motorapi.o(i.MotorAPI_step) refers to drvadc.o(.bss) for AdcResults
    motorapi.o(i.MotorAPI_step) refers to motordiagcurrent.o(.data) for IsMotorOverCurrent
    motorapi.o(i.MotorAPI_step) refers to motordiagspeed.o(.data) for IsMotorSpeedAbnormal
    motorapi.o(i.MotorAPI_step) refers to motordiagbemf.o(.data) for IsMotorBEMFAbnormal
    motorapi.o(i.MotorOffDiag) refers to motordiagprestart.o(i.MotorDiagPreStartState) for MotorDiagPreStartState
    motorapi.o(i.MotorOffDiag) refers to motorapi.o(.bss) for .bss
    motorapi.o(i.MotorOffDiag) refers to motorapi.o(.data) for .data
    motorapi.o(i.MotorOffDiag) refers to mc.o(.bss) for McAPI
    motorapi.o(i.MotorOffDiag) refers to motordiagprestart.o(.data) for BDRVDrvSts
    motorapi.o(i.limitRefSpeed) refers to mc.o(.bss) for McAPI
    dtc.o(i.DTC_getRecord) refers to dtc.o(.bss) for .bss
    dtc.o(i.DTC_init) refers to sdk.o(i.Sdk_getDFlashStartAddr) for Sdk_getDFlashStartAddr
    dtc.o(i.DTC_init) refers to sdk.o(i.Sdk_getDFlashBackUpAddr) for Sdk_getDFlashBackUpAddr
    dtc.o(i.DTC_init) refers to sdk.o(i.Sdk_readDFlash) for Sdk_readDFlash
    dtc.o(i.DTC_init) refers to dtc.o(i.isDtcDataValid) for isDtcDataValid
    dtc.o(i.DTC_init) refers to dtc.o(i.powerUpCntInc) for powerUpCntInc
    dtc.o(i.DTC_init) refers to dtc.o(i.dtcDataReset) for dtcDataReset
    dtc.o(i.DTC_init) refers to dtc.o(.data) for .data
    dtc.o(i.DTC_init) refers to dtc.o(.bss) for .bss
    dtc.o(i.DTC_step) refers to dtc.o(i.updateFaultRePowerInfo) for updateFaultRePowerInfo
    dtc.o(i.DTC_step) refers to dtc.o(i.updateFaultTotalCnt) for updateFaultTotalCnt
    dtc.o(i.DTC_step) refers to dtc.o(i.dtcDataReset) for dtcDataReset
    dtc.o(i.DTC_step) refers to sdk.o(i.Sdk_clrDFlashError) for Sdk_clrDFlashError
    dtc.o(i.DTC_step) refers to dtc.o(i.calDtcDataCheckSum) for calDtcDataCheckSum
    dtc.o(i.DTC_step) refers to sdk.o(i.Sdk_writeDFlash) for Sdk_writeDFlash
    dtc.o(i.DTC_step) refers to appmain.o(.bss) for Y
    dtc.o(i.DTC_step) refers to dtc.o(.bss) for .bss
    dtc.o(i.DTC_step) refers to motorapi.o(.bss) for MotorAPI
    dtc.o(i.DTC_step) refers to sdk.o(.data) for EcuFaults
    dtc.o(i.DTC_step) refers to dtc.o(.data) for .data
    dtc.o(i.DTC_step) refers to drvadc.o(.bss) for AdcResults
    dtc.o(i.calDtcDataCheckSum) refers to dtc.o(.bss) for .bss
    dtc.o(i.dtcDataReset) refers to dtc.o(.bss) for .bss
    dtc.o(i.isDtcDataValid) refers to dtc.o(i.calDtcDataCheckSum) for calDtcDataCheckSum
    dtc.o(i.isDtcDataValid) refers to dtc.o(.bss) for .bss
    dtc.o(i.powerUpCntInc) refers to dtc.o(.bss) for .bss
    dtc.o(i.updateFaultRePowerInfo) refers to dtc.o(.bss) for .bss
[...]
    i.SpeedDelayOut_Init                     0x1100515a   Section        0  pwmintargetspeedeval.o(i.SpeedDelayOut_Init)
    i.SysTick_Handler                        0x11005168   Section        0  isr.o(i.SysTick_Handler)
    i.SysTick_Init                           0x1100517c   Section        0  wdt1.o(i.SysTick_Init)
    i.SystemInit                             0x110051a4   Section        0  system_tle987x.o(i.SystemInit)
    i.T12_OM_Handler                         0x110051d4   Section        0  drvisr.o(i.T12_OM_Handler)
    i.T12_PM_Handler                         0x11005218   Section        0  drvisr.o(i.T12_PM_Handler)
    i.TIMER21_Init                           0x1100522c   Section        0  timer2x.o(i.TIMER21_Init)
    i.TIMER2_Init                            0x11005250   Section        0  timer2x.o(i.TIMER2_Init)
    i.TIMER3_Init                            0x11005270   Section        0  timer3.o(i.TIMER3_Init)
    i.TLE_Init                               0x11005272   Section        0  tle_device.o(i.TLE_Init)
    i.TerminalTest_step                      0x110052c8   Section        0  terminaltest.o(i.TerminalTest_step)
    i.Timer2CaptureHandler                   0x1100558c   Section        0  drvisr.o(i.Timer2CaptureHandler)
    i.Timer2OverflowHandler                  0x11005590   Section        0  drvisr.o(i.Timer2OverflowHandler)
    i.UART1_IRQHandler                       0x11005594   Section        0  isr.o(i.UART1_IRQHandler)
    i.UART1_Init                             0x110055cc   Section        0  uart.o(i.UART1_Init)
    i.UART2_IRQHandler                       0x110055d0   Section        0  isr.o(i.UART2_IRQHandler)
    i.UART2_Init                             0x11005610   Section        0  uart.o(i.UART2_Init)
    i.Uart2RxHandler                         0x1100563c   Section        0  drvisr.o(i.Uart2RxHandler)
    i.Uart2TxHandler                         0x11005640   Section        0  drvisr.o(i.Uart2TxHandler)
    i.UartDebug_step                         0x11005644   Section        0  uartdebug.o(i.UartDebug_step)
    i.UpdateStateCnt                         0x11005860   Section        0  rt_sys_ecufaultdiag_1.o(i.UpdateStateCnt)
    UpdateStateCnt                           0x11005861   Thumb Code    88  rt_sys_ecufaultdiag_1.o(i.UpdateStateCnt)
    i.UsageFault_Handler                     0x110058b8   Section        0  isr.o(i.UsageFault_Handler)
    i.VoltageDiag                            0x110058ba   Section        0  ecufaultdiag.o(i.VoltageDiag)
    i.VoltageDiag_Init                       0x110058d4   Section        0  ecufaultdiag.o(i.VoltageDiag_Init)
    i.WDT1_Init                              0x110058d8   Section        0  wdt1.o(i.WDT1_Init)
    i.WDT1_SOW_Service                       0x110058f0   Section        0  wdt1.o(i.WDT1_SOW_Service)
    i.WDT1_Service                           0x11005908   Section        0  wdt1.o(i.WDT1_Service)
    i.WDT1_Stop                              0x11005934   Section        0  wdt1.o(i.WDT1_Stop)
    i.__scatterload_copy                     0x11005942   Section       14  handlers.o(i.__scatterload_copy)
    i.__scatterload_null                     0x11005950   Section        2  handlers.o(i.__scatterload_null)
    i.__scatterload_zeroinit                 0x11005952   Section       14  handlers.o(i.__scatterload_zeroinit)
    i.asr_s32                                0x11005960   Section        0  appmain.o(i.asr_s32)
    i.calDtcDataCheckSum                     0x11005970   Section        0  dtc.o(i.calDtcDataCheckSum)
    calDtcDataCheckSum                       0x11005971   Thumb Code    36  dtc.o(i.calDtcDataCheckSum)
    i.calIShuntZero                          0x11005998   Section        0  ertmain.o(i.calIShuntZero)
    calIShuntZero                            0x11005999   Thumb Code    80  ertmain.o(i.calIShuntZero)
    i.div_nde_s32_floor                      0x110059f0   Section        0  appmain.o(i.div_nde_s32_floor)
    i.dtcDataReset                           0x11005a14   Section        0  dtc.o(i.dtcDataReset)
    dtcDataReset                             0x11005a15   Thumb Code    38  dtc.o(i.dtcDataReset)
    i.isDtcDataValid                         0x11005a40   Section        0  dtc.o(i.isDtcDataValid)
    isDtcDataValid                           0x11005a41   Thumb Code    34  dtc.o(i.isDtcDataValid)
    i.limitRefSpeed                          0x11005a68   Section        0  motorapi.o(i.limitRefSpeed)
    limitRefSpeed                            0x11005a69   Thumb Code    88  motorapi.o(i.limitRefSpeed)
    i.look1_is16lu32n16Ds32_binlcs           0x11005ac4   Section        0  appmain.o(i.look1_is16lu32n16Ds32_binlcs)
    i.main                                   0x11005b34   Section        0  main.o(i.main)
    i.powerUpCntInc                          0x11005b40   Section        0  dtc.o(i.powerUpCntInc)
    powerUpCntInc                            0x11005b41   Thumb Code    66  dtc.o(i.powerUpCntInc)
    i.updateAppMainInput                     0x11005b88   Section        0  ertmain.o(i.updateAppMainInput)
    updateAppMainInput                       0x11005b89   Thumb Code   162  ertmain.o(i.updateAppMainInput)
    i.updateFaultRePowerInfo                 0x11005c58   Section        0  dtc.o(i.updateFaultRePowerInfo)
    updateFaultRePowerInfo                   0x11005c59   Thumb Code    48  dtc.o(i.updateFaultRePowerInfo)
    i.updateFaultTotalCnt                    0x11005c90   Section        0  dtc.o(i.updateFaultTotalCnt)
    updateFaultTotalCnt                      0x11005c91   Thumb Code    32  dtc.o(i.updateFaultTotalCnt)
    .constdata                               0x11005cb8   Section        8  globalvars.o(.constdata)
    .constdata                               0x11005cc0   Section        2  mclib.o(.constdata)
    .constdata                               0x11005cc4   Section       24  mclib.o(.constdata)
    Buf_pCmpUpVal                            0x11005cc4   Data          12  mclib.o(.constdata)
    Buf_pCmpDownVal                          0x11005cd0   Data          12  mclib.o(.constdata)
    .constdata                               0x11005cdc   Section       36  sdkcfg.o(.constdata)
    .constdata                               0x11005d00   Section      160  drvadc.o(.constdata)
    NTCTabX                                  0x11005d00   Data          80  drvadc.o(.constdata)
    NTCTabY                                  0x11005d50   Data          80  drvadc.o(.constdata)
    .constdata                               0x11005da0   Section        4  appmain.o(.constdata)
    .constdata                               0x11005da4   Section       40  appmain_data.o(.constdata)
    .constdata                               0x11005dcc   Section      512  common.o(.constdata)
    CrcCcittTab                              0x11005dcc   Data         512  common.o(.constdata)
    .constdata                               0x11005fcc   Section     2050  table.o(.constdata)
    .constdata                               0x110067ce   Section     2068  table.o(.constdata)
    .constdata                               0x11006fe2   Section      512  table.o(.constdata)
    .constdata                               0x110071e4   Section        4  bootrom.o(.constdata)
    .constdata                               0x110071e8   Section        4  bootrom.o(.constdata)
    .constdata                               0x110071ec   Section        4  bootrom.o(.constdata)
    .constdata                               0x110071f0   Section        4  bootrom.o(.constdata)
    .ARM.__at_0x11007fe8                     0x11007fe8   Section        4  sdkcfg.o(.ARM.__at_0x11007fe8)
    .ARM.__at_0x11007fec                     0x11007fec   Section       12  globalvars.o(.ARM.__at_0x11007fec)
    .ARM.__at_0x11007FFC                     0x11007ffc   Section        4  system_tle987x.o(.ARM.__at_0x11007FFC)
    .data                                    0x18000018   Section       12  motorapi.o(.data)
    IsDiagRunning                            0x18000018   Data           1  motorapi.o(.data)
    IsDiagRunning                            0x18000019   Data           1  motorapi.o(.data)
    SpeedLp                                  0x1800001c   Data           8  motorapi.o(.data)
    .data                                    0x18000024   Section       12  dtc.o(.data)
    IsDTCDataChanged                         0x18000025   Data           1  dtc.o(.data)
    DFlashStartAddr                          0x18000028   Data           4  dtc.o(.data)
    DFlashBackUpAddr                         0x1800002c   Data           4  dtc.o(.data)
    .data                                    0x18000030   Section       17  fancomtest.o(.data)
    uart_sig_id                              0x18000030   Data           1  fancomtest.o(.data)
    uart_sig_ttbl                            0x18000031   Data           8  fancomtest.o(.data)
    uart_sig_rtbl                            0x18000039   Data           8  fancomtest.o(.data)
    .data                                    0x18000044   Section        4  globalvars.o(.data)
    .data                                    0x18000048   Section       12  ertmain.o(.data)
    IsInTestMode                             0x18000048   Data           1  ertmain.o(.data)
    FeedBackBusStatusLast                    0x18000049   Data           1  ertmain.o(.data)
    Ms5                                      0x1800004c   Data           2  ertmain.o(.data)
    Ms10                                     0x1800004e   Data           2  ertmain.o(.data)
    Ms50                                     0x18000050   Data           2  ertmain.o(.data)
    Ms100                                    0x18000052   Data           2  ertmain.o(.data)
    .data                                    0x18000054   Section       30  fcttest.o(.data)
    FctCmd                                   0x18000058   Data           1  fcttest.o(.data)
    FctTestPwmOut50HzEn                      0x18000059   Data           1  fcttest.o(.data)
    FctTestPwmOut100HzEn                     0x1800005a   Data           1  fcttest.o(.data)
    FctTestPwmOut100HzEnTmp                  0x1800005b   Data           1  fcttest.o(.data)
    IsPhaseVoltageAbnormal                   0x1800005c   Data           1  fcttest.o(.data)
    PhaseVoltageUCnt                         0x1800005d   Data           1  fcttest.o(.data)
    PhaseVoltageVCnt                         0x1800005e   Data           1  fcttest.o(.data)
    PhaseVoltageWCnt                         0x1800005f   Data           1  fcttest.o(.data)
    FctEntryTimeOutCnt                       0x18000060   Data           1  fcttest.o(.data)
    FctCmdLast                               0x18000061   Data           1  fcttest.o(.data)
    FctTxEn                                  0x18000062   Data           1  fcttest.o(.data)
    FctTxID                                  0x18000063   Data           1  fcttest.o(.data)
    StateTimeCnt                             0x18000064   Data           1  fcttest.o(.data)
    IsFrame3Send                             0x18000065   Data           1  fcttest.o(.data)
    FrameCnt                                 0x18000066   Data           1  fcttest.o(.data)
    Step                                     0x18000067   Data           1  fcttest.o(.data)
    BusSts                                   0x18000068   Data           1  fcttest.o(.data)
    BusSts                                   0x18000069   Data           1  fcttest.o(.data)
    PhaseVoltageUSum                         0x1800006a   Data           2  fcttest.o(.data)
    PhaseVoltageVSum                         0x1800006c   Data           2  fcttest.o(.data)
    PhaseVoltageWSum                         0x1800006e   Data           2  fcttest.o(.data)
    Duty                                     0x18000070   Data           2  fcttest.o(.data)
    .data                                    0x18000072   Section       20  terminaltest.o(.data)
    TernimalEntryTimeOutCnt                  0x18000074   Data           1  terminaltest.o(.data)
    ConfirmTimeCnt                           0x18000075   Data           1  terminaltest.o(.data)
    TestStep                                 0x18000076   Data           1  terminaltest.o(.data)
    FeedBackEn                               0x18000077   Data           1  terminaltest.o(.data)
    LastFeedBackEn                           0x18000078   Data           1  terminaltest.o(.data)
    PulseCnt                                 0x18000079   Data           1  terminaltest.o(.data)
    BusSts                                   0x1800007a   Data           1  terminaltest.o(.data)
    BusLowTime                               0x1800007e   Data           2  terminaltest.o(.data)
    BusHighTime                              0x18000080   Data           2  terminaltest.o(.data)
    BusLowTimeTmp                            0x18000082   Data           2  terminaltest.o(.data)
    BusHighTimeTmp                           0x18000084   Data           2  terminaltest.o(.data)
    .data                                    0x18000086   Section        4  motordiagcurrent.o(.data)
    OverCurrentTime                          0x18000088   Data           2  motordiagcurrent.o(.data)
    .data                                    0x1800008a   Section       10  motordiagspeed.o(.data)
    MotorSpeedAbnormalTime                   0x1800008c   Data           2  motordiagspeed.o(.data)
    MotorSpeedAccSampleTime                  0x1800008e   Data           2  motordiagspeed.o(.data)
    MotorSpeedAcc                            0x18000090   Data           2  motordiagspeed.o(.data)
    MotorSpeedLast                           0x18000092   Data           2  motordiagspeed.o(.data)
    .data                                    0x18000094   Section        4  motordiagbemf.o(.data)
    MotorBEMFOutRangeTime                    0x18000096   Data           2  motordiagbemf.o(.data)
    .data                                    0x18000098   Section        5  motordiagprestart.o(.data)
    ShortDiagDone                            0x18000098   Data           1  motordiagprestart.o(.data)
    OpenDiagDone                             0x18000099   Data           1  motordiagprestart.o(.data)
    FaultConfirmCnt                          0x1800009a   Data           1  motordiagprestart.o(.data)
    Step                                     0x1800009b   Data           1  motordiagprestart.o(.data)
    .data                                    0x180000a0   Section      132  mccfg.o(.data)
    .data                                    0x18000124   Section       32  mccfg.o(.data)
    .data                                    0x18000144   Section       32  mccfg.o(.data)
    .data                                    0x18000164   Section        2  mclowtask.o(.data)
    .data                                    0x18000168   Section       72  mclib.o(.data)
    flag                                     0x18000168   Data           1  mclib.o(.data)
    pShuntVoltage                            0x1800017c   Data           4  mclib.o(.data)
    p                                        0x18000180   Data           4  mclib.o(.data)
    pCmpVal                                  0x18000184   Data           4  mclib.o(.data)
    pCmpValBuf                               0x18000188   Data           4  mclib.o(.data)
    ci                                       0x18000190   Data           4  mclib.o(.data)
    t0Up                                     0x18000194   Data           4  mclib.o(.data)
    t0Down                                   0x18000198   Data           4  mclib.o(.data)
    t1Up                                     0x1800019c   Data           4  mclib.o(.data)
    t1Down                                   0x180001a0   Data           4  mclib.o(.data)
    t2Up                                     0x180001a4   Data           4  mclib.o(.data)
    t2Down                                   0x180001a8   Data           4  mclib.o(.data)
    .data                                    0x180001b0   Section        8  mchightask.o(.data)
    VoltBufIdx                               0x180001b0   Data           1  mchightask.o(.data)
    RunTime                                  0x180001b2   Data           2  mchightask.o(.data)
    p                                        0x180001b4   Data           4  mchightask.o(.data)
    .data                                    0x180001b8   Section       32  sdk.o(.data)
    VsdHighCnt                               0x180001b8   Data           2  sdk.o(.data)
    VsdLowCnt                                0x180001ba   Data           2  sdk.o(.data)
    VcpHighCnt                               0x180001bc   Data           2  sdk.o(.data)
    VcpLow1Cnt                               0x180001be   Data           2  sdk.o(.data)
    VcpLow2Cnt                               0x180001c0   Data           2  sdk.o(.data)
    Ref5VRstDelayCnt                         0x180001c2   Data           2  sdk.o(.data)
    int_was_mask                             0x180001c8   Data           4  sdk.o(.data)
    RamTestAddr                              0x180001cc   Data           4  sdk.o(.data)
    RamTestAddrVal                           0x180001d0   Data           4  sdk.o(.data)
    .data                                    0x180001d8   Section        1  drvisr.o(.data)
    McLowTaskTimeCnt                         0x180001d8   Data           1  drvisr.o(.data)
    .data                                    0x180001da   Section       16  drvpwmin.o(.data)
    FreqBuf                                  0x180001da   Data           2  drvpwmin.o(.data)
    DutyBuf                                  0x180001dc   Data           2  drvpwmin.o(.data)
    .data                                    0x180001ea   Section        2  appmain.o(.data)
    M_                                       0x180001ea   Data           2  appmain.o(.data)
    .data                                    0x180001ec   Section        8  uart.o(.data)
    uart1                                    0x180001ec   Data           4  uart.o(.data)
    uart2                                    0x180001f0   Data           4  uart.o(.data)
    .data                                    0x180001f4   Section        8  wdt1.o(.data)
    bSOWactive                               0x180001f4   Data           1  wdt1.o(.data)
    .bss                                     0x180001fc   Section       36  motorapi.o(.bss)
    .bss                                     0x18000220   Section      132  dtc.o(.bss)
    FaultFlagAndCnt                          0x18000266   Data          62  dtc.o(.bss)
    .bss                                     0x180002a4   Section       36  fancomtest.o(.bss)
    Uart_RxState_Machine                     0x180002a4   Data          18  fancomtest.o(.bss)
    Uart_TxState_Machine                     0x180002b6   Data          18  fancomtest.o(.bss)
    .bss                                     0x180002c8   Section       18  mc.o(.bss)
    .bss                                     0x180002dc   Section      124  mccfg.o(.bss)
    .bss                                     0x18000358   Section       16  mccfg.o(.bss)
    .bss                                     0x18000368   Section       40  mclib.o(.bss)
    .bss                                     0x18000390   Section       88  mclib.o(.bss)
    WmVar                                    0x18000390   Data          56  mclib.o(.bss)
    .bss                                     0x180003e8   Section      180  drvadc.o(.bss)
    BatLp                                    0x18000484   Data          12  drvadc.o(.bss)
    ShuntLp                                  0x18000490   Data          12  drvadc.o(.bss)
    .bss                                     0x1800049c   Section      192  drvpwmin.o(.bss)
    PwmInVar                                 0x1800049c   Data         192  drvpwmin.o(.bss)
    .bss                                     0x1800055c   Section      302  appmain.o(.bss)
    STACK                                    0x18000690   Section     1024  startup_tle987x.o(STACK)

    Global Symbols

    Symbol Name                              Value     Ov Type        Size  Object(Section)

    BuildAttributes$$THM_ISAv4$P$D$K$B$S$PE$A:L22UL41UL21$X:L11$S22US41US21$IEEE1$IW$USESV6$~STKCKD$USESV7$~SHL$OTIME$ROPI$EBA8$MICROLIB$REQ8$PRES8$EABIv2 0x00000000   Number         0  anon$$obj.o ABSOLUTE
    __ARM_use_no_argv                        0x00000000   Number         0  main.o ABSOLUTE
    __cpp_initialize__aeabi_                  - Undefined Weak Reference
    __cxa_finalize                            - Undefined Weak Reference
    _clock_init                               - Undefined Weak Reference
    _microlib_exit                            - Undefined Weak Reference
    __Vectors_Size                           0x00000080   Number         0  startup_tle987x.o ABSOLUTE
    __Vectors                                0x11000000   Data           4  startup_tle987x.o(RESET)
    __Vectors_End                            0x11000080   Data           0  startup_tle987x.o(RESET)
    __main                                   0x11000081   Thumb Code     0  entry.o(.ARM.Collect$$$$00000000)
    _main_stk                                0x11000081   Thumb Code     0  entry2.o(.ARM.Collect$$$$00000001)
    _main_scatterload                        0x11000085   Thumb Code     0  entry5.o(.ARM.Collect$$$$00000004)
    __main_after_scatterload                 0x11000089   Thumb Code     0  entry5.o(.ARM.Collect$$$$00000004)
    _main_clock                              0x11000089   Thumb Code     0  entry7b.o(.ARM.Collect$$$$00000008)
    _main_cpp_init                           0x11000089   Thumb Code     0  entry8b.o(.ARM.Collect$$$$0000000A)
    _main_init                               0x11000089   Thumb Code     0  entry9a.o(.ARM.Collect$$$$0000000B)
    __rt_final_cpp                           0x11000091   Thumb Code     0  entry10a.o(.ARM.Collect$$$$0000000D)
    __rt_final_exit                          0x11000091   Thumb Code     0  entry11a.o(.ARM.Collect$$$$0000000F)
    Reset_Handler                            0x11000095   Thumb Code     8  startup_tle987x.o(.text)
    SVC_Handler_main                         0x1100009d   Thumb Code     2  startup_tle987x.o(.text)
    NMI_Handler                              0x1100009f   Thumb Code     2  startup_tle987x.o(.text)
    DebugMon_Handler                         0x110000c1   Thumb Code     2  startup_tle987x.o(.text)
    PendSV_Handler                           0x110000c3   Thumb Code     2  startup_tle987x.o(.text)
    ADC1_IRQHandler                          0x110000c7   Thumb Code     0  startup_tle987x.o(.text)
    ADC2_IRQHandler                          0x110000c7   Thumb Code     0  startup_tle987x.o(.text)
    BDRV_IRQHandler                          0x110000c7   Thumb Code     0  startup_tle987x.o(.text)
    CCU6SR0_IRQHandler                       0x110000c7   Thumb Code     0  startup_tle987x.o(.text)
    CCU6SR2_IRQHandler                       0x110000c7   Thumb Code     0  startup_tle987x.o(.text)
    CCU6SR3_IRQHandler                       0x110000c7   Thumb Code     0  startup_tle987x.o(.text)
    DMA_IRQHandler                           0x110000c7   Thumb Code     0  startup_tle987x.o(.text)
    EXINT0_IRQHandler                        0x110000c7   Thumb Code     0  startup_tle987x.o(.text)
    EXINT1_IRQHandler                        0x110000c7   Thumb Code     0  startup_tle987x.o(.text)
    GPT2_IRQHandler                          0x110000c7   Thumb Code     0  startup_tle987x.o(.text)
    SSC1_IRQHandler                          0x110000c7   Thumb Code     0  startup_tle987x.o(.text)
    SSC2_IRQHandler                          0x110000c7   Thumb Code     0  startup_tle987x.o(.text)
    __aeabi_memcpy                           0x110000d5   Thumb Code    36  memcpya.o(.text)
    __aeabi_memcpy4                          0x110000d5   Thumb Code     0  memcpya.o(.text)
    __aeabi_memcpy8                          0x110000d5   Thumb Code     0  memcpya.o(.text)
    __aeabi_memset                           0x110000f9   Thumb Code    14  memseta.o(.text)
    __aeabi_memset4                          0x110000f9   Thumb Code     0  memseta.o(.text)
    __aeabi_memset8                          0x110000f9   Thumb Code     0  memseta.o(.text)
    __aeabi_memclr                           0x11000107   Thumb Code     4  memseta.o(.text)
    __aeabi_memclr4                          0x11000107   Thumb Code     0  memseta.o(.text)
    __aeabi_memclr8                          0x11000107   Thumb Code     0  memseta.o(.text)
    _memset$wrapper                          0x1100010b   Thumb Code    18  memseta.o(.text)
    __aeabi_fadd                             0x1100011d   Thumb Code   164  fadd.o(.text)
    __aeabi_fsub                             0x110001c1   Thumb Code     6  fadd.o(.text)
    __aeabi_frsub                            0x110001c7   Thumb Code     6  fadd.o(.text)
    __aeabi_fmul                             0x110001cd   Thumb Code   100  fmul.o(.text)
    __aeabi_fdiv                             0x11000231   Thumb Code   124  fdiv.o(.text)
    __aeabi_dmul                             0x110002ad   Thumb Code   228  dmul.o(.text)
    __aeabi_ddiv                             0x11000391   Thumb Code   222  ddiv.o(.text)
    __ARM_scalbn                             0x1100046f   Thumb Code    46  dscalb.o(.text)
    scalbn                                   0x1100046f   Thumb Code     0  dscalb.o(.text)
    __aeabi_i2f                              0x1100049d   Thumb Code    18  fflti.o(.text)
    __aeabi_ui2f                             0x110004af   Thumb Code    10  ffltui.o(.text)
    __aeabi_ui2d                             0x110004b9   Thumb Code    26  dfltui.o(.text)
    __aeabi_f2iz                             0x110004d3   Thumb Code    50  ffixi.o(.text)
    __aeabi_f2uiz                            0x11000505   Thumb Code    40  ffixui.o(.text)
    __aeabi_d2iz                             0x1100052d   Thumb Code    62  dfixi.o(.text)
    __aeabi_d2uiz                            0x1100056b   Thumb Code    50  dfixui.o(.text)
    __aeabi_f2d                              0x1100059d   Thumb Code    38  f2d.o(.text)
    __aeabi_d2f                              0x110005c3   Thumb Code    56  d2f.o(.text)
    __aeabi_cfrcmple                         0x110005fd   Thumb Code    20  cfrcmple.o(.text)
    __aeabi_llsl                             0x11000611   Thumb Code    30  llshl.o(.text)
    _ll_shift_l                              0x11000611   Thumb Code     0  llshl.o(.text)
    __aeabi_llsr                             0x1100062f   Thumb Code    32  llushr.o(.text)
    _ll_ushift_r                             0x1100062f   Thumb Code     0  llushr.o(.text)
    __I$use$fp                               0x1100064f   Thumb Code     0  iusefp.o(.text)
    _float_round                             0x1100064f   Thumb Code    18  fepilogue.o(.text)
    _float_epilogue                          0x11000661   Thumb Code    92  fepilogue.o(.text)
    _double_round                            0x110006bd   Thumb Code    30  depilogue.o(.text)
    _double_epilogue                         0x110006db   Thumb Code   156  depilogue.o(.text)
    __scatterload                            0x11000779   Thumb Code    28  init.o(.text)
    __scatterload_rt2                        0x11000779   Thumb Code     0  init.o(.text)
    __decompress                             0x1100079d   Thumb Code     0  __dczerorl2.o(.text)
    __decompress1                            0x1100079d   Thumb Code    86  __dczerorl2.o(.text)
    ADC1_GetChResult                         0x110007f5   Thumb Code    32  adc1.o(i.ADC1_GetChResult)
    ADC1_Init                                0x11000819   Thumb Code   110  adc1.o(i.ADC1_Init)
    ADC2_Init                                0x11000891   Thumb Code    72  adc2.o(i.ADC2_Init)
    AmbTOverDiag                             0x110008ed   Thumb Code   264  rt_sys_ecufaultdiag_1.o(i.AmbTOverDiag)
    AmbTOverDiag_Init                        0x110009f9   Thumb Code    20  rt_sys_ecufaultdiag_1.o(i.AmbTOverDiag_Init)
    AmbTemperatureDiag                       0x11000a0d   Thumb Code    28  ecufaultdiag.o(i.AmbTemperatureDiag)
    AmbTemperatureDiag_Init                  0x11000a29   Thumb Code     4  ecufaultdiag.o(i.AmbTemperatureDiag_Init)
    AppMain_initialize                       0x11000a2d   Thumb Code   108  appmain.o(i.AppMain_initialize)
    AppMain_step                             0x11000aa5   Thumb Code   456  appmain.o(i.AppMain_step)
    AppTimeBaseHandler                       0x11000c75   Thumb Code    56  drvisr.o(i.AppTimeBaseHandler)
    BDRV_Clr_Sts                             0x11000cbd   Thumb Code     8  bdrv.o(i.BDRV_Clr_Sts)
    BDRV_Init                                0x11000cc9   Thumb Code    68  bdrv.o(i.BDRV_Init)
    BDRV_Set_Bridge                          0x11000d25   Thumb Code   104  bdrv.o(i.BDRV_Set_Bridge)
    BufDataSameFirstCnt                      0x11000d91   Thumb Code    96  pwmintargetspeedeval.o(i.BufDataSameFirstCnt)
    BusFault_Handler                         0x11000df1   Thumb Code     2  isr.o(i.BusFault_Handler)
    CCU6SR1_IRQHandler                       0x11000df5   Thumb Code    72  isr.o(i.CCU6SR1_IRQHandler)
    CCU6_Init                                0x11000e45   Thumb Code   110  ccu6.o(i.CCU6_Init)
    CSA_Init                                 0x11000eb9   Thumb Code    16  csa.o(i.CSA_Init)
    Common_calcCrc16Ccitt                    0x11000ecd   Thumb Code    36  common.o(i.Common_calcCrc16Ccitt)
    Common_cpMemory                          0x11000ef5   Thumb Code    20  common.o(i.Common_cpMemory)
    Common_exeLookUpTable                    0x11000f09   Thumb Code   110  common.o(i.Common_exeLookUpTable)
    Common_setStatusDelay                    0x11000f77   Thumb Code    30  common.o(i.Common_setStatusDelay)
    DMA_Init                                 0x11000f95   Thumb Code    12  dma.o(i.DMA_Init)
    DTC_getRecord                            0x11000fa9   Thumb Code    30  dtc.o(i.DTC_getRecord)
    DTC_init                                 0x11000fcd   Thumb Code    66  dtc.o(i.DTC_init)
    DTC_step                                 0x11001019   Thumb Code   582  dtc.o(i.DTC_step)
    DelayOut                                 0x11001279   Thumb Code   126  feedback.o(i.DelayOut)
    DelayOut_Init                            0x110012f7   Thumb Code    12  feedback.o(i.DelayOut_Init)
    DelayOut_kj4v                            0x11001303   Thumb Code   126  feedback.o(i.DelayOut_kj4v)
    DelayOut_pw2c_Init                       0x11001381   Thumb Code    12  feedback.o(i.DelayOut_pw2c_Init)
    Delay_us                                 0x1100138d   Thumb Code    80  wdt1.o(i.Delay_us)
    DrvAdc_calPhaseVoltage                   0x110013dd   Thumb Code    88  drvadc.o(i.DrvAdc_calPhaseVoltage)
    DrvAdc_calcIShuntZero                    0x11001439   Thumb Code   132  drvadc.o(i.DrvAdc_calcIShuntZero)
    DrvAdc_init                              0x110014c5   Thumb Code    58  drvadc.o(i.DrvAdc_init)
    DrvAdc_step                              0x11001505   Thumb Code   300  drvadc.o(i.DrvAdc_step)
    DrvPwmIn_capHandler                      0x11001659   Thumb Code   158  drvpwmin.o(i.DrvPwmIn_capHandler)
    DrvPwmIn_capTmrOverFlowHandler           0x11001701   Thumb Code    56  drvpwmin.o(i.DrvPwmIn_capTmrOverFlowHandler)
    DrvPwmIn_step                            0x1100173d   Thumb Code   332  drvpwmin.o(i.DrvPwmIn_step)
    DutyBufUpdate                            0x110018a1   Thumb Code    30  pwmintargetspeedeval.o(i.DutyBufUpdate)
    DutyFilter                               0x110018bf   Thumb Code   202  pwmintargetspeedeval.o(i.DutyFilter)
    DutyFilter_Init                          0x11001989   Thumb Code    22  pwmintargetspeedeval.o(i.DutyFilter_Init)
    DutyFilter_Reset                         0x1100199f   Thumb Code    18  pwmintargetspeedeval.o(i.DutyFilter_Reset)
    ECUFaultDiag                             0x110019b1   Thumb Code    62  ecufaultdiag.o(i.ECUFaultDiag)
    ECUFaultDiag_Init                        0x110019ef   Thumb Code    30  ecufaultdiag.o(i.ECUFaultDiag_Init)
    ErtMain                                  0x11001a0d   Thumb Code   342  ertmain.o(i.ErtMain)
    FanComTest_getRxID                       0x11001b91   Thumb Code     6  fancomtest.o(i.FanComTest_getRxID)
    FanComTest_readU8                        0x11001bad   Thumb Code    14  fancomtest.o(i.FanComTest_readU8)
    FanComTest_rstU8                         0x11001bc1   Thumb Code    12  fancomtest.o(i.FanComTest_rstU8)
    FanComTest_rxHandler                     0x11001bd1   Thumb Code   200  fancomtest.o(i.FanComTest_rxHandler)
    FanComTest_startFrameTx                  0x11001ca1   Thumb Code    38  fancomtest.o(i.FanComTest_startFrameTx)
    FanComTest_txHandler                     0x11001cd1   Thumb Code    98  fancomtest.o(i.FanComTest_txHandler)
    FanComTest_writeS16                      0x11001d39   Thumb Code    32  fancomtest.o(i.FanComTest_writeS16)
    FanComTest_writeU16                      0x11001d5d   Thumb Code    32  fancomtest.o(i.FanComTest_writeU16)
    FanComTest_writeU8                       0x11001d81   Thumb Code    10  fancomtest.o(i.FanComTest_writeU8)
    FctTest_genPwmOut100Hz50Duty             0x11001d91   Thumb Code    38  fcttest.o(i.FctTest_genPwmOut100Hz50Duty)
    FctTest_genPwmOut50Hz50Duty              0x11001dbd   Thumb Code    58  fcttest.o(i.FctTest_genPwmOut50Hz50Duty)
    FctTest_samplePhaseVoltage               0x11001dfd   Thumb Code   156  fcttest.o(i.FctTest_samplePhaseVoltage)
    FctTest_step                             0x11001ea1   Thumb Code   780  fcttest.o(i.FctTest_step)
    FctTest_testBDRV                         0x110021c5   Thumb Code   124  fcttest.o(i.FctTest_testBDRV)
    FeedBack                                 0x11002245   Thumb Code   398  feedback.o(i.FeedBack)
    FeedBackDelay                            0x110023e9   Thumb Code    54  feedback.o(i.FeedBackDelay)
    FeedBackDelay4                           0x1100241f   Thumb Code    54  feedback.o(i.FeedBackDelay4)
    FeedBackDelay4_Init                      0x11002455   Thumb Code     6  feedback.o(i.FeedBackDelay4_Init)
    FeedBackDelay_Init                       0x1100245b   Thumb Code     6  feedback.o(i.FeedBackDelay_Init)
    FeedBack_Init                            0x11002461   Thumb Code   108  feedback.o(i.FeedBack_Init)
    FreqValidJudge                           0x110024d5   Thumb Code   150  pwmintargetspeedeval.o(i.FreqValidJudge)
    FreqValidJudge_Init                      0x1100256b   Thumb Code    14  pwmintargetspeedeval.o(i.FreqValidJudge_Init)
    FreqValidJudge_Reset                     0x11002579   Thumb Code    14  pwmintargetspeedeval.o(i.FreqValidJudge_Reset)
    GPT12E_Init                              0x11002589   Thumb Code    56  gpt12e.o(i.GPT12E_Init)
    GPT1_IRQHandler                          0x110025c5   Thumb Code    58  isr.o(i.GPT1_IRQHandler)
    GPT1_T2_Handler                          0x11002605   Thumb Code    84  drvisr.o(i.GPT1_T2_Handler)
    GPT1_T4_Handler                          0x11002669   Thumb Code     2  drvisr.o(i.GPT1_T4_Handler)
    HardFault_Handler                        0x1100266b   Thumb Code     2  isr.o(i.HardFault_Handler)
    INT_Init                                 0x1100266d   Thumb Code   128  int.o(i.INT_Init)
    LIN_Init                                 0x11002709   Thumb Code     2  lin.o(i.LIN_Init)
    MON_Init                                 0x1100270d   Thumb Code    10  mon.o(i.MON_Init)
    McWm_init                                0x110027f9   Thumb Code    56  mclib.o(i.McWm_init)
    McWm_step                                0x11002839   Thumb Code   636  mclib.o(i.McWm_step)
    Mc_HighTask                              0x11002ac5   Thumb Code   584  mchightask.o(i.Mc_HighTask)
    Mc_LowTask                               0x11002d29   Thumb Code   602  mclowtask.o(i.Mc_LowTask)
    Mc_PwmPeriodHandler                      0x11002fb1   Thumb Code   150  mclib.o(i.Mc_PwmPeriodHandler)
    Mc_PwmStartHandler                       0x11003055   Thumb Code   170  mclib.o(i.Mc_PwmStartHandler)
    Mc_T2C                                   0x11003111   Thumb Code   316  mclib.o(i.Mc_T2C)
    Mc_calcPhaseOffset                       0x1100337d   Thumb Code    60  mcphaseoffset.o(i.Mc_calcPhaseOffset)
    Mc_exePhaseCtrl                          0x110033c5   Thumb Code   184  mcsd.o(i.Mc_exePhaseCtrl)
    Mc_exeSvm                                0x11003491   Thumb Code   202  mclib.o(i.Mc_exeSvm)
    Mc_init                                  0x11003569   Thumb Code    20  mc.o(i.Mc_init)
    Mc_setPhaseVoltSample                    0x110038d9   Thumb Code   110  mcsd.o(i.Mc_setPhaseVoltSample)
    Mc_startMotor                            0x11003959   Thumb Code    26  mc.o(i.Mc_startMotor)
    Mc_stopMotor                             0x11003979   Thumb Code    88  mc.o(i.Mc_stopMotor)
    MemManage_Handler                        0x110039e1   Thumb Code     2  isr.o(i.MemManage_Handler)
    MotorAPI_init                            0x110039e5   Thumb Code    30  motorapi.o(i.MotorAPI_init)
    MotorAPI_setSpeed                        0x11003a0d   Thumb Code    84  motorapi.o(i.MotorAPI_setSpeed)
    MotorAPI_step                            0x11003a69   Thumb Code   348  motorapi.o(i.MotorAPI_step)
    MotorDiagBEMF_init                       0x11003be1   Thumb Code    10  motordiagbemf.o(i.MotorDiagBEMF_init)
    MotorDiagBEMF_step                       0x11003bf1   Thumb Code    66  motordiagbemf.o(i.MotorDiagBEMF_step)
    MotorDiagCurrent_init                    0x11003c3d   Thumb Code    10  motordiagcurrent.o(i.MotorDiagCurrent_init)
    MotorDiagCurrent_step                    0x11003c4d   Thumb Code    62  motordiagcurrent.o(i.MotorDiagCurrent_step)
    MotorDiagPreStartState                   0x11003dbd   Thumb Code    80  motordiagprestart.o(i.MotorDiagPreStartState)
    MotorDiagSpeed_init                      0x11003e11   Thumb Code    24  motordiagspeed.o(i.MotorDiagSpeed_init)
    MotorDiagSpeed_step                      0x11003e31   Thumb Code   158  motordiagspeed.o(i.MotorDiagSpeed_step)
    MotorRestartAndFaultCnt                  0x11003f8d   Thumb Code   380  motorrestartandfaultcnt.o(i.MotorRestartAndFaultCnt)
    MotorRestartAndFaultCnt_Init             0x11004109   Thumb Code    18  motorrestartandfaultcnt.o(i.MotorRestartAndFaultCnt_Init)
    MotorTargetSpeedMux                      0x1100411b   Thumb Code    16  motortargetspeedmux.o(i.MotorTargetSpeedMux)
    PMU_Init                                 0x1100412d   Thumb Code    68  pmu.o(i.PMU_Init)
    PORT_Init                                0x11004175   Thumb Code    70  port.o(i.PORT_Init)
    ProgramPage                              0x110041c1   Thumb Code   110  bootrom.o(i.ProgramPage)
    PwmInNotShort                            0x11004231   Thumb Code    96  pwmintargetspeedeval.o(i.PwmInNotShort)
    PwmInNotShort_Disable                    0x11004299   Thumb Code    20  pwmintargetspeedeval.o(i.PwmInNotShort_Disable)
    PwmInNotShort_Init                       0x110042b1   Thumb Code    28  pwmintargetspeedeval.o(i.PwmInNotShort_Init)
    PwmInNotShort_Reset                      0x110042d5   Thumb Code    18  pwmintargetspeedeval.o(i.PwmInNotShort_Reset)
    PwmInParamEval                           0x110042ed   Thumb Code    16  pwminparameval.o(i.PwmInParamEval)
    PwmInShort                               0x11004305   Thumb Code    64  pwmintargetspeedeval.o(i.PwmInShort)
    PwmInShort_Init                          0x11004351   Thumb Code    12  pwmintargetspeedeval.o(i.PwmInShort_Init)
    PwmInShort_Reset                         0x11004361   Thumb Code    12  pwmintargetspeedeval.o(i.PwmInShort_Reset)
    PwmInTargetSpeedEval                     0x11004371   Thumb Code   454  pwmintargetspeedeval.o(i.PwmInTargetSpeedEval)
    PwmInTargetSpeedEval_Init                0x1100454d   Thumb Code    48  pwmintargetspeedeval.o(i.PwmInTargetSpeedEval_Init)
    PwmInshortDetect                         0x11004585   Thumb Code    46  pwminparameval.o(i.PwmInshortDetect)
    SCU_ClkInit                              0x110045bd   Thumb Code   318  scu.o(i.SCU_ClkInit)
    SCU_EnterSleepMode                       0x11004705   Thumb Code    70  scu.o(i.SCU_EnterSleepMode)
    SCU_Init                                 0x11004759   Thumb Code    52  scu.o(i.SCU_Init)
    SDK_stopBdrvTest                         0x1100478d   Thumb Code     4  sdk.o(i.SDK_stopBdrvTest)
    SSC1_Init                                0x11004791   Thumb Code    26  ssc.o(i.SSC1_Init)
    SSC2_Init                                0x110047b1   Thumb Code    24  ssc.o(i.SSC2_Init)
    Sdk_closeBdrv                            0x1100489d   Thumb Code    20  sdk.o(i.Sdk_closeBdrv)
    Sdk_clrBdrvError                         0x110048b1   Thumb Code    24  sdk.o(i.Sdk_clrBdrvError)
    Sdk_clrDFlashError                       0x110048d1   Thumb Code    22  sdk.o(i.Sdk_clrDFlashError)
    Sdk_clrPwmOut                            0x110048ed   Thumb Code    12  sdk.o(i.Sdk_clrPwmOut)
    Sdk_clrPwmOutPin                         0x110048fd   Thumb Code    12  sdk.o(i.Sdk_clrPwmOutPin)
    Sdk_diagBdrvOnShort                      0x1100490d   Thumb Code    66  sdk.o(i.Sdk_diagBdrvOnShort)
    Sdk_diagEcuFault                         0x11004959   Thumb Code   514  sdk.o(i.Sdk_diagEcuFault)
    Sdk_enterCritical                        0x11004bc1   Thumb Code    16  sdk.o(i.Sdk_enterCritical)
    Sdk_enterSleep                           0x11004bd5   Thumb Code     4  sdk.o(i.Sdk_enterSleep)
    Sdk_eraseDFlash                          0x11004bd9   Thumb Code    32  sdk.o(i.Sdk_eraseDFlash)
    Sdk_exitCritical                         0x11004c05   Thumb Code    12  sdk.o(i.Sdk_exitCritical)
    Sdk_feedWDog                             0x11004c15   Thumb Code     4  sdk.o(i.Sdk_feedWDog)
    Sdk_floatBdrv                            0x11004c19   Thumb Code    20  sdk.o(i.Sdk_floatBdrv)
    Sdk_getAdcRawData                        0x11004c2d   Thumb Code   112  sdk.o(i.Sdk_getAdcRawData)
    Sdk_getDFlashBackUpAddr                  0x11004ca1   Thumb Code     6  sdk.o(i.Sdk_getDFlashBackUpAddr)
    Sdk_getDFlashStartAddr                   0x11004cad   Thumb Code     6  sdk.o(i.Sdk_getDFlashStartAddr)
    Sdk_getIGSts                             0x11004cb9   Thumb Code    18  sdk.o(i.Sdk_getIGSts)
    Sdk_getPwmInBusSts                       0x11004cd1   Thumb Code    10  sdk.o(i.Sdk_getPwmInBusSts)
    Sdk_getPwmInCapVal                       0x11004ce1   Thumb Code    16  sdk.o(i.Sdk_getPwmInCapVal)
    Sdk_initHw                               0x11004cf5   Thumb Code    96  sdk.o(i.Sdk_initHw)
    Sdk_initPwmOut                           0x11004d69   Thumb Code    16  sdk.o(i.Sdk_initPwmOut)
    Sdk_isPwmInCap                           0x11004d7d   Thumb Code    10  sdk.o(i.Sdk_isPwmInCap)
    Sdk_isPwmInIsCapTmrRunning               0x11004d8d   Thumb Code    10  sdk.o(i.Sdk_isPwmInIsCapTmrRunning)
    Sdk_openBdrv                             0x11004d9d   Thumb Code    20  sdk.o(i.Sdk_openBdrv)
    Sdk_openBdrvUV                           0x11004db1   Thumb Code    30  sdk.o(i.Sdk_openBdrvUV)
    Sdk_openBdrvVW                           0x11004dd5   Thumb Code    30  sdk.o(i.Sdk_openBdrvVW)
    Sdk_openBdrvWU                           0x11004df9   Thumb Code    30  sdk.o(i.Sdk_openBdrvWU)
    Sdk_readDFlash                           0x11004e1d   Thumb Code    20  sdk.o(i.Sdk_readDFlash)
    Sdk_readUartU8                           0x11004e31   Thumb Code     6  sdk.o(i.Sdk_readUartU8)
    Sdk_rstChip                              0x11004e3d   Thumb Code     8  sdk.o(i.Sdk_rstChip)
    Sdk_rstPwmInCapTmr                       0x11004e49   Thumb Code    24  sdk.o(i.Sdk_rstPwmInCapTmr)
    Sdk_setBdrvDuty                          0x11004e65   Thumb Code    84  sdk.o(i.Sdk_setBdrvDuty)
    Sdk_setPwmInCapRisingEdge                0x11004ebd   Thumb Code    12  sdk.o(i.Sdk_setPwmInCapRisingEdge)
    Sdk_setPwmOut                            0x11004ecd   Thumb Code    12  sdk.o(i.Sdk_setPwmOut)
    Sdk_setPwmOutPin                         0x11004edd   Thumb Code    12  sdk.o(i.Sdk_setPwmOutPin)
    Sdk_setUHigh                             0x11004eed   Thumb Code    24  sdk.o(i.Sdk_setUHigh)
    Sdk_startBdrvTest                        0x11004f65   Thumb Code    74  sdk.o(i.Sdk_startBdrvTest)
    Sdk_startMotorHw                         0x11004fbd   Thumb Code    36  sdk.o(i.Sdk_startMotorHw)
    Sdk_stopMotorHw                          0x11004fe5   Thumb Code    36  sdk.o(i.Sdk_stopMotorHw)
    Sdk_writeDFlash                          0x1100500d   Thumb Code    66  sdk.o(i.Sdk_writeDFlash)
    Sdk_writeUartU8                          0x11005055   Thumb Code    14  sdk.o(i.Sdk_writeUartU8)
    Short                                    0x11005069   Thumb Code    38  motorrestartandfaultcnt.o(i.Short)
    SleepMode                                0x1100508f   Thumb Code   114  sleepmode.o(i.SleepMode)
    SleepMode_Init                           0x11005101   Thumb Code    20  sleepmode.o(i.SleepMode_Init)
    SpeedDelayOut                            0x11005115   Thumb Code    70  pwmintargetspeedeval.o(i.SpeedDelayOut)
    SpeedDelayOut_Init                       0x1100515b   Thumb Code    12  pwmintargetspeedeval.o(i.SpeedDelayOut_Init)
    SysTick_Handler                          0x11005169   Thumb Code    16  isr.o(i.SysTick_Handler)
    SysTick_Init                             0x1100517d   Thumb Code    40  wdt1.o(i.SysTick_Init)
    SystemInit                               0x110051a5   Thumb Code    34  system_tle987x.o(i.SystemInit)
    T12_OM_Handler                           0x110051d5   Thumb Code    54  drvisr.o(i.T12_OM_Handler)
    T12_PM_Handler                           0x11005219   Thumb Code    14  drvisr.o(i.T12_PM_Handler)
    TIMER21_Init                             0x1100522d   Thumb Code    30  timer2x.o(i.TIMER21_Init)
    TIMER2_Init                              0x11005251   Thumb Code    26  timer2x.o(i.TIMER2_Init)
    TIMER3_Init                              0x11005271   Thumb Code     2  timer3.o(i.TIMER3_Init)
    TLE_Init                                 0x11005273   Thumb Code    86  tle_device.o(i.TLE_Init)
    TerminalTest_step                        0x110052c9   Thumb Code   688  terminaltest.o(i.TerminalTest_step)
    Timer2CaptureHandler                     0x1100558d   Thumb Code     4  drvisr.o(i.Timer2CaptureHandler)
    Timer2OverflowHandler                    0x11005591   Thumb Code     4  drvisr.o(i.Timer2OverflowHandler)
    UART1_IRQHandler                         0x11005595   Thumb Code    48  isr.o(i.UART1_IRQHandler)
    UART1_Init                               0x110055cd   Thumb Code     2  uart.o(i.UART1_Init)
    UART2_IRQHandler                         0x110055d1   Thumb Code    56  isr.o(i.UART2_IRQHandler)
    UART2_Init                               0x11005611   Thumb Code    36  uart.o(i.UART2_Init)
    Uart2RxHandler                           0x1100563d   Thumb Code     4  drvisr.o(i.Uart2RxHandler)
    Uart2TxHandler                           0x11005641   Thumb Code     4  drvisr.o(i.Uart2TxHandler)
    UartDebug_step                           0x11005645   Thumb Code   512  uartdebug.o(i.UartDebug_step)
    UsageFault_Handler                       0x110058b9   Thumb Code     2  isr.o(i.UsageFault_Handler)
    VoltageDiag                              0x110058bb   Thumb Code    26  ecufaultdiag.o(i.VoltageDiag)
    VoltageDiag_Init                         0x110058d5   Thumb Code     4  ecufaultdiag.o(i.VoltageDiag_Init)
    WDT1_Init                                0x110058d9   Thumb Code    16  wdt1.o(i.WDT1_Init)
    WDT1_SOW_Service                         0x110058f1   Thumb Code    16  wdt1.o(i.WDT1_SOW_Service)
    WDT1_Service                             0x11005909   Thumb Code    34  wdt1.o(i.WDT1_Service)
    WDT1_Stop                                0x11005935   Thumb Code    14  wdt1.o(i.WDT1_Stop)
    __scatterload_copy                       0x11005943   Thumb Code    14  handlers.o(i.__scatterload_copy)
    __scatterload_null                       0x11005951   Thumb Code     2  handlers.o(i.__scatterload_null)
    __scatterload_zeroinit                   0x11005953   Thumb Code    14  handlers.o(i.__scatterload_zeroinit)
    asr_s32                                  0x11005961   Thumb Code    16  appmain.o(i.asr_s32)
    div_nde_s32_floor                        0x110059f1   Thumb Code    34  appmain.o(i.div_nde_s32_floor)
    look1_is16lu32n16Ds32_binlcs             0x11005ac5   Thumb Code   112  appmain.o(i.look1_is16lu32n16Ds32_binlcs)
    main                                     0x11005b35   Thumb Code    10  main.o(i.main)
    ProductVersion                           0x11005cb8   Data           8  globalvars.o(.constdata)
    McLibVer                                 0x11005cc0   Data           2  mclib.o(.constdata)
    SdkCfg                                   0x11005cdc   Data          36  sdkcfg.o(.constdata)
    M                                        0x11005da0   Data           4  appmain.o(.constdata)
    ConstP                                   0x11005da4   Data          40  appmain_data.o(.constdata)
    Table_ArcTan                             0x11005fcc   Data        2050  table.o(.constdata)
    Table_Amp                                0x110067ce   Data        2068  table.o(.constdata)
    Table_Sin60                              0x11006fe2   Data         512  table.o(.constdata)
    USER_CFLASH_WR_PROT_EN                   0x110071e4   Data           4  bootrom.o(.constdata)
    USER_MAPRAM_INIT                         0x110071e8   Data           4  bootrom.o(.constdata)
    USER_ERASE_SECTOR                        0x110071ec   Data           4  bootrom.o(.constdata)
    USER_NVM_ECC_CHECK                       0x110071f0   Data           4  bootrom.o(.constdata)
    Region$$Table$$Base                      0x110071f4   Number         0  anon$$obj.o(Region$$Table)
    Region$$Table$$Limit                     0x11007214   Number         0  anon$$obj.o(Region$$Table)
    CFlashChkSumStored                       0x11007fe8   Data           4  sdkcfg.o(.ARM.__at_0x11007fe8)
    BarCode                                  0x11007fec   Data          12  globalvars.o(.ARM.__at_0x11007fec)
    p_NACNAD                                 0x11007ffc   Data           4  system_tle987x.o(.ARM.__at_0x11007FFC)
    DtcDataSwRstEn                           0x18000024   Data           1  dtc.o(.data)
    DTCVarLen                                0x18000026   Data           2  dtc.o(.data)
    PowerUpTimeMs                            0x18000044   Data           4  globalvars.o(.data)
    Ms1                                      0x1800004a   Data           2  ertmain.o(.data)
    IsInFctTestMode                          0x18000054   Data           1  fcttest.o(.data)
    FctTestMOSEn                             0x18000055   Data           1  fcttest.o(.data)
    FctTestMOSEnd                            0x18000056   Data           1  fcttest.o(.data)
    FctTestSleepEn                           0x18000057   Data           1  fcttest.o(.data)
    IsInTerminalTestMode                     0x18000072   Data           1  terminaltest.o(.data)
    TerminalTestSleepEn                      0x18000073   Data           1  terminaltest.o(.data)
    TernimalTestSpeed                        0x1800007c   Data           2  terminaltest.o(.data)
    IsMotorOverCurrent                       0x18000086   Data           1  motordiagcurrent.o(.data)
    IsMotorSpeedAbnormal                     0x1800008a   Data           1  motordiagspeed.o(.data)
    MotorSpeedAbnormalFlag                   0x1800008b   Data           1  motordiagspeed.o(.data)
    IsMotorBEMFAbnormal                      0x18000094   Data           1  motordiagbemf.o(.data)
    BDRVDrvSts                               0x1800009c   Data           1  motordiagprestart.o(.data)
    McCfg                                    0x180000a0   Data         132  mccfg.o(.data)
    MaxRefCurrLimitTab_X                     0x18000124   Data          32  mccfg.o(.data)
    MaxRefCurrLimitTab_Y                     0x18000144   Data          32  mccfg.o(.data)
    StartTimeOutCnt                          0x18000164   Data           2  mclowtask.o(.data)
    PhaseVoltageRisingEdge                   0x1800016a   Data           2  mclib.o(.data)
    PhaseVoltageFallingEdge                  0x1800016c   Data           2  mclib.o(.data)
    PhaseVoltageCnt                          0x1800016e   Data           2  mclib.o(.data)
    DcVoltage                                0x18000170   Data           2  mclib.o(.data)
    AdcResult0                               0x18000172   Data           2  mclib.o(.data)
    AdcResult1                               0x18000174   Data           2  mclib.o(.data)
    BemfAmpFlt                               0x18000176   Data           2  mclib.o(.data)
    PhaseVoltageSum                          0x18000178   Data           4  mclib.o(.data)
    BemFAmpLpA                               0x1800018c   Data           4  mclib.o(.data)
    pPhaseVoltageResultRegister              0x180001ac   Data           4  mclib.o(.data)
    CFlashChkSumCalc                         0x180001c4   Data           4  sdk.o(.data)
    EcuFaults                                0x180001d4   Data           4  sdk.o(.data)
    PwmInAPI                                 0x180001de   Data          12  drvpwmin.o(.data)
    WD_Counter                               0x180001f8   Data           4  wdt1.o(.data)
    MotorAPI                                 0x180001fc   Data          36  motorapi.o(.bss)
    DtcData                                  0x18000220   Data          70  dtc.o(.bss)
    McAPI                                    0x180002c8   Data          18  mc.o(.bss)
    McCtrl                                   0x180002dc   Data         124  mccfg.o(.bss)
    McSvm                                    0x18000358   Data          16  mccfg.o(.bss)
    PwmOutBuf                                0x18000368   Data          40  mclib.o(.bss)
    WmAPI                                    0x180003c8   Data          32  mclib.o(.bss)
    AdcResults                               0x180003e8   Data         156  drvadc.o(.bss)
    B                                        0x1800055c   Data          56  appmain.o(.bss)
    DW                                       0x18000594   Data         202  appmain.o(.bss)
    U                                        0x1800065e   Data          28  appmain.o(.bss)
    Y                                        0x1800067a   Data          16  appmain.o(.bss)
    __initial_sp                             0x18000a90   Data           0  startup_tle987x.o(STACK)



==============================================================================

Memory Map of the image

  Image Entry point : 0x11000081

  Load Region LR_IROM1 (Base: 0x11000000, Size: 0x000073f8, Max: 0x00007fe8, ABSOLUTE, COMPRESSED[0x000072ec])

    Execution Region ER_IROM1 (Base: 0x11000000, Size: 0x00007214, Max: 0x00007fe8, ABSOLUTE)

    Base Addr    Size         Type   Attr      Idx    E Section Name        Object

    0x11000000   0x00000080   Data   RO         3119    RESET               startup_tle987x.o
    0x11000080   0x00000000   Code   RO         3432  * .ARM.Collect$$$$00000000  mc_w.l(entry.o)
    0x11000080   0x00000004   Code   RO         3475    .ARM.Collect$$$$00000001  mc_w.l(entry2.o)
    0x11000084   0x00000004   Code   RO         3478    .ARM.Collect$$$$00000004  mc_w.l(entry5.o)
    0x11000088   0x00000000   Code   RO         3480    .ARM.Collect$$$$00000008  mc_w.l(entry7b.o)
    0x11000088   0x00000000   Code   RO         3482    .ARM.Collect$$$$0000000A  mc_w.l(entry8b.o)
    0x11000088   0x00000008   Code   RO         3483    .ARM.Collect$$$$0000000B  mc_w.l(entry9a.o)
    0x11000090   0x00000000   Code   RO         3485    .ARM.Collect$$$$0000000D  mc_w.l(entry10a.o)
    0x11000090   0x00000000   Code   RO         3487    .ARM.Collect$$$$0000000F  mc_w.l(entry11a.o)
    0x11000090   0x00000004   Code   RO         3476    .ARM.Collect$$$$00002712  mc_w.l(entry2.o)
    0x11000094   0x00000040   Code   RO         3120    .text               startup_tle987x.o
    0x110000d4   0x00000024   Code   RO         3437    .text               mc_w.l(memcpya.o)
    0x110000f8   0x00000024   Code   RO         3439    .text               mc_w.l(memseta.o)
    0x1100011c   0x000000b0   Code   RO         3443    .text               mf_w.l(fadd.o)
    0x110001cc   0x00000064   Code   RO         3445    .text               mf_w.l(fmul.o)
    0x11000230   0x0000007c   Code   RO         3447    .text               mf_w.l(fdiv.o)
    0x110002ac   0x000000e4   Code   RO         3449    .text               mf_w.l(dmul.o)
    0x11000390   0x000000de   Code   RO         3451    .text               mf_w.l(ddiv.o)
    0x1100046e   0x0000002e   Code   RO         3453    .text               mf_w.l(dscalb.o)
    0x1100049c   0x00000012   Code   RO         3455    .text               mf_w.l(fflti.o)
    0x110004ae   0x0000000a   Code   RO         3457    .text               mf_w.l(ffltui.o)
    0x110004b8   0x0000001a   Code   RO         3459    .text               mf_w.l(dfltui.o)
    0x110004d2   0x00000032   Code   RO         3461    .text               mf_w.l(ffixi.o)
    0x11000504   0x00000028   Code   RO         3463    .text               mf_w.l(ffixui.o)
    0x1100052c   0x0000003e   Code   RO         3465    .text               mf_w.l(dfixi.o)
    0x1100056a   0x00000032   Code   RO         3467    .text               mf_w.l(dfixui.o)
    0x1100059c   0x00000026   Code   RO         3469    .text               mf_w.l(f2d.o)
    0x110005c2   0x00000038   Code   RO         3471    .text               mf_w.l(d2f.o)
    0x110005fa   0x00000002   PAD
    0x110005fc   0x00000014   Code   RO         3473    .text               mf_w.l(cfrcmple.o)
    0x11000610   0x0000001e   Code   RO         3489    .text               mc_w.l(llshl.o)
    0x1100062e   0x00000020   Code   RO         3491    .text               mc_w.l(llushr.o)
    0x1100064e   0x00000000   Code   RO         3493    .text               mc_w.l(iusefp.o)
    0x1100064e   0x0000006e   Code   RO         3494    .text               mf_w.l(fepilogue.o)
    0x110006bc   0x000000ba   Code   RO         3496    .text               mf_w.l(depilogue.o)
    0x11000776   0x00000002   PAD
    0x11000778   0x00000024   Code   RO         3498    .text               mc_w.l(init.o)
    0x1100079c   0x00000056   Code   RO         3508    .text               mc_w.l(__dczerorl2.o)
    0x110007f2   0x00000002   PAD
    0x110007f4   0x00000024   Code   RO         2241    i.ADC1_GetChResult  adc1.o
    0x11000818   0x00000078   Code   RO         2245    i.ADC1_Init         adc1.o
    0x11000890   0x0000005c   Code   RO         2331    i.ADC2_Init         adc2.o
    0x110008ec   0x0000010c   Code   RO         2151    i.AmbTOverDiag      rt_sys_ecufaultdiag_1.o
    0x110009f8   0x00000014   Code   RO         2152    i.AmbTOverDiag_Init  rt_sys_ecufaultdiag_1.o
    0x11000a0c   0x0000001c   Code   RO         1799    i.AmbTemperatureDiag  ecufaultdiag.o
    0x11000a28   0x00000004   Code   RO         1800    i.AmbTemperatureDiag_Init  ecufaultdiag.o
    0x11000a2c   0x00000078   Code   RO         1702    i.AppMain_initialize  appmain.o
    0x11000aa4   0x000001d0   Code   RO         1703    i.AppMain_step      appmain.o
    0x11000c74   0x00000048   Code   RO         1521    i.AppTimeBaseHandler  drvisr.o
    0x11000cbc   0x0000000c   Code   RO         2358    i.BDRV_Clr_Sts      bdrv.o
    0x11000cc8   0x0000005c   Code   RO         2360    i.BDRV_Init         bdrv.o
    0x11000d24   0x0000006c   Code   RO         2362    i.BDRV_Set_Bridge   bdrv.o
    0x11000d90   0x00000060   Code   RO         1998    i.BufDataSameFirstCnt  pwmintargetspeedeval.o
    0x11000df0   0x00000002   Code   RO         2723    i.BusFault_Handler  isr.o
    0x11000df2   0x00000002   PAD
    0x11000df4   0x00000050   Code   RO         2724    i.CCU6SR1_IRQHandler  isr.o
    0x11000e44   0x00000074   Code   RO         2507    i.CCU6_Init         ccu6.o
    0x11000eb8   0x00000014   Code   RO         2540    i.CSA_Init          csa.o
    0x11000ecc   0x00000028   Code   RO         2187    i.Common_calcCrc16Ccitt  common.o
    0x11000ef4   0x00000014   Code   RO         2188    i.Common_cpMemory   common.o
    0x11000f08   0x0000006e   Code   RO         2189    i.Common_exeLookUpTable  common.o
    0x11000f76   0x0000001e   Code   RO         2190    i.Common_setStatusDelay  common.o
    0x11000f94   0x00000014   Code   RO         2584    i.DMA_Init          dma.o
    0x11000fa8   0x00000024   Code   RO          279    i.DTC_getRecord     dtc.o
    0x11000fcc   0x0000004c   Code   RO          280    i.DTC_init          dtc.o
    0x11001018   0x00000260   Code   RO          281    i.DTC_step          dtc.o
    0x11001278   0x0000007e   Code   RO         1848    i.DelayOut          feedback.o
    0x110012f6   0x0000000c   Code   RO         1849    i.DelayOut_Init     feedback.o
    0x11001302   0x0000007e   Code   RO         1850    i.DelayOut_kj4v     feedback.o
    0x11001380   0x0000000c   Code   RO         1851    i.DelayOut_pw2c_Init  feedback.o
    0x1100138c   0x00000050   Code   RO         3375    i.Delay_us          wdt1.o
    0x110013dc   0x0000005c   Code   RO         1445    i.DrvAdc_calPhaseVoltage  drvadc.o
    0x11001438   0x0000008c   Code   RO         1446    i.DrvAdc_calcIShuntZero  drvadc.o
    0x110014c4   0x00000040   Code   RO         1448    i.DrvAdc_init       drvadc.o
    0x11001504   0x0000013c   Code   RO         1449    i.DrvAdc_step       drvadc.o
    0x11001640   0x00000018   Code   RO         1657    i.DrvPwmIn_calPulseWidth  drvpwmin.o
    0x11001658   0x000000a8   Code   RO         1658    i.DrvPwmIn_capHandler  drvpwmin.o
    0x11001700   0x0000003c   Code   RO         1659    i.DrvPwmIn_capTmrOverFlowHandler  drvpwmin.o
    0x1100173c   0x00000164   Code   RO         1660    i.DrvPwmIn_step     drvpwmin.o
    0x110018a0   0x0000001e   Code   RO         1999    i.DutyBufUpdate     pwmintargetspeedeval.o
    0x110018be   0x000000ca   Code   RO         2000    i.DutyFilter        pwmintargetspeedeval.o
    0x11001988   0x00000016   Code   RO         2002    i.DutyFilter_Init   pwmintargetspeedeval.o
    0x1100199e   0x00000012   Code   RO         2003    i.DutyFilter_Reset  pwmintargetspeedeval.o
    0x110019b0   0x0000003e   Code   RO         1801    i.ECUFaultDiag      ecufaultdiag.o
    0x110019ee   0x0000001e   Code   RO         1802    i.ECUFaultDiag_Init  ecufaultdiag.o
    0x11001a0c   0x00000184   Code   RO          463    i.ErtMain           ertmain.o
    0x11001b90   0x0000000c   Code   RO          360    i.FanComTest_getRxID  fancomtest.o
    0x11001b9c   0x00000010   Code   RO          361    i.FanComTest_proUartErr  fancomtest.o
    0x11001bac   0x00000014   Code   RO          363    i.FanComTest_readU8  fancomtest.o
    0x11001bc0   0x00000010   Code   RO          364    i.FanComTest_rstU8  fancomtest.o
    0x11001bd0   0x000000d0   Code   RO          365    i.FanComTest_rxHandler  fancomtest.o
    0x11001ca0   0x00000030   Code   RO          366    i.FanComTest_startFrameTx  fancomtest.o
    0x11001cd0   0x00000068   Code   RO          367    i.FanComTest_txHandler  fancomtest.o
    0x11001d38   0x00000024   Code   RO          368    i.FanComTest_writeS16  fancomtest.o
    0x11001d5c   0x00000024   Code   RO          369    i.FanComTest_writeU16  fancomtest.o
    0x11001d80   0x00000010   Code   RO          370    i.FanComTest_writeU8  fancomtest.o
    0x11001d90   0x0000002c   Code   RO          522    i.FctTest_genPwmOut100Hz50Duty  fcttest.o
    0x11001dbc   0x00000040   Code   RO          523    i.FctTest_genPwmOut50Hz50Duty  fcttest.o
    0x11001dfc   0x000000a4   Code   RO          524    i.FctTest_samplePhaseVoltage  fcttest.o
    0x11001ea0   0x00000324   Code   RO          525    i.FctTest_step      fcttest.o
    0x110021c4   0x00000080   Code   RO          526    i.FctTest_testBDRV  fcttest.o
    0x11002244   0x000001a4   Code   RO         1852    i.FeedBack          feedback.o
    0x110023e8   0x00000036   Code   RO         1853    i.FeedBackDelay     feedback.o
    0x1100241e   0x00000036   Code   RO         1854    i.FeedBackDelay4    feedback.o
    0x11002454   0x00000006   Code   RO         1855    i.FeedBackDelay4_Init  feedback.o
    0x1100245a   0x00000006   Code   RO         1856    i.FeedBackDelay_Init  feedback.o
    0x11002460   0x00000074   Code   RO         1857    i.FeedBack_Init     feedback.o
    0x110024d4   0x00000096   Code   RO         2004    i.FreqValidJudge    pwmintargetspeedeval.o
    0x1100256a   0x0000000e   Code   RO         2005    i.FreqValidJudge_Init  pwmintargetspeedeval.o
    0x11002578   0x0000000e   Code   RO         2006    i.FreqValidJudge_Reset  pwmintargetspeedeval.o
    0x11002586   0x00000002   PAD
    0x11002588   0x0000003c   Code   RO         2648    i.GPT12E_Init       gpt12e.o
    0x110025c4   0x00000040   Code   RO         2725    i.GPT1_IRQHandler   isr.o
    0x11002604   0x00000064   Code   RO         1524    i.GPT1_T2_Handler   drvisr.o
    0x11002668   0x00000002   Code   RO         1525    i.GPT1_T4_Handler   drvisr.o
    0x1100266a   0x00000002   Code   RO         2726    i.HardFault_Handler  isr.o
    0x1100266c   0x0000009c   Code   RO         2693    i.INT_Init          int.o
    0x11002708   0x00000002   Code   RO         2860    i.LIN_Init          lin.o
    0x1100270a   0x00000002   PAD
    0x1100270c   0x00000010   Code   RO         2888    i.MON_Init          mon.o
    0x1100271c   0x000000a4   Code   RO          898    i.Mat_CalcAngleAmp  mclib.o
    0x110027c0   0x00000036   Code   RO         1450    i.Mat_ExeLp         drvadc.o
    0x110027f6   0x00000002   PAD
    0x110027f8   0x00000040   Code   RO          900    i.McWm_init         mclib.o
    0x11002838   0x0000028c   Code   RO          901    i.McWm_step         mclib.o
    0x11002ac4   0x00000264   Code   RO          989    i.Mc_HighTask       mchightask.o
    0x11002d28   0x00000288   Code   RO          860    i.Mc_LowTask        mclowtask.o
    0x11002fb0   0x000000a4   Code   RO          902    i.Mc_PwmPeriodHandler  mclib.o
    0x11003054   0x000000bc   Code   RO          903    i.Mc_PwmStartHandler  mclib.o
    0x11003110   0x00000148   Code   RO          904    i.Mc_T2C            mclib.o
    0x11003258   0x00000124   Code   RO          990    i.Mc_calcPhaseCurrent  mchightask.o
    0x1100337c   0x00000048   Code   RO          827    i.Mc_calcPhaseOffset  mcphaseoffset.o
    0x110033c4   0x000000cc   Code   RO         1027    i.Mc_exePhaseCtrl   mcsd.o
    0x11003490   0x000000d8   Code   RO          905    i.Mc_exeSvm         mclib.o
    0x11003568   0x00000018   Code   RO          742    i.Mc_init           mc.o
    0x11003580   0x00000228   Code   RO          743    i.Mc_initPar        mc.o
    0x110037a8   0x00000130   Code   RO          744    i.Mc_initVar        mc.o
    0x110038d8   0x00000080   Code   RO         1028    i.Mc_setPhaseVoltSample  mcsd.o
    0x11003958   0x00000020   Code   RO          745    i.Mc_startMotor     mc.o
    0x11003978   0x00000068   Code   RO          746    i.Mc_stopMotor      mc.o
    0x110039e0   0x00000002   Code   RO         2727    i.MemManage_Handler  isr.o
    0x110039e2   0x00000002   PAD
    0x110039e4   0x00000028   Code   RO           25    i.MotorAPI_init     motorapi.o
    0x11003a0c   0x0000005c   Code   RO           26    i.MotorAPI_setSpeed  motorapi.o
    0x11003a68   0x00000178   Code   RO           27    i.MotorAPI_step     motorapi.o
    0x11003be0   0x00000010   Code   RO          651    i.MotorDiagBEMF_init  motordiagbemf.o
    0x11003bf0   0x0000004c   Code   RO          652    i.MotorDiagBEMF_step  motordiagbemf.o
    0x11003c3c   0x00000010   Code   RO          603    i.MotorDiagCurrent_init  motordiagcurrent.o
    0x11003c4c   0x00000048   Code   RO          604    i.MotorDiagCurrent_step  motordiagcurrent.o
    0x11003c94   0x000000ac   Code   RO          678    i.MotorDiagPreStartOpenLoad  motordiagprestart.o
    0x11003d40   0x0000007c   Code   RO          679    i.MotorDiagPreStartShort  motordiagprestart.o
    0x11003dbc   0x00000054   Code   RO          680    i.MotorDiagPreStartState  motordiagprestart.o
    0x11003e10   0x00000020   Code   RO          627    i.MotorDiagSpeed_init  motordiagspeed.o
    0x11003e30   0x000000a8   Code   RO          628    i.MotorDiagSpeed_step  motordiagspeed.o
    0x11003ed8   0x000000b4   Code   RO           28    i.MotorOffDiag      motorapi.o
    0x11003f8c   0x0000017c   Code   RO         1921    i.MotorRestartAndFaultCnt  motorrestartandfaultcnt.o
    0x11004108   0x00000012   Code   RO         1922    i.MotorRestartAndFaultCnt_Init  motorrestartandfaultcnt.o
    0x1100411a   0x00000010   Code   RO         1955    i.MotorTargetSpeedMux  motortargetspeedmux.o
    0x1100412a   0x00000002   PAD
    0x1100412c   0x00000048   Code   RO         2926    i.PMU_Init          pmu.o
    0x11004174   0x0000004c   Code   RO         2961    i.PORT_Init         port.o
    0x110041c0   0x0000006e   Code   RO         2450    i.ProgramPage       bootrom.o
    0x1100422e   0x00000002   PAD
    0x11004230   0x00000068   Code   RO         2007    i.PwmInNotShort     pwmintargetspeedeval.o
    0x11004298   0x00000018   Code   RO         2008    i.PwmInNotShort_Disable  pwmintargetspeedeval.o
    0x110042b0   0x00000024   Code   RO         2009    i.PwmInNotShort_Init  pwmintargetspeedeval.o
    0x110042d4   0x00000018   Code   RO         2010    i.PwmInNotShort_Reset  pwmintargetspeedeval.o
    0x110042ec   0x00000018   Code   RO         1977    i.PwmInParamEval    pwminparameval.o
    0x11004304   0x0000004c   Code   RO         2011    i.PwmInShort        pwmintargetspeedeval.o
    0x11004350   0x00000010   Code   RO         2012    i.PwmInShort_Init   pwmintargetspeedeval.o
    0x11004360   0x00000010   Code   RO         2013    i.PwmInShort_Reset  pwmintargetspeedeval.o
    0x11004370   0x000001dc   Code   RO         2014    i.PwmInTargetSpeedEval  pwmintargetspeedeval.o
    0x1100454c   0x00000038   Code   RO         2015    i.PwmInTargetSpeedEval_Init  pwmintargetspeedeval.o
    0x11004584   0x00000038   Code   RO         1978    i.PwmInshortDetect  pwminparameval.o
    0x110045bc   0x00000148   Code   RO         3014    i.SCU_ClkInit       scu.o
    0x11004704   0x00000054   Code   RO         3015    i.SCU_EnterSleepMode  scu.o
    0x11004758   0x00000034   Code   RO         3018    i.SCU_Init          scu.o
    0x1100478c   0x00000004   Code   RO         1068    i.SDK_stopBdrvTest  sdk.o
    0x11004790   0x00000020   Code   RO         3087    i.SSC1_Init         ssc.o
    0x110047b0   0x0000001c   Code   RO         3088    i.SSC2_Init         ssc.o
    0x110047cc   0x00000020   Code   RO         1069    i.Sdk_chkDFlash     sdk.o
    0x110047ec   0x000000b0   Code   RO         1070    i.Sdk_chkRam        sdk.o
    0x1100489c   0x00000014   Code   RO         1071    i.Sdk_closeBdrv     sdk.o
    0x110048b0   0x00000020   Code   RO         1072    i.Sdk_clrBdrvError  sdk.o
    0x110048d0   0x0000001c   Code   RO         1073    i.Sdk_clrDFlashError  sdk.o
    0x110048ec   0x00000010   Code   RO         1074    i.Sdk_clrPwmOut     sdk.o
    0x110048fc   0x00000010   Code   RO         1075    i.Sdk_clrPwmOutPin  sdk.o
    0x1100490c   0x0000004c   Code   RO         1076    i.Sdk_diagBdrvOnShort  sdk.o
    0x11004958   0x00000218   Code   RO         1077    i.Sdk_diagEcuFault  sdk.o
    0x11004b70   0x00000050   Code   RO         1078    i.Sdk_diagMem       sdk.o
    0x11004bc0   0x00000014   Code   RO         1079    i.Sdk_enterCritical  sdk.o
    0x11004bd4   0x00000004   Code   RO         1080    i.Sdk_enterSleep    sdk.o
    0x11004bd8   0x0000002c   Code   RO         1081    i.Sdk_eraseDFlash   sdk.o
    0x11004c04   0x00000010   Code   RO         1082    i.Sdk_exitCritical  sdk.o
    0x11004c14   0x00000004   Code   RO         1083    i.Sdk_feedWDog      sdk.o
    0x11004c18   0x00000014   Code   RO         1084    i.Sdk_floatBdrv     sdk.o
    0x11004c2c   0x00000074   Code   RO         1085    i.Sdk_getAdcRawData  sdk.o
    0x11004ca0   0x0000000c   Code   RO         1086    i.Sdk_getDFlashBackUpAddr  sdk.o
    0x11004cac   0x0000000c   Code   RO         1087    i.Sdk_getDFlashStartAddr  sdk.o
    0x11004cb8   0x00000018   Code   RO         1088    i.Sdk_getIGSts      sdk.o
    0x11004cd0   0x00000010   Code   RO         1089    i.Sdk_getPwmInBusSts  sdk.o
    0x11004ce0   0x00000014   Code   RO         1091    i.Sdk_getPwmInCapVal  sdk.o
    0x11004cf4   0x00000074   Code   RO         1092    i.Sdk_initHw        sdk.o
    0x11004d68   0x00000014   Code   RO         1093    i.Sdk_initPwmOut    sdk.o
    0x11004d7c   0x00000010   Code   RO         1094    i.Sdk_isPwmInCap    sdk.o
    0x11004d8c   0x00000010   Code   RO         1095    i.Sdk_isPwmInIsCapTmrRunning  sdk.o
    0x11004d9c   0x00000014   Code   RO         1096    i.Sdk_openBdrv      sdk.o
    0x11004db0   0x00000024   Code   RO         1097    i.Sdk_openBdrvUV    sdk.o
    0x11004dd4   0x00000024   Code   RO         1098    i.Sdk_openBdrvVW    sdk.o
    0x11004df8   0x00000024   Code   RO         1099    i.Sdk_openBdrvWU    sdk.o
    0x11004e1c   0x00000014   Code   RO         1100    i.Sdk_readDFlash    sdk.o
    0x11004e30   0x0000000c   Code   RO         1101    i.Sdk_readUartU8    sdk.o
    0x11004e3c   0x0000000c   Code   RO         1102    i.Sdk_rstChip       sdk.o
    0x11004e48   0x0000001c   Code   RO         1103    i.Sdk_rstPwmInCapTmr  sdk.o
    0x11004e64   0x00000058   Code   RO         1104    i.Sdk_setBdrvDuty   sdk.o
    0x11004ebc   0x00000010   Code   RO         1105    i.Sdk_setPwmInCapRisingEdge  sdk.o
    0x11004ecc   0x00000010   Code   RO         1107    i.Sdk_setPwmOut     sdk.o
    0x11004edc   0x00000010   Code   RO         1108    i.Sdk_setPwmOutPin  sdk.o
    0x11004eec   0x00000018   Code   RO         1109    i.Sdk_setUHigh      sdk.o
    0x11004f04   0x00000060   Code   RO         1111    i.Sdk_setWakeUpSrc  sdk.o
    0x11004f64   0x00000058   Code   RO         1112    i.Sdk_startBdrvTest  sdk.o
    0x11004fbc   0x00000028   Code   RO         1113    i.Sdk_startMotorHw  sdk.o
    0x11004fe4   0x00000028   Code   RO         1114    i.Sdk_stopMotorHw   sdk.o
    0x1100500c   0x00000048   Code   RO         1116    i.Sdk_writeDFlash   sdk.o
    0x11005054   0x00000014   Code   RO         1117    i.Sdk_writeUartU8   sdk.o
    0x11005068   0x00000026   Code   RO         1923    i.Short             motorrestartandfaultcnt.o
    0x1100508e   0x00000072   Code   RO         2123    i.SleepMode         sleepmode.o
    0x11005100   0x00000014   Code   RO         2124    i.SleepMode_Init    sleepmode.o
    0x11005114   0x00000046   Code   RO         2016    i.SpeedDelayOut     pwmintargetspeedeval.o
    0x1100515a   0x0000000c   Code   RO         2017    i.SpeedDelayOut_Init  pwmintargetspeedeval.o
    0x11005166   0x00000002   PAD
    0x11005168   0x00000014   Code   RO         2728    i.SysTick_Handler   isr.o
    0x1100517c   0x00000028   Code   RO         3376    i.SysTick_Init      wdt1.o
    0x110051a4   0x00000030   Code   RO         3127    i.SystemInit        system_tle987x.o
    0x110051d4   0x00000044   Code   RO         1526    i.T12_OM_Handler    drvisr.o
    0x11005218   0x00000014   Code   RO         1527    i.T12_PM_Handler    drvisr.o
    0x1100522c   0x00000024   Code   RO         3157    i.TIMER21_Init      timer2x.o
    0x11005250   0x00000020   Code   RO         3159    i.TIMER2_Init       timer2x.o
    0x11005270   0x00000002   Code   RO         3211    i.TIMER3_Init       timer3.o
    0x11005272   0x00000056   Code   RO         3289    i.TLE_Init          tle_device.o
    0x110052c8   0x000002c4   Code   RO          576    i.TerminalTest_step  terminaltest.o
    0x1100558c   0x00000004   Code   RO         1528    i.Timer2CaptureHandler  drvisr.o
    0x11005590   0x00000004   Code   RO         1529    i.Timer2OverflowHandler  drvisr.o
    0x11005594   0x00000038   Code   RO         2729    i.UART1_IRQHandler  isr.o
    0x110055cc   0x00000002   Code   RO         3326    i.UART1_Init        uart.o
    0x110055ce   0x00000002   PAD
    0x110055d0   0x00000040   Code   RO         2730    i.UART2_IRQHandler  isr.o
    0x11005610   0x0000002c   Code   RO         3328    i.UART2_Init        uart.o
    0x1100563c   0x00000004   Code   RO         1530    i.Uart2RxHandler    drvisr.o
    0x11005640   0x00000004   Code   RO         1531    i.Uart2TxHandler    drvisr.o
    0x11005644   0x0000021c   Code   RO          718    i.UartDebug_step    uartdebug.o
    0x11005860   0x00000058   Code   RO         2153    i.UpdateStateCnt    rt_sys_ecufaultdiag_1.o
    0x110058b8   0x00000002   Code   RO         2731    i.UsageFault_Handler  isr.o
    0x110058ba   0x0000001a   Code   RO         1803    i.VoltageDiag       ecufaultdiag.o
    0x110058d4   0x00000004   Code   RO         1804    i.VoltageDiag_Init  ecufaultdiag.o
    0x110058d8   0x00000018   Code   RO         3377    i.WDT1_Init         wdt1.o
    0x110058f0   0x00000018   Code   RO         3378    i.WDT1_SOW_Service  wdt1.o
    0x11005908   0x0000002c   Code   RO         3379    i.WDT1_Service      wdt1.o
    0x11005934   0x0000000e   Code   RO         3380    i.WDT1_Stop         wdt1.o
    0x11005942   0x0000000e   Code   RO         3502    i.__scatterload_copy  mc_w.l(handlers.o)
    0x11005950   0x00000002   Code   RO         3503    i.__scatterload_null  mc_w.l(handlers.o)
    0x11005952   0x0000000e   Code   RO         3504    i.__scatterload_zeroinit  mc_w.l(handlers.o)
    0x11005960   0x00000010   Code   RO         1704    i.asr_s32           appmain.o
    0x11005970   0x00000028   Code   RO          282    i.calDtcDataCheckSum  dtc.o
    0x11005998   0x00000058   Code   RO          464    i.calIShuntZero     ertmain.o
    0x110059f0   0x00000022   Code   RO         1705    i.div_nde_s32_floor  appmain.o
    0x11005a12   0x00000002   PAD
    0x11005a14   0x0000002c   Code   RO          283    i.dtcDataReset      dtc.o
    0x11005a40   0x00000028   Code   RO          284    i.isDtcDataValid    dtc.o
    0x11005a68   0x0000005c   Code   RO           29    i.limitRefSpeed     motorapi.o
    0x11005ac4   0x00000070   Code   RO         1706    i.look1_is16lu32n16Ds32_binlcs  appmain.o
    0x11005b34   0x0000000a   Code   RO            1    i.main              main.o
    0x11005b3e   0x00000002   PAD
    0x11005b40   0x00000048   Code   RO          285    i.powerUpCntInc     dtc.o
    0x11005b88   0x000000d0   Code   RO          465    i.updateAppMainInput  ertmain.o
    0x11005c58   0x00000038   Code   RO          286    i.updateFaultRePowerInfo  dtc.o
    0x11005c90   0x00000028   Code   RO          287    i.updateFaultTotalCnt  dtc.o
    0x11005cb8   0x00000008   Data   RO          447    .constdata          globalvars.o
    0x11005cc0   0x00000002   Data   RO          908    .constdata          mclib.o
    0x11005cc2   0x00000002   PAD
    0x11005cc4   0x00000018   Data   RO          909    .constdata          mclib.o
    0x11005cdc   0x00000024   Data   RO         1417    .constdata          sdkcfg.o
    0x11005d00   0x000000a0   Data   RO         1452    .constdata          drvadc.o
    0x11005da0   0x00000004   Data   RO         1708    .constdata          appmain.o
    0x11005da4   0x00000028   Data   RO         1783    .constdata          appmain_data.o
    0x11005dcc   0x00000200   Data   RO         2191    .constdata          common.o
    0x11005fcc   0x00000802   Data   RO         2223    .constdata          table.o
    0x110067ce   0x00000814   Data   RO         2224    .constdata          table.o
    0x11006fe2   0x00000200   Data   RO         2225    .constdata          table.o
    0x110071e2   0x00000002   PAD
    0x110071e4   0x00000004   Data   RO         2451    .constdata          bootrom.o
    0x110071e8   0x00000004   Data   RO         2467    .constdata          bootrom.o
    0x110071ec   0x00000004   Data   RO         2470    .constdata          bootrom.o
    0x110071f0   0x00000004   Data   RO         2472    .constdata          bootrom.o
    0x110071f4   0x00000020   Data   RO         3500    Region$$Table       anon$$obj.o


    Execution Region RW_IRAM2 (Base: 0x18000000, Size: 0x00000000, Max: 0x00000010, ABSOLUTE)

    **** No section assigned to this execution region ****


    Execution Region RW_IRAM1 (Base: 0x18000018, Size: 0x00000a78, Max: 0x00000be8, ABSOLUTE, COMPRESSED[0x000000d8])

    Base Addr    Size         Type   Attr      Idx    E Section Name        Object

    0x18000018   0x0000000c   Data   RW           31    .data               motorapi.o
    0x18000024   0x0000000c   Data   RW          289    .data               dtc.o
    0x18000030   0x00000011   Data   RW          372    .data               fancomtest.o
    0x18000041   0x00000003   PAD
    0x18000044   0x00000004   Data   RW          448    .data               globalvars.o
    0x18000048   0x0000000c   Data   RW          466    .data               ertmain.o
    0x18000054   0x0000001e   Data   RW          527    .data               fcttest.o
    0x18000072   0x00000014   Data   RW          577    .data               terminaltest.o
    0x18000086   0x00000004   Data   RW          605    .data               motordiagcurrent.o
    0x1800008a   0x0000000a   Data   RW          629    .data               motordiagspeed.o
    0x18000094   0x00000004   Data   RW          653    .data               motordiagbemf.o
    0x18000098   0x00000005   Data   RW          681    .data               motordiagprestart.o
    0x1800009d   0x00000003   PAD
    0x180000a0   0x00000084   Data   RW          809    .data               mccfg.o
    0x18000124   0x00000020   Data   RW          810    .data               mccfg.o
    0x18000144   0x00000020   Data   RW          811    .data               mccfg.o
    0x18000164   0x00000002   Data   RW          861    .data               mclowtask.o
    0x18000166   0x00000002   PAD
    0x18000168   0x00000048   Data   RW          910    .data               mclib.o
    0x180001b0   0x00000008   Data   RW          991    .data               mchightask.o
    0x180001b8   0x00000020   Data   RW         1119    .data               sdk.o
    0x180001d8   0x00000001   Data   RW         1532    .data               drvisr.o
    0x180001d9   0x00000001   PAD
    0x180001da   0x00000010   Data   RW         1662    .data               drvpwmin.o
    0x180001ea   0x00000002   Data   RW         1709    .data               appmain.o
    0x180001ec   0x00000008   Data   RW         3329    .data               uart.o
    0x180001f4   0x00000008   Data   RW         3381    .data               wdt1.o
    0x180001fc   0x00000024   Zero   RW           30    .bss                motorapi.o
    0x18000220   0x00000084   Zero   RW          288    .bss                dtc.o
    0x180002a4   0x00000024   Zero   RW          371    .bss                fancomtest.o
    0x180002c8   0x00000012   Zero   RW          747    .bss                mc.o
    0x180002da   0x00000002   PAD
    0x180002dc   0x0000007c   Zero   RW          807    .bss                mccfg.o
    0x18000358   0x00000010   Zero   RW          808    .bss                mccfg.o
    0x18000368   0x00000028   Zero   RW          906    .bss                mclib.o
    0x18000390   0x00000058   Zero   RW          907    .bss                mclib.o
    0x180003e8   0x000000b4   Zero   RW         1451    .bss                drvadc.o
    0x1800049c   0x000000c0   Zero   RW         1661    .bss                drvpwmin.o
    0x1800055c   0x0000012e   Zero   RW         1707    .bss                appmain.o
    0x1800068a   0x00000006   PAD
    0x18000690   0x00000400   Zero   RW         3117    STACK               startup_tle987x.o



  Load Region LR_IROM2 (Base: 0x11007fe8, Size: 0x00000018, Max: 0x00000018, ABSOLUTE)

    Execution Region ER_IROM2 (Base: 0x11007fe8, Size: 0x00000018, Max: 0x00000018, ABSOLUTE)

    Base Addr    Size         Type   Attr      Idx    E Section Name        Object

    0x11007fe8   0x00000004   Data   RO         1416    .ARM.__at_0x11007fe8  sdkcfg.o
    0x11007fec   0x0000000c   Data   RO          446    .ARM.__at_0x11007fec  globalvars.o
    0x11007ff8   0x00000004   PAD
    0x11007ffc   0x00000004   Data   RW         3128    .ARM.__at_0x11007FFC  system_tle987x.o


==============================================================================

Image component sizes


      Code (inc. data)   RO Data    RW Data    ZI Data      Debug   Object Name

       156         14          0          0          0      12375   adc1.o
        92         20          0          0          0        428   adc2.o
       746         20          4          2        302      12767   appmain.o
         0          0         40          0          0       4342   appmain_data.o
       212         32          0          0          0      11191   bdrv.o
       110          0         16          0          0       6020   bootrom.o
       116          6          0          0          0      16400   ccu6.o
       200          4        512          0          0       2954   common.o
        20          4          0          0          0        391   csa.o
        20          8          0          0          0        395   dma.o
       666         34        160          0        180      17558   drvadc.o
       278         52          0          1          0       3600   drvisr.o
       608         38          0         16        192       4518   drvpwmin.o
      1012         80          0         12        132       6873   dtc.o
       154          0          0          0          0       4301   ecufaultdiag.o
       684        100          0         12          0       4856   ertmain.o
       512         58          0         17         36       6217   fancomtest.o
      1204         48          0         30          0       4352   fcttest.o
       932         30          0          0          0       8741   feedback.o
         0          0         20          4          0       1015   globalvars.o
        60          4          0          0          0        434   gpt12e.o
       156         28          0          0          0        503   int.o
       292         34          0          0          0      39860   isr.o
         2          0          0          0          0        383   lin.o
        10          0          0          0          0       2719   main.o
      1016        110          0          0         18       6931   mc.o
         0          0          0        196        140       2887   mccfg.o
       904         60          0          8          0       5026   mchightask.o
      1776         98         26         72        128      31843   mclib.o
       648         46          0          2          0       3975   mclowtask.o
        72         12          0          0          0        429   mcphaseoffset.o
       332         38          0          0          0       1546   mcsd.o
        16          6          0          0          0        387   mon.o
       780         68          0         12         36      14620   motorapi.o
        92         16          0          4          0       1076   motordiagbemf.o
        88         16          0          4          0       1117   motordiagcurrent.o
       380         22          0          5          0       3186   motordiagprestart.o
       200         18          0         10          0       1866   motordiagspeed.o
       436          0          0          0          0       4573   motorrestartandfaultcnt.o
        16          0          0          0          0        742   motortargetspeedmux.o
        72          4          0          0          0        443   pmu.o
        76          6          0          0          0        436   port.o
        80         18          0          0          0        948   pwminparameval.o
      1456         76          0          0          0      13950   pwmintargetspeedeval.o
       376          4          0          0          0       3699   rt_sys_ecufaultdiag_1.o
       464         24          0          0          0       8122   scu.o
      2208        270          0         32          0      65307   sdk.o
         0          0         40          0          0       1364   sdkcfg.o
       134          0          0          0          0       2357   sleepmode.o
        60         10          0          0          0        800   ssc.o
        64         12        128          0       1024        824   startup_tle987x.o
        48         14          0          4          0        664   system_tle987x.o
         0          0       4630          0          0        698   table.o
       708         20          0         20          0       1757   terminaltest.o
        68         12          0          0          0        841   timer2x.o
         2          0          0          0          0        390   timer3.o
        86          0          0          0          0        515   tle_device.o
        46          8          0          8          0       2714   uart.o
       540         38          0          0          0       1037   uartdebug.o
       226         26          0          8          0       3937   wdt1.o

    ----------------------------------------------------------------------
     21734       1666       5612        492       2196     364200   Object Totals
         0          0         32          0          0          0   (incl. Generated)
        22          0          4         13          8          0   (incl. Padding)

    ----------------------------------------------------------------------

      Code (inc. data)   RO Data    RW Data    ZI Data      Debug   Library Member Name

        86          0          0          0          0          0   __dczerorl2.o
         0          0          0          0          0          0   entry.o
         0          0          0          0          0          0   entry10a.o
         0          0          0          0          0          0   entry11a.o
         8          4          0          0          0          0   entry2.o
         4          0          0          0          0          0   entry5.o
         0          0          0          0          0          0   entry7b.o
         0          0          0          0          0          0   entry8b.o
         8          4          0          0          0          0   entry9a.o
        30          0          0          0          0          0   handlers.o
        36          8          0          0          0         68   init.o
         0          0          0          0          0          0   iusefp.o
        30          0          0          0          0         68   llshl.o
        32          0          0          0          0         68   llushr.o
        36          0          0          0          0         68   memcpya.o
        36          0          0          0          0        108   memseta.o
        20          0          0          0          0         68   cfrcmple.o
        56          0          0          0          0         88   d2f.o
       222          0          0          0          0        100   ddiv.o
       186          0          0          0          0        176   depilogue.o
        62          0          0          0          0         80   dfixi.o
        50          0          0          0          0         76   dfixui.o
        26          0          0          0          0         76   dfltui.o
       228          0          0          0          0         96   dmul.o
        46          0          0          0          0         80   dscalb.o
        38          0          0          0          0         68   f2d.o
       176          0          0          0          0        140   fadd.o
       124          0          0          0          0         88   fdiv.o
       110          0          0          0          0        168   fepilogue.o
        50          0          0          0          0         68   ffixi.o
        40          0          0          0          0         68   ffixui.o
        18          0          0          0          0         68   fflti.o
        10          0          0          0          0         68   ffltui.o
       100          0          0          0          0         76   fmul.o

    ----------------------------------------------------------------------
      1874         16          0          0          0       2032   Library Totals
         6          0          0          0          0          0   (incl. Padding)

    ----------------------------------------------------------------------

      Code (inc. data)   RO Data    RW Data    ZI Data      Debug   Library Name

       306         16          0          0          0        380   mc_w.l
      1562          0          0          0          0       1652   mf_w.l

    ----------------------------------------------------------------------
      1874         16          0          0          0       2032   Library Totals

    ----------------------------------------------------------------------

==============================================================================


      Code (inc. data)   RO Data    RW Data    ZI Data      Debug   

     23608       1682       5612        492       2196     354036   Grand Totals
     23608       1682       5612        224       2196     354036   ELF Image Totals (compressed)
     23608       1682       5612        224          0          0   ROM Totals

==============================================================================

    Total RO  Size (Code + RO Data)                29220 (  28.54kB)
    Total RW  Size (RW Data + ZI Data)              2688 (   2.63kB)
    Total ROM Size (Code + RO Data + RW Data)      29444 (  28.75kB)

==============================================================================

