Component: ARM Compiler 5.06 update 7 (build 960) Tool: armlink [4d3601]

==============================================================================

Section Cross References

    main.o(i.Main_AppMainInputUpdate) refers to pwmin.o(.data) for PwmIn
    main.o(i.Main_AppMainInputUpdate) refers to appmain.o(.bss) for U
    main.o(i.Main_AppMainInputUpdate) refers to adcsample.o(.bss) for ADCResults
    main.o(i.Main_AppMainInputUpdate) refers to sdk.o(.data) for ECUFaults
    main.o(i.Main_AppMainInputUpdate) refers to motorapi.o(.bss) for MotorAPIVar
    main.o(i.Main_AppMainInputUpdate) refers to motorapi.o(.data) for MotorAPI_FeedBackCnt
    main.o(i.Main_AppMainInputUpdate) refers to motorapi.o(.data) for MotorAPI_FeedBackClearComplete
    main.o(i.Main_FeedBackBusOutput) refers to sdk.o(i.SDK_PwmOutLow) for SDK_PwmOutLow
    main.o(i.Main_FeedBackBusOutput) refers to sdk.o(i.SDK_PwmOutHigh) for SDK_PwmOutHigh
    main.o(i.Main_FeedBackBusOutput) refers to appmain.o(.bss) for Y
    main.o(i.Main_FeedBackBusOutput) refers to pwmin.o(.data) for PwmIn
    main.o(i.Main_FeedBackBusOutput) refers to main.o(.data) for .data
    main.o(i.Main_FeedBackBusOutput) refers to motorapi.o(.data) for MotorAPI_FeedBackClearComplete
    main.o(i.Main_FeedBackBusOutput) refers to motorapi.o(.data) for MotorAPI_FeedBackCnt
    main.o(i.main) refers to sdk.o(i.SDK_HardwareInit) for SDK_HardwareInit
    main.o(i.main) refers to sdk.o(i.SDK_Mem_Check) for SDK_Mem_Check
    main.o(i.main) refers to dtc.o(i.DTC_Init) for DTC_Init
    main.o(i.main) refers to motorapi.o(i.MotorAPI_MotorInit) for MotorAPI_MotorInit
    main.o(i.main) refers to appmain.o(i.AppMain_initialize) for AppMain_initialize
    main.o(i.main) refers to pwmin.o(i.PwmIn_PeriodTask) for PwmIn_PeriodTask
    main.o(i.main) refers to adcsample.o(i.ADCSample_PeriodTask) for ADCSample_PeriodTask
    main.o(i.main) refers to sdk.o(i.SDK_EcuFaultDiag) for SDK_EcuFaultDiag
    main.o(i.main) refers to main.o(i.Main_AppMainInputUpdate) for Main_AppMainInputUpdate
    main.o(i.main) refers to appmain.o(i.AppMain_step) for AppMain_step
    main.o(i.main) refers to motorapi.o(i.MotorAPI_MotorSetSpeed) for MotorAPI_MotorSetSpeed
    main.o(i.main) refers to motorapi.o(i.MotorAPI_MotorPeriodTask) for MotorAPI_MotorPeriodTask
    main.o(i.main) refers to sdk.o(i.SDK_FeedWDog) for SDK_FeedWDog
    main.o(i.main) refers to testmode.o(i.TestMode_FactoryTest) for TestMode_FactoryTest
    main.o(i.main) refers to testmode.o(i.TestMode_UartDebugPeriodTask) for TestMode_UartDebugPeriodTask
    main.o(i.main) refers to main.o(i.Main_FeedBackBusOutput) for Main_FeedBackBusOutput
    main.o(i.main) refers to sdk.o(i.SDK_PwmOutToggle) for SDK_PwmOutToggle
    main.o(i.main) refers to dtc.o(i.DTC_PeriodTask) for DTC_PeriodTask
    main.o(i.main) refers to sdk.o(i.SDK_SystemReset) for SDK_SystemReset
    main.o(i.main) refers to appmain.o(.bss) for U
    main.o(i.main) refers to sdk.o(.data) for ECUFaults
    main.o(i.main) refers to testmode.o(.data) for IsInTestMode
    main.o(i.main) refers to globalvars.o(.data) for PowerUpTimeMs
    main.o(i.main) refers to main.o(.data) for .data
    main.o(i.main) refers to motorapi.o(.bss) for MotorAPIVar
    testmode.o(i.TestMode_FactoryTest) refers to testmode.o(i.TestMode_FctTest) for TestMode_FctTest
    testmode.o(i.TestMode_FactoryTest) refers to testmode.o(.data) for .data
    testmode.o(i.TestMode_FctTest) refers to fancomtest.o(i.FanComTest_GetRxID) for FanComTest_GetRxID
    testmode.o(i.TestMode_FctTest) refers to fancomtest.o(i.FanComTest_ReadU8) for FanComTest_ReadU8
    testmode.o(i.TestMode_FctTest) refers to motorapi.o(i.MotorAPI_MotorSetSpeed) for MotorAPI_MotorSetSpeed
    testmode.o(i.TestMode_FctTest) refers to sdk.o(i.SDK_BDRV_Off) for SDK_BDRV_Off
    testmode.o(i.TestMode_FctTest) refers to emo.o(i.FctEmo_calIShuntZero) for FctEmo_calIShuntZero
    testmode.o(i.TestMode_FctTest) refers to sdk.o(i.SDK_BDRVGetShortStatus) for SDK_BDRVGetShortStatus
    testmode.o(i.TestMode_FctTest) refers to testmode.o(i.TestMode_TestMOS) for TestMode_TestMOS
    testmode.o(i.TestMode_FctTest) refers to fancomtest.o(i.FanComTest_WriteU8) for FanComTest_WriteU8
    testmode.o(i.TestMode_FctTest) refers to fancomtest.o(i.FanComTest_StartFrameTransmission) for FanComTest_StartFrameTransmission
    testmode.o(i.TestMode_FctTest) refers to testmode.o(.data) for .data
    testmode.o(i.TestMode_FctTest) refers to userinfo.o(.constdata) for FlashECUInfo
    testmode.o(i.TestMode_FctTest) refers to globalvars.o(.constdata) for ProductVersion
    testmode.o(i.TestMode_FctTest) refers to pwmin.o(.data) for PwmIn
    testmode.o(i.TestMode_FctTest) refers to adcsample.o(.bss) for ADCResults
    testmode.o(i.TestMode_FctTest) refers to sdk.o(.data) for ECUFaults
    testmode.o(i.TestMode_FctTest) refers to motorapi.o(.data) for CSAZeroFault
    testmode.o(i.TestMode_FctTest) refers to dtc.o(.data) for DtcIShuntWriteEn
[...]
    i.FreqValidJudge_Reset                   0x11003476   Section        0  pwmintargetspeedeval.o(i.FreqValidJudge_Reset)
    i.GPT12E_Init                            0x11003484   Section        0  gpt12e.o(i.GPT12E_Init)
    i.GPT1_IRQHandler                        0x110034c0   Section        0  isr.o(i.GPT1_IRQHandler)
    i.GPT1_T2_Handler                        0x11003500   Section        0  isrhandler.o(i.GPT1_T2_Handler)
    i.GPT1_T4_Handler                        0x11003524   Section        0  isrhandler.o(i.GPT1_T4_Handler)
    i.HardFault_Handler                      0x11003526   Section        0  isr.o(i.HardFault_Handler)
    i.INT_Init                               0x11003528   Section        0  int.o(i.INT_Init)
    i.LIN_Init                               0x110035c4   Section        0  lin.o(i.LIN_Init)
    i.MON_Init                               0x110035c8   Section        0  mon.o(i.MON_Init)
    i.Main_AppMainInputUpdate                0x110035d8   Section        0  main.o(i.Main_AppMainInputUpdate)
    Main_AppMainInputUpdate                  0x110035d9   Thumb Code   112  main.o(i.Main_AppMainInputUpdate)
    i.Main_FeedBackBusOutput                 0x11003664   Section        0  main.o(i.Main_FeedBackBusOutput)
    Main_FeedBackBusOutput                   0x11003665   Thumb Code   104  main.o(i.Main_FeedBackBusOutput)
    i.Mat_ExeLp_without_min_max              0x110036e0   Section        0  emo.o(i.Mat_ExeLp_without_min_max)
    Mat_ExeLp_without_min_max                0x110036e1   Thumb Code    32  emo.o(i.Mat_ExeLp_without_min_max)
    i.Mat_Ramp                               0x11003700   Section        0  emo.o(i.Mat_Ramp)
    Mat_Ramp                                 0x11003701   Thumb Code    32  emo.o(i.Mat_Ramp)
    i.MemManage_Handler                      0x11003720   Section        0  isr.o(i.MemManage_Handler)
    i.MotorAPI_MotorDryRunningMonitor        0x11003724   Section        0  motorapi.o(i.MotorAPI_MotorDryRunningMonitor)
    MotorAPI_MotorDryRunningMonitor          0x11003725   Thumb Code   154  motorapi.o(i.MotorAPI_MotorDryRunningMonitor)
    i.MotorAPI_MotorInit                     0x110037d0   Section        0  motorapi.o(i.MotorAPI_MotorInit)
    i.MotorAPI_MotorOnShortMonitor           0x110037e8   Section        0  motorapi.o(i.MotorAPI_MotorOnShortMonitor)
    MotorAPI_MotorOnShortMonitor             0x110037e9   Thumb Code    64  motorapi.o(i.MotorAPI_MotorOnShortMonitor)
    i.MotorAPI_MotorPeriodTask               0x11003830   Section        0  motorapi.o(i.MotorAPI_MotorPeriodTask)
    i.MotorAPI_MotorSetSpeed                 0x11003980   Section        0  motorapi.o(i.MotorAPI_MotorSetSpeed)
    i.MotorAPI_MotorSpeedMonitor             0x11003a48   Section        0  motorapi.o(i.MotorAPI_MotorSpeedMonitor)
    MotorAPI_MotorSpeedMonitor               0x11003a49   Thumb Code   362  motorapi.o(i.MotorAPI_MotorSpeedMonitor)
    i.MotorAPI_OverCurrentMonitor            0x11003bc4   Section        0  motorapi.o(i.MotorAPI_OverCurrentMonitor)
    MotorAPI_OverCurrentMonitor              0x11003bc5   Thumb Code    64  motorapi.o(i.MotorAPI_OverCurrentMonitor)
    i.MotorRestartAndFaultCnt                0x11003c0c   Section        0  motorrestartandfaultcnt.o(i.MotorRestartAndFaultCnt)
    i.MotorRestartAndFaultCnt_Init           0x11003e28   Section        0  motorrestartandfaultcnt.o(i.MotorRestartAndFaultCnt_Init)
    i.MotorTargetSpeedMux                    0x11003e40   Section        0  motortargetspeedmux.o(i.MotorTargetSpeedMux)
    i.PMU_Init                               0x11003e4c   Section        0  pmu.o(i.PMU_Init)
    i.PORT_Init                              0x11003e94   Section        0  port.o(i.PORT_Init)
    i.ProgramPage                            0x11003ed8   Section        0  bootrom.o(i.ProgramPage)
    i.PwmInNotShort                          0x11003f48   Section        0  pwmintargetspeedeval.o(i.PwmInNotShort)
    i.PwmInNotShort_Disable                  0x11003fc0   Section        0  pwmintargetspeedeval.o(i.PwmInNotShort_Disable)
    i.PwmInNotShort_Init                     0x11003fd8   Section        0  pwmintargetspeedeval.o(i.PwmInNotShort_Init)
    i.PwmInNotShort_Reset                    0x11004000   Section        0  pwmintargetspeedeval.o(i.PwmInNotShort_Reset)
    i.PwmInParamEval                         0x1100401c   Section        0  pwminparameval.o(i.PwmInParamEval)
    i.PwmInShort                             0x11004034   Section        0  pwmintargetspeedeval.o(i.PwmInShort)
    i.PwmInShort_Init                        0x11004078   Section        0  pwmintargetspeedeval.o(i.PwmInShort_Init)
    i.PwmInShort_Reset                       0x11004088   Section        0  pwmintargetspeedeval.o(i.PwmInShort_Reset)
    i.PwmInSpeedCtrl                         0x11004098   Section        0  pwmintargetspeedeval.o(i.PwmInSpeedCtrl)
    i.PwmInSpeedCtrl_Disable                 0x110041ec   Section        0  pwmintargetspeedeval.o(i.PwmInSpeedCtrl_Disable)
    i.PwmInSpeedCtrl_Init                    0x1100420c   Section        0  pwmintargetspeedeval.o(i.PwmInSpeedCtrl_Init)
    i.PwmInTargetSpeedEval                   0x11004248   Section        0  pwmintargetspeedeval.o(i.PwmInTargetSpeedEval)
    i.PwmInTargetSpeedEval_Init              0x11004294   Section        0  pwmintargetspeedeval.o(i.PwmInTargetSpeedEval_Init)
    i.PwmIn_CalulatePulseWidth               0x110042a4   Section        0  pwmin.o(i.PwmIn_CalulatePulseWidth)
    PwmIn_CalulatePulseWidth                 0x110042a5   Thumb Code    28  pwmin.o(i.PwmIn_CalulatePulseWidth)
    i.PwmIn_CaptureHandler                   0x110042c0   Section        0  pwmin.o(i.PwmIn_CaptureHandler)
    i.PwmIn_CaptureTimerOverFlowHandler      0x11004368   Section        0  pwmin.o(i.PwmIn_CaptureTimerOverFlowHandler)
    i.PwmIn_PeriodTask                       0x110043a4   Section        0  pwmin.o(i.PwmIn_PeriodTask)
    i.PwmInshortDetect                       0x110044ec   Section        0  pwminparameval.o(i.PwmInshortDetect)
    i.SCU_ClkInit                            0x11004534   Section        0  scu.o(i.SCU_ClkInit)
    i.SCU_Init                               0x1100467c   Section        0  scu.o(i.SCU_Init)
    i.SDK_ADCGetChResult                     0x110046b0   Section        0  sdk.o(i.SDK_ADCGetChResult)
    i.SDK_BDRVGetShortStatus                 0x11004708   Section        0  sdk.o(i.SDK_BDRVGetShortStatus)
    i.SDK_BDRV_Off                           0x1100473c   Section        0  sdk.o(i.SDK_BDRV_Off)
    i.SDK_BDRV_TestMos                       0x11004750   Section        0  sdk.o(i.SDK_BDRV_TestMos)
    i.SDK_EEPROM_Read                        0x11004814   Section        0  sdk.o(i.SDK_EEPROM_Read)
    i.SDK_EcuFaultDiag                       0x11004828   Section        0  sdk.o(i.SDK_EcuFaultDiag)
    i.SDK_FeedWDog                           0x11004b10   Section        0  sdk.o(i.SDK_FeedWDog)
    i.SDK_HardwareInit                       0x11004b14   Section        0  sdk.o(i.SDK_HardwareInit)
    i.SDK_IsPwmInCap                         0x11004b24   Section        0  sdk.o(i.SDK_IsPwmInCap)
    i.SDK_Mem_Check                          0x11004b34   Section        0  sdk.o(i.SDK_Mem_Check)
    i.SDK_NVM_ECC_Check                      0x11004b9c   Section        0  sdk.o(i.SDK_NVM_ECC_Check)
    SDK_NVM_ECC_Check                        0x11004b9d   Thumb Code    24  sdk.o(i.SDK_NVM_ECC_Check)
    i.SDK_PMU_VDDEXT_ForceOn                 0x11004bbc   Section        0  sdk.o(i.SDK_PMU_VDDEXT_ForceOn)
    SDK_PMU_VDDEXT_ForceOn                   0x11004bbd   Thumb Code    42  sdk.o(i.SDK_PMU_VDDEXT_ForceOn)
    i.SDK_PwmInCaptureTimerReset             0x11004bec   Section        0  sdk.o(i.SDK_PwmInCaptureTimerReset)
    i.SDK_PwmInGetBusStatus                  0x11004c08   Section        0  sdk.o(i.SDK_PwmInGetBusStatus)
    i.SDK_PwmInGetCaptureCnt                 0x11004c18   Section        0  sdk.o(i.SDK_PwmInGetCaptureCnt)
    i.SDK_PwmInIsCaptureTimerRunning         0x11004c2c   Section        0  sdk.o(i.SDK_PwmInIsCaptureTimerRunning)
    i.SDK_PwmInSetCaptureFallingEdge         0x11004c3c   Section        0  sdk.o(i.SDK_PwmInSetCaptureFallingEdge)
    i.SDK_PwmOutHigh                         0x11004c4c   Section        0  sdk.o(i.SDK_PwmOutHigh)
    i.SDK_PwmOutLow                          0x11004c5c   Section        0  sdk.o(i.SDK_PwmOutLow)
    i.SDK_PwmOutToggle                       0x11004c6c   Section        0  sdk.o(i.SDK_PwmOutToggle)
    i.SDK_RAM_Check                          0x11004c84   Section        0  sdk.o(i.SDK_RAM_Check)
    SDK_RAM_Check                            0x11004c85   Thumb Code   110  sdk.o(i.SDK_RAM_Check)
    i.SDK_SystemReset                        0x11004cfc   Section        0  sdk.o(i.SDK_SystemReset)
    i.SDK_UartReadU8                         0x11004d08   Section        0  sdk.o(i.SDK_UartReadU8)
    i.SDK_UartWriteU8                        0x11004d14   Section        0  sdk.o(i.SDK_UartWriteU8)
    i.SDK_clrDFlashError                     0x11004d24   Section        0  sdk.o(i.SDK_clrDFlashError)
    i.SDK_writeDFlash                        0x11004d60   Section        0  sdk.o(i.SDK_writeDFlash)
    i.SSC1_Init                              0x11004da8   Section        0  ssc.o(i.SSC1_Init)
    i.SSC2_Init                              0x11004dc8   Section        0  ssc.o(i.SSC2_Init)
    i.Short                                  0x11004de4   Section        0  motorrestartandfaultcnt.o(i.Short)
    i.SpeedCurve                             0x11004df4   Section        0  pwmintargetspeedeval.o(i.SpeedCurve)
    i.SpeedDelayOut                          0x11004e96   Section        0  pwmintargetspeedeval.o(i.SpeedDelayOut)
    i.SpeedDelayOut_Init                     0x11004ed0   Section        0  pwmintargetspeedeval.o(i.SpeedDelayOut_Init)
    i.SysTick_Handler                        0x11004edc   Section        0  isr.o(i.SysTick_Handler)
    i.SysTick_Init                           0x11004ef0   Section        0  wdt1.o(i.SysTick_Init)
    i.SystemInit                             0x11004f18   Section        0  system_tle987x.o(i.SystemInit)
    i.T12_OM_Handler                         0x11004f48   Section        0  emo_ram.o(i.T12_OM_Handler)
    i.T12_PM_Handler                         0x11004fd0   Section        0  emo_ram.o(i.T12_PM_Handler)
    i.TIMER21_Init                           0x11005040   Section        0  timer2x.o(i.TIMER21_Init)
    i.TIMER2_Init                            0x11005064   Section        0  timer2x.o(i.TIMER2_Init)
    i.TIMER3_Init                            0x11005084   Section        0  timer3.o(i.TIMER3_Init)
    i.TLE_Init                               0x11005086   Section        0  tle_device.o(i.TLE_Init)
    i.TestMode_FactoryTest                   0x110050dc   Section        0  testmode.o(i.TestMode_FactoryTest)
    i.TestMode_FctTest                       0x110050f8   Section        0  testmode.o(i.TestMode_FctTest)
    TestMode_FctTest                         0x110050f9   Thumb Code   718  testmode.o(i.TestMode_FctTest)
    i.TestMode_TestMOS                       0x110053e8   Section        0  testmode.o(i.TestMode_TestMOS)
    i.TestMode_UartDebugPeriodTask           0x1100540c   Section        0  testmode.o(i.TestMode_UartDebugPeriodTask)
    i.Timer2CaptureHandler                   0x1100565c   Section        0  isrhandler.o(i.Timer2CaptureHandler)
    i.Timer2OverflowHandler                  0x11005660   Section        0  isrhandler.o(i.Timer2OverflowHandler)
    i.UART1_IRQHandler                       0x11005664   Section        0  isr.o(i.UART1_IRQHandler)
    i.UART1_Init                             0x1100569c   Section        0  uart.o(i.UART1_Init)
    i.UART2_IRQHandler                       0x110056a0   Section        0  isr.o(i.UART2_IRQHandler)
    i.UART2_Init                             0x110056e0   Section        0  uart.o(i.UART2_Init)
    i.Uart2RxHandler                         0x1100570c   Section        0  isrhandler.o(i.Uart2RxHandler)
    i.Uart2TxHandler                         0x11005710   Section        0  isrhandler.o(i.Uart2TxHandler)
    i.UpdateStateCnt                         0x11005714   Section        0  rt_sys_ecufaultdiag_0.o(i.UpdateStateCnt)
    UpdateStateCnt                           0x11005715   Thumb Code    74  rt_sys_ecufaultdiag_0.o(i.UpdateStateCnt)
    i.UpdateStateCnt_ofed                    0x1100575e   Section        0  ecufaultdiag.o(i.UpdateStateCnt_ofed)
    UpdateStateCnt_ofed                      0x1100575f   Thumb Code    74  ecufaultdiag.o(i.UpdateStateCnt_ofed)
    i.UsageFault_Handler                     0x110057a8   Section        0  isr.o(i.UsageFault_Handler)
    i.VoltageDiag                            0x110057aa   Section        0  ecufaultdiag.o(i.VoltageDiag)
    i.VoltageDiag_Init                       0x1100587a   Section        0  ecufaultdiag.o(i.VoltageDiag_Init)
    i.WDT1_Init                              0x11005890   Section        0  wdt1.o(i.WDT1_Init)
    i.WDT1_SOW_Service                       0x110058a8   Section        0  wdt1.o(i.WDT1_SOW_Service)
    i.WDT1_Service                           0x110058c0   Section        0  wdt1.o(i.WDT1_Service)
    i.__scatterload_copy                     0x110058ec   Section       14  handlers.o(i.__scatterload_copy)
    i.__scatterload_null                     0x110058fa   Section        2  handlers.o(i.__scatterload_null)
    i.__scatterload_zeroinit                 0x110058fc   Section       14  handlers.o(i.__scatterload_zeroinit)
    i.asr_s32                                0x1100590a   Section        0  appmain.o(i.asr_s32)
    i.look1_is16lu32n16Ds32_binlcs           0x1100591a   Section        0  appmain.o(i.look1_is16lu32n16Ds32_binlcs)
    i.main                                   0x1100598c   Section        0  main.o(i.main)
    i.mul_u32_sat                            0x11005aa0   Section        0  appmain.o(i.mul_u32_sat)
    i.mul_wide_u32                           0x11005aba   Section        0  appmain.o(i.mul_wide_u32)
    .constdata                               0x11005afa   Section      160  adcsample.o(.constdata)
    ADCSample_NTCTableX                      0x11005afa   Data          80  adcsample.o(.constdata)
    ADCSample_NTCTableY                      0x11005b4a   Data          80  adcsample.o(.constdata)
    .constdata                               0x11005b9a   Section        8  globalvars.o(.constdata)
    .constdata                               0x11005ba4   Section       92  emo_cfg.o(.constdata)
    .constdata                               0x11005c00   Section       24  emo_ram.o(.constdata)
    Buf_pCmpUpVal                            0x11005c00   Data          12  emo_ram.o(.constdata)
    Buf_pCmpDownVal                          0x11005c0c   Data          12  emo_ram.o(.constdata)
    .constdata                               0x11005c18   Section     2560  table.o(.constdata)
    .constdata                               0x11006618   Section     2050  table.o(.constdata)
    .constdata                               0x11006e1a   Section     2068  table.o(.constdata)
    .constdata                               0x1100762e   Section      514  table.o(.constdata)
    .constdata                               0x11007830   Section      512  table.o(.constdata)
    .constdata                               0x11007a30   Section        4  appmain.o(.constdata)
    .constdata                               0x11007a34   Section       44  appmain_data.o(.constdata)
    .constdata                               0x11007a60   Section        4  bootrom.o(.constdata)
    .constdata                               0x11007a64   Section        4  bootrom.o(.constdata)
    .constdata                               0x11007a68   Section        4  bootrom.o(.constdata)
    .constdata                               0x11007a6c   Section        4  bootrom.o(.constdata)
    .constdata                               0x11007fe8   Section        4  userinfo.o(.constdata)
    .constdata                               0x11007fec   Section       12  userinfo.o(.constdata)
    .ARM.__at_0x11007FFC                     0x11007ffc   Section        4  system_tle987x.o(.ARM.__at_0x11007FFC)
    .data                                    0x18000018   Section       10  main.o(.data)
    FeedBackBusStatusLast                    0x18000018   Data           1  main.o(.data)
    MsCnt10                                  0x1800001c   Data           2  main.o(.data)
    MsCnt_50                                 0x1800001e   Data           2  main.o(.data)
    MsCnt100                                 0x18000020   Data           2  main.o(.data)
    .data                                    0x18000022   Section       16  testmode.o(.data)
    MOSSwitchState                           0x18000027   Data           1  testmode.o(.data)
    FctEntryTimeOutCnt                       0x18000028   Data           1  testmode.o(.data)
    FctCmd                                   0x18000029   Data           1  testmode.o(.data)
    FctCmdLast                               0x1800002a   Data           1  testmode.o(.data)
    FctTxEn                                  0x1800002b   Data           1  testmode.o(.data)
    FctTxID                                  0x1800002c   Data           1  testmode.o(.data)
    Fct_CalIShuntZeroComplete                0x1800002d   Data           1  testmode.o(.data)
    ThisStateTimeCnt                         0x1800002e   Data           1  testmode.o(.data)
    IsFrame3Send                             0x1800002f   Data           1  testmode.o(.data)
    FrameCnt                                 0x18000030   Data           1  testmode.o(.data)
    BdrvStatus                               0x18000031   Data           1  testmode.o(.data)
    .data                                    0x18000032   Section       16  pwmin.o(.data)
    FreqBuf                                  0x18000032   Data           2  pwmin.o(.data)
    DutyBuf                                  0x18000034   Data           2  pwmin.o(.data)
    .data                                    0x18000044   Section       16  adcsample.o(.data)
    IsBatFilteredLow                         0x18000044   Data           1  adcsample.o(.data)
    FilterDiff                               0x18000048   Data           2  adcsample.o(.data)
    Time                                     0x1800004a   Data           2  adcsample.o(.data)
    ADCSample_TempLp                         0x1800004c   Data           8  adcsample.o(.data)
    .data                                    0x18000054   Section       20  motorapi.o(.data)
    MotorStateLast                           0x18000054   Data           1  motorapi.o(.data)
    SpeedLp                                  0x18000060   Data           8  motorapi.o(.data)
    .data                                    0x18000068   Section        2  motorapi.o(.data)
    .data                                    0x1800006a   Section        2  motorapi.o(.data)
    .data                                    0x1800006c   Section        1  motorapi.o(.data)
    .data                                    0x18000070   Section       36  sdk.o(.data)
    BDRVLowLast                              0x18000070   Data           1  sdk.o(.data)
    ad_errcnt                                0x18000072   Data           2  sdk.o(.data)
    vsdhigh_errcnt                           0x18000074   Data           2  sdk.o(.data)
    vsdlow_errcnt                            0x18000076   Data           2  sdk.o(.data)
    vcphigh_errcnt                           0x18000078   Data           2  sdk.o(.data)
    vcplow1_errcnt                           0x1800007a   Data           2  sdk.o(.data)
    vcplow2_errcnt                           0x1800007c   Data           2  sdk.o(.data)
    ADC1VREFFaultRstDelay                    0x1800007e   Data           2  sdk.o(.data)
    Ref5VUnderVoltageCnt                     0x18000080   Data           2  sdk.o(.data)
    BlankTime                                0x18000082   Data           2  sdk.o(.data)
    p                                        0x18000088   Data           4  sdk.o(.data)
    tmp                                      0x1800008c   Data           4  sdk.o(.data)
    .data                                    0x18000094   Section       16  dtc.o(.data)
    DTCDataStartAddr                         0x1800009c   Data           4  dtc.o(.data)
    DFlashBackUpAddr                         0x180000a0   Data           4  dtc.o(.data)
    .data                                    0x180000a4   Section       17  fancomtest.o(.data)
    uart_sig_id                              0x180000a4   Data           1  fancomtest.o(.data)
    uart_sig_ttbl                            0x180000a5   Data           8  fancomtest.o(.data)
    uart_sig_rtbl                            0x180000ad   Data           8  fancomtest.o(.data)
    .data                                    0x180000b8   Section        4  globalvars.o(.data)
    .data                                    0x180000bc   Section       36  emo.o(.data)
    Emo_IHighTime                            0x180000bc   Data           2  emo.o(.data)
    Emo_ILowTime                             0x180000be   Data           2  emo.o(.data)
    Emo_DiffIshunt                           0x180000c0   Data           2  emo.o(.data)
    Emo_OverIshunt                           0x180000c2   Data           2  emo.o(.data)
    ActIShunt_last                           0x180000c4   Data           2  emo.o(.data)
    Emo_CSA_Offset                           0x180000c6   Data           2  emo.o(.data)
    RefSpeedLast                             0x180000c8   Data           2  emo.o(.data)
    x                                        0x180000cc   Data           4  emo.o(.data)
    IShuntLp                                 0x180000d0   Data           8  emo.o(.data)
    .data                                    0x180000e0   Section       72  emo_ram.o(.data)
    p                                        0x180000f4   Data           4  emo_ram.o(.data)
    pCmpVal                                  0x180000f8   Data           4  emo_ram.o(.data)
    pCmpValBuf                               0x180000fc   Data           4  emo_ram.o(.data)
    Fluxrf                                   0x18000100   Data           4  emo_ram.o(.data)
    ci                                       0x18000104   Data           4  emo_ram.o(.data)
    ci1                                      0x18000108   Data           4  emo_ram.o(.data)
    t0Up                                     0x1800010c   Data           4  emo_ram.o(.data)
    t0Down                                   0x18000110   Data           4  emo_ram.o(.data)
    t1Up                                     0x18000114   Data           4  emo_ram.o(.data)
    t1Down                                   0x18000118   Data           4  emo_ram.o(.data)
    t2Up                                     0x1800011c   Data           4  emo_ram.o(.data)
    t2Down                                   0x18000120   Data           4  emo_ram.o(.data)
    .data                                    0x18000128   Section        4  table.o(.data)
    .data                                    0x1800012c   Section        2  appmain.o(.data)
    M_                                       0x1800012c   Data           2  appmain.o(.data)
    .data                                    0x18000130   Section        8  uart.o(.data)
    uart1                                    0x18000130   Data           4  uart.o(.data)
    uart2                                    0x18000134   Data           4  uart.o(.data)
    .data                                    0x18000138   Section        8  wdt1.o(.data)
    bSOWactive                               0x18000138   Data           1  wdt1.o(.data)
    .bss                                     0x18000140   Section      228  pwmin.o(.bss)
    PwmInVar                                 0x18000140   Data         228  pwmin.o(.bss)
    .bss                                     0x18000224   Section       42  adcsample.o(.bss)
    .bss                                     0x18000250   Section       52  motorapi.o(.bss)
    .bss                                     0x18000284   Section      196  dtc.o(.bss)
    FaultFlagAndCnt                          0x18000284   Data          94  dtc.o(.bss)
    .bss                                     0x18000348   Section       36  fancomtest.o(.bss)
    Uart_RxState_Machine                     0x18000348   Data          18  fancomtest.o(.bss)
    Uart_TxState_Machine                     0x1800035a   Data          18  fancomtest.o(.bss)
    .bss                                     0x1800036c   Section      416  emo_ram.o(.bss)
    .bss                                     0x1800050c   Section       40  emo_ram.o(.bss)
    .bss                                     0x18000534   Section      260  appmain.o(.bss)
    STACK                                    0x18000638   Section     1024  startup_tle987x.o(STACK)

    Global Symbols

    Symbol Name                              Value     Ov Type        Size  Object(Section)

    BuildAttributes$$THM_ISAv4$P$D$K$B$S$PE$A:L22UL41UL21$X:L11$S22US41US21$IEEE1$IW$USESV6$~STKCKD$USESV7$~SHL$OTIME$ROPI$EBA8$MICROLIB$REQ8$PRES8$EABIv2 0x00000000   Number         0  anon$$obj.o ABSOLUTE
    __ARM_use_no_argv                        0x00000000   Number         0  main.o ABSOLUTE
    __arm_fini_                               - Undefined Weak Reference
    __cpp_initialize__aeabi_                  - Undefined Weak Reference
    __cxa_finalize                            - Undefined Weak Reference
    _clock_init                               - Undefined Weak Reference
    _microlib_exit                            - Undefined Weak Reference
    __Vectors_Size                           0x00000080   Number         0  startup_tle987x.o ABSOLUTE
    __Vectors                                0x11000000   Data           4  startup_tle987x.o(RESET)
    __Vectors_End                            0x11000080   Data           0  startup_tle987x.o(RESET)
    __main                                   0x11000081   Thumb Code     0  entry.o(.ARM.Collect$$$$00000000)
    _main_stk                                0x11000081   Thumb Code     0  entry2.o(.ARM.Collect$$$$00000001)
    _main_scatterload                        0x11000085   Thumb Code     0  entry5.o(.ARM.Collect$$$$00000004)
    __main_after_scatterload                 0x11000089   Thumb Code     0  entry5.o(.ARM.Collect$$$$00000004)
    _main_clock                              0x11000089   Thumb Code     0  entry7b.o(.ARM.Collect$$$$00000008)
    _main_cpp_init                           0x11000089   Thumb Code     0  entry8b.o(.ARM.Collect$$$$0000000A)
    _main_init                               0x11000089   Thumb Code     0  entry9a.o(.ARM.Collect$$$$0000000B)
    __rt_lib_shutdown_fini                   0x11000091   Thumb Code     0  entry12b.o(.ARM.Collect$$$$0000000E)
    __rt_final_cpp                           0x11000095   Thumb Code     0  entry10a.o(.ARM.Collect$$$$0000000F)
    __rt_final_exit                          0x11000095   Thumb Code     0  entry11a.o(.ARM.Collect$$$$00000011)
    Reset_Handler                            0x11000099   Thumb Code     8  startup_tle987x.o(.text)
    SVC_Handler_main                         0x110000a1   Thumb Code     2  startup_tle987x.o(.text)
    NMI_Handler                              0x110000a3   Thumb Code     2  startup_tle987x.o(.text)
    DebugMon_Handler                         0x110000c5   Thumb Code     2  startup_tle987x.o(.text)
    PendSV_Handler                           0x110000c7   Thumb Code     2  startup_tle987x.o(.text)
    ADC1_IRQHandler                          0x110000cb   Thumb Code     0  startup_tle987x.o(.text)
    ADC2_IRQHandler                          0x110000cb   Thumb Code     0  startup_tle987x.o(.text)
    BDRV_IRQHandler                          0x110000cb   Thumb Code     0  startup_tle987x.o(.text)
    CCU6SR0_IRQHandler                       0x110000cb   Thumb Code     0  startup_tle987x.o(.text)
    CCU6SR2_IRQHandler                       0x110000cb   Thumb Code     0  startup_tle987x.o(.text)
    CCU6SR3_IRQHandler                       0x110000cb   Thumb Code     0  startup_tle987x.o(.text)
    DMA_IRQHandler                           0x110000cb   Thumb Code     0  startup_tle987x.o(.text)
    EXINT0_IRQHandler                        0x110000cb   Thumb Code     0  startup_tle987x.o(.text)
    EXINT1_IRQHandler                        0x110000cb   Thumb Code     0  startup_tle987x.o(.text)
    GPT2_IRQHandler                          0x110000cb   Thumb Code     0  startup_tle987x.o(.text)
    SSC1_IRQHandler                          0x110000cb   Thumb Code     0  startup_tle987x.o(.text)
    SSC2_IRQHandler                          0x110000cb   Thumb Code     0  startup_tle987x.o(.text)
    abs                                      0x110000d9   Thumb Code     8  siabs.o(.text)
    __aeabi_memcpy                           0x110000e1   Thumb Code    36  memcpya.o(.text)
    __aeabi_memcpy4                          0x110000e1   Thumb Code     0  memcpya.o(.text)
    __aeabi_memcpy8                          0x110000e1   Thumb Code     0  memcpya.o(.text)
    __aeabi_memset                           0x11000105   Thumb Code    14  memseta.o(.text)
    __aeabi_memset4                          0x11000105   Thumb Code     0  memseta.o(.text)
    __aeabi_memset8                          0x11000105   Thumb Code     0  memseta.o(.text)
    __aeabi_memclr                           0x11000113   Thumb Code     4  memseta.o(.text)
    __aeabi_memclr4                          0x11000113   Thumb Code     0  memseta.o(.text)
    __aeabi_memclr8                          0x11000113   Thumb Code     0  memseta.o(.text)
    _memset$wrapper                          0x11000117   Thumb Code    18  memseta.o(.text)
    __aeabi_fmul                             0x11000129   Thumb Code   100  fmul.o(.text)
    __aeabi_fdiv                             0x1100018d   Thumb Code   124  fdiv.o(.text)
    __ARM_scalbnf                            0x11000209   Thumb Code    24  fscalb.o(.text)
    scalbnf                                  0x11000209   Thumb Code     0  fscalb.o(.text)
    __aeabi_dmul                             0x11000221   Thumb Code   228  dmul.o(.text)
    __aeabi_ddiv                             0x11000305   Thumb Code   222  ddiv.o(.text)
    __ARM_scalbn                             0x110003e3   Thumb Code    46  dscalb.o(.text)
    scalbn                                   0x110003e3   Thumb Code     0  dscalb.o(.text)
    __aeabi_ui2f                             0x11000411   Thumb Code    10  ffltui.o(.text)
    __aeabi_ui2d                             0x1100041b   Thumb Code    26  dfltui.o(.text)
    __aeabi_f2iz                             0x11000435   Thumb Code    50  ffixi.o(.text)
    __aeabi_f2uiz                            0x11000467   Thumb Code    40  ffixui.o(.text)
    __aeabi_d2iz                             0x1100048f   Thumb Code    62  dfixi.o(.text)
    __aeabi_d2uiz                            0x110004cd   Thumb Code    50  dfixui.o(.text)
    __aeabi_f2d                              0x110004ff   Thumb Code    38  f2d.o(.text)
    __aeabi_d2f                              0x11000525   Thumb Code    56  d2f.o(.text)
    __aeabi_llsl                             0x1100055d   Thumb Code    30  llshl.o(.text)
    _ll_shift_l                              0x1100055d   Thumb Code     0  llshl.o(.text)
    __aeabi_llsr                             0x1100057b   Thumb Code    32  llushr.o(.text)
    _ll_ushift_r                             0x1100057b   Thumb Code     0  llushr.o(.text)
    __I$use$fp                               0x1100059b   Thumb Code     0  iusefp.o(.text)
    _float_round                             0x1100059b   Thumb Code    18  fepilogue.o(.text)
    _float_epilogue                          0x110005ad   Thumb Code    92  fepilogue.o(.text)
    _double_round                            0x11000609   Thumb Code    30  depilogue.o(.text)
    _double_epilogue                         0x11000627   Thumb Code   156  depilogue.o(.text)
    __scatterload                            0x110006c5   Thumb Code    28  init.o(.text)
    __scatterload_rt2                        0x110006c5   Thumb Code     0  init.o(.text)
    __decompress                             0x110006e9   Thumb Code     0  __dczerorl2.o(.text)
    __decompress1                            0x110006e9   Thumb Code    86  __dczerorl2.o(.text)
    ADC1_GetChResult                         0x11000741   Thumb Code    32  adc1.o(i.ADC1_GetChResult)
    ADC1_Init                                0x11000765   Thumb Code   112  adc1.o(i.ADC1_Init)
    ADC2_Init                                0x110007e1   Thumb Code    72  adc2.o(i.ADC2_Init)
    ADCSample_GetAmbT                        0x110008d1   Thumb Code    64  adcsample.o(i.ADCSample_GetAmbT)
    ADCSample_GetBat                         0x11000919   Thumb Code    32  adcsample.o(i.ADCSample_GetBat)
    ADCSample_PeriodTask                     0x1100093d   Thumb Code   162  adcsample.o(i.ADCSample_PeriodTask)
    AmbTOverDiag                             0x110009ed   Thumb Code   268  rt_sys_ecufaultdiag_0.o(i.AmbTOverDiag)
    AmbTOverDiag_Init                        0x11000afd   Thumb Code    20  rt_sys_ecufaultdiag_0.o(i.AmbTOverDiag_Init)
    AmbTemperatureDiag                       0x11000b11   Thumb Code    36  ecufaultdiag.o(i.AmbTemperatureDiag)
    AmbTemperatureDiag_Init                  0x11000b35   Thumb Code     4  ecufaultdiag.o(i.AmbTemperatureDiag_Init)
    AppMain_initialize                       0x11000b39   Thumb Code   100  appmain.o(i.AppMain_initialize)
    AppMain_step                             0x11000ba5   Thumb Code   308  appmain.o(i.AppMain_step)
    AppTimeBaseHandler                       0x11000ce1   Thumb Code    34  isrhandler.o(i.AppTimeBaseHandler)
    BDRV_Clr_Sts                             0x11000d0d   Thumb Code     8  bdrv.o(i.BDRV_Clr_Sts)
    BDRV_Init                                0x11000d19   Thumb Code    68  bdrv.o(i.BDRV_Init)
    BDRV_Set_Bridge                          0x11000d75   Thumb Code   112  bdrv.o(i.BDRV_Set_Bridge)
    BufDataSameFirstCnt                      0x11000de9   Thumb Code    96  pwmintargetspeedeval.o(i.BufDataSameFirstCnt)
    BusFault_Handler                         0x11000e49   Thumb Code     2  isr.o(i.BusFault_Handler)
    CCU6SR1_IRQHandler                       0x11000e4d   Thumb Code    72  isr.o(i.CCU6SR1_IRQHandler)
    CCU6_Init                                0x11000e9d   Thumb Code   110  ccu6.o(i.CCU6_Init)
    CSA_Init                                 0x11000f11   Thumb Code    16  csa.o(i.CSA_Init)
    Common_CopyMem                           0x11000f25   Thumb Code    20  common.o(i.Common_CopyMem)
    Common_ExeLookUpTable                    0x11000f39   Thumb Code   110  common.o(i.Common_ExeLookUpTable)
    Common_SetStatusDelay                    0x11000fa7   Thumb Code    30  common.o(i.Common_SetStatusDelay)
    DMA_Init                                 0x11000fc5   Thumb Code    12  dma.o(i.DMA_Init)
    DTC_GetRecord                            0x11001075   Thumb Code    30  dtc.o(i.DTC_GetRecord)
    DTC_Init                                 0x11001099   Thumb Code    60  dtc.o(i.DTC_Init)
    DTC_PeriodTask                           0x110010e5   Thumb Code   842  dtc.o(i.DTC_PeriodTask)
    DelayOut                                 0x110014e5   Thumb Code   112  feedback.o(i.DelayOut)
    DelayOut_Init                            0x11001555   Thumb Code    12  feedback.o(i.DelayOut_Init)
    DutyBufUpdate                            0x11001561   Thumb Code    30  pwmintargetspeedeval.o(i.DutyBufUpdate)
    DutyFilter                               0x1100157f   Thumb Code   218  pwmintargetspeedeval.o(i.DutyFilter)
    DutyFilter_Init                          0x11001659   Thumb Code    26  pwmintargetspeedeval.o(i.DutyFilter_Init)
    DutyFilter_Reset                         0x11001673   Thumb Code    20  pwmintargetspeedeval.o(i.DutyFilter_Reset)
    ECUFaultDiag                             0x11001687   Thumb Code    62  ecufaultdiag.o(i.ECUFaultDiag)
    ECUFaultDiag_Init                        0x110016c5   Thumb Code    30  ecufaultdiag.o(i.ECUFaultDiag_Init)
    Emo_CaculateIShunt                       0x110016e5   Thumb Code    74  emo.o(i.Emo_CaculateIShunt)
    Emo_IShuntLimit                          0x11001739   Thumb Code   320  emo.o(i.Emo_IShuntLimit)
    Emo_Init                                 0x11001885   Thumb Code    28  emo.o(i.Emo_Init)
    Emo_MLowTask                             0x110018a9   Thumb Code   456  emo.o(i.Emo_MLowTask)
    Emo_RAM_CurrAdc1                         0x11001a81   Thumb Code   180  emo_ram.o(i.Emo_RAM_CurrAdc1)
    Emo_RAM_MHighTask                        0x11001b3d   Thumb Code  1782  emo_ram.o(i.Emo_RAM_MHighTask)
    Emo_StartMotor                           0x110023b1   Thumb Code   152  emo.o(i.Emo_StartMotor)
    Emo_StopMotor                            0x11002459   Thumb Code    64  emo.o(i.Emo_StopMotor)
    Emo_calIShuntZero                        0x110024a5   Thumb Code   438  emo.o(i.Emo_calIShuntZero)
    Emo_lInitFocPar                          0x1100267d   Thumb Code  1528  emo.o(i.Emo_lInitFocPar)
    Emo_lInitFocVar                          0x11002c8d   Thumb Code   150  emo.o(i.Emo_lInitFocVar)
    FanComTest_GetRxID                       0x11002d35   Thumb Code     6  fancomtest.o(i.FanComTest_GetRxID)
    FanComTest_ReadU8                        0x11002d41   Thumb Code    14  fancomtest.o(i.FanComTest_ReadU8)
    FanComTest_ResetU8                       0x11002d55   Thumb Code    12  fancomtest.o(i.FanComTest_ResetU8)
    FanComTest_RxHandler                     0x11002d65   Thumb Code   196  fancomtest.o(i.FanComTest_RxHandler)
    FanComTest_StartFrameTransmission        0x11002e31   Thumb Code    38  fancomtest.o(i.FanComTest_StartFrameTransmission)
    FanComTest_TxHandler                     0x11002e61   Thumb Code    98  fancomtest.o(i.FanComTest_TxHandler)
    FanComTest_WriteS16                      0x11002ed9   Thumb Code    32  fancomtest.o(i.FanComTest_WriteS16)
    FanComTest_WriteU16                      0x11002efd   Thumb Code    32  fancomtest.o(i.FanComTest_WriteU16)
    FanComTest_WriteU8                       0x11002f21   Thumb Code    10  fancomtest.o(i.FanComTest_WriteU8)
    FctEmo_calIShuntZero                     0x11002f31   Thumb Code   318  emo.o(i.FctEmo_calIShuntZero)
    FeedBack                                 0x1100308d   Thumb Code   658  feedback.o(i.FeedBack)
    FeedBackDelay                            0x11003335   Thumb Code    54  feedback.o(i.FeedBackDelay)
    FeedBackDelay_Init                       0x1100336b   Thumb Code     6  feedback.o(i.FeedBackDelay_Init)
    FeedBack_Init                            0x11003371   Thumb Code    94  feedback.o(i.FeedBack_Init)
    FreqValidJudge                           0x110033d9   Thumb Code   144  pwmintargetspeedeval.o(i.FreqValidJudge)
    FreqValidJudge_Init                      0x11003469   Thumb Code    14  pwmintargetspeedeval.o(i.FreqValidJudge_Init)
    FreqValidJudge_Reset                     0x11003477   Thumb Code    14  pwmintargetspeedeval.o(i.FreqValidJudge_Reset)
    GPT12E_Init                              0x11003485   Thumb Code    56  gpt12e.o(i.GPT12E_Init)
    GPT1_IRQHandler                          0x110034c1   Thumb Code    58  isr.o(i.GPT1_IRQHandler)
    GPT1_T2_Handler                          0x11003501   Thumb Code    26  isrhandler.o(i.GPT1_T2_Handler)
    GPT1_T4_Handler                          0x11003525   Thumb Code     2  isrhandler.o(i.GPT1_T4_Handler)
    HardFault_Handler                        0x11003527   Thumb Code     2  isr.o(i.HardFault_Handler)
    INT_Init                                 0x11003529   Thumb Code   126  int.o(i.INT_Init)
    LIN_Init                                 0x110035c5   Thumb Code     2  lin.o(i.LIN_Init)
    MON_Init                                 0x110035c9   Thumb Code    10  mon.o(i.MON_Init)
    MemManage_Handler                        0x11003721   Thumb Code     2  isr.o(i.MemManage_Handler)
    MotorAPI_MotorInit                       0x110037d1   Thumb Code    18  motorapi.o(i.MotorAPI_MotorInit)
    MotorAPI_MotorPeriodTask                 0x11003831   Thumb Code   318  motorapi.o(i.MotorAPI_MotorPeriodTask)
    MotorAPI_MotorSetSpeed                   0x11003981   Thumb Code   180  motorapi.o(i.MotorAPI_MotorSetSpeed)
    MotorRestartAndFaultCnt                  0x11003c0d   Thumb Code   540  motorrestartandfaultcnt.o(i.MotorRestartAndFaultCnt)
    MotorRestartAndFaultCnt_Init             0x11003e29   Thumb Code    24  motorrestartandfaultcnt.o(i.MotorRestartAndFaultCnt_Init)
    MotorTargetSpeedMux                      0x11003e41   Thumb Code    10  motortargetspeedmux.o(i.MotorTargetSpeedMux)
    PMU_Init                                 0x11003e4d   Thumb Code    68  pmu.o(i.PMU_Init)
    PORT_Init                                0x11003e95   Thumb Code    64  port.o(i.PORT_Init)
    ProgramPage                              0x11003ed9   Thumb Code   110  bootrom.o(i.ProgramPage)
    PwmInNotShort                            0x11003f49   Thumb Code   110  pwmintargetspeedeval.o(i.PwmInNotShort)
    PwmInNotShort_Disable                    0x11003fc1   Thumb Code    20  pwmintargetspeedeval.o(i.PwmInNotShort_Disable)
    PwmInNotShort_Init                       0x11003fd9   Thumb Code    32  pwmintargetspeedeval.o(i.PwmInNotShort_Init)
    PwmInNotShort_Reset                      0x11004001   Thumb Code    22  pwmintargetspeedeval.o(i.PwmInNotShort_Reset)
    PwmInParamEval                           0x1100401d   Thumb Code    16  pwminparameval.o(i.PwmInParamEval)
    PwmInShort                               0x11004035   Thumb Code    54  pwmintargetspeedeval.o(i.PwmInShort)
    PwmInShort_Init                          0x11004079   Thumb Code    10  pwmintargetspeedeval.o(i.PwmInShort_Init)
    PwmInShort_Reset                         0x11004089   Thumb Code    10  pwmintargetspeedeval.o(i.PwmInShort_Reset)
    PwmInSpeedCtrl                           0x11004099   Thumb Code   318  pwmintargetspeedeval.o(i.PwmInSpeedCtrl)
    PwmInSpeedCtrl_Disable                   0x110041ed   Thumb Code    28  pwmintargetspeedeval.o(i.PwmInSpeedCtrl_Disable)
    PwmInSpeedCtrl_Init                      0x1100420d   Thumb Code    50  pwmintargetspeedeval.o(i.PwmInSpeedCtrl_Init)
    PwmInTargetSpeedEval                     0x11004249   Thumb Code    68  pwmintargetspeedeval.o(i.PwmInTargetSpeedEval)
    PwmInTargetSpeedEval_Init                0x11004295   Thumb Code    12  pwmintargetspeedeval.o(i.PwmInTargetSpeedEval_Init)
    PwmIn_CaptureHandler                     0x110042c1   Thumb Code   158  pwmin.o(i.PwmIn_CaptureHandler)
    PwmIn_CaptureTimerOverFlowHandler        0x11004369   Thumb Code    56  pwmin.o(i.PwmIn_CaptureTimerOverFlowHandler)
    PwmIn_PeriodTask                         0x110043a5   Thumb Code   302  pwmin.o(i.PwmIn_PeriodTask)
    PwmInshortDetect                         0x110044ed   Thumb Code    60  pwminparameval.o(i.PwmInshortDetect)
    SCU_ClkInit                              0x11004535   Thumb Code   318  scu.o(i.SCU_ClkInit)
    SCU_Init                                 0x1100467d   Thumb Code    52  scu.o(i.SCU_Init)
    SDK_ADCGetChResult                       0x110046b1   Thumb Code    80  sdk.o(i.SDK_ADCGetChResult)
    SDK_BDRVGetShortStatus                   0x11004709   Thumb Code    42  sdk.o(i.SDK_BDRVGetShortStatus)
    SDK_BDRV_Off                             0x1100473d   Thumb Code    20  sdk.o(i.SDK_BDRV_Off)
    SDK_BDRV_TestMos                         0x11004751   Thumb Code   192  sdk.o(i.SDK_BDRV_TestMos)
    SDK_EEPROM_Read                          0x11004815   Thumb Code    20  sdk.o(i.SDK_EEPROM_Read)
    SDK_EcuFaultDiag                         0x11004829   Thumb Code   720  sdk.o(i.SDK_EcuFaultDiag)
    SDK_FeedWDog                             0x11004b11   Thumb Code     4  sdk.o(i.SDK_FeedWDog)
    SDK_HardwareInit                         0x11004b15   Thumb Code    14  sdk.o(i.SDK_HardwareInit)
    SDK_IsPwmInCap                           0x11004b25   Thumb Code    10  sdk.o(i.SDK_IsPwmInCap)
    SDK_Mem_Check                            0x11004b35   Thumb Code    90  sdk.o(i.SDK_Mem_Check)
    SDK_PwmInCaptureTimerReset               0x11004bed   Thumb Code    24  sdk.o(i.SDK_PwmInCaptureTimerReset)
    SDK_PwmInGetBusStatus                    0x11004c09   Thumb Code    10  sdk.o(i.SDK_PwmInGetBusStatus)
    SDK_PwmInGetCaptureCnt                   0x11004c19   Thumb Code    16  sdk.o(i.SDK_PwmInGetCaptureCnt)
    SDK_PwmInIsCaptureTimerRunning           0x11004c2d   Thumb Code    10  sdk.o(i.SDK_PwmInIsCaptureTimerRunning)
    SDK_PwmInSetCaptureFallingEdge           0x11004c3d   Thumb Code    12  sdk.o(i.SDK_PwmInSetCaptureFallingEdge)
    SDK_PwmOutHigh                           0x11004c4d   Thumb Code    12  sdk.o(i.SDK_PwmOutHigh)
    SDK_PwmOutLow                            0x11004c5d   Thumb Code    12  sdk.o(i.SDK_PwmOutLow)
    SDK_PwmOutToggle                         0x11004c6d   Thumb Code    18  sdk.o(i.SDK_PwmOutToggle)
    SDK_SystemReset                          0x11004cfd   Thumb Code     8  sdk.o(i.SDK_SystemReset)
    SDK_UartReadU8                           0x11004d09   Thumb Code     6  sdk.o(i.SDK_UartReadU8)
    SDK_UartWriteU8                          0x11004d15   Thumb Code    12  sdk.o(i.SDK_UartWriteU8)
    SDK_clrDFlashError                       0x11004d25   Thumb Code    44  sdk.o(i.SDK_clrDFlashError)
    SDK_writeDFlash                          0x11004d61   Thumb Code    66  sdk.o(i.SDK_writeDFlash)
    SSC1_Init                                0x11004da9   Thumb Code    26  ssc.o(i.SSC1_Init)
    SSC2_Init                                0x11004dc9   Thumb Code    24  ssc.o(i.SSC2_Init)
    Short                                    0x11004de5   Thumb Code    16  motorrestartandfaultcnt.o(i.Short)
    SpeedCurve                               0x11004df5   Thumb Code   162  pwmintargetspeedeval.o(i.SpeedCurve)
    SpeedDelayOut                            0x11004e97   Thumb Code    58  pwmintargetspeedeval.o(i.SpeedDelayOut)
    SpeedDelayOut_Init                       0x11004ed1   Thumb Code    12  pwmintargetspeedeval.o(i.SpeedDelayOut_Init)
    SysTick_Handler                          0x11004edd   Thumb Code    16  isr.o(i.SysTick_Handler)
    SysTick_Init                             0x11004ef1   Thumb Code    40  wdt1.o(i.SysTick_Init)
    SystemInit                               0x11004f19   Thumb Code    34  system_tle987x.o(i.SystemInit)
    T12_OM_Handler                           0x11004f49   Thumb Code   102  emo_ram.o(i.T12_OM_Handler)
    T12_PM_Handler                           0x11004fd1   Thumb Code    84  emo_ram.o(i.T12_PM_Handler)
    TIMER21_Init                             0x11005041   Thumb Code    30  timer2x.o(i.TIMER21_Init)
    TIMER2_Init                              0x11005065   Thumb Code    26  timer2x.o(i.TIMER2_Init)
    TIMER3_Init                              0x11005085   Thumb Code     2  timer3.o(i.TIMER3_Init)
    TLE_Init                                 0x11005087   Thumb Code    86  tle_device.o(i.TLE_Init)
    TestMode_FactoryTest                     0x110050dd   Thumb Code    22  testmode.o(i.TestMode_FactoryTest)
    TestMode_TestMOS                         0x110053e9   Thumb Code    32  testmode.o(i.TestMode_TestMOS)
    TestMode_UartDebugPeriodTask             0x1100540d   Thumb Code   560  testmode.o(i.TestMode_UartDebugPeriodTask)
    Timer2CaptureHandler                     0x1100565d   Thumb Code     4  isrhandler.o(i.Timer2CaptureHandler)
    Timer2OverflowHandler                    0x11005661   Thumb Code     4  isrhandler.o(i.Timer2OverflowHandler)
    UART1_IRQHandler                         0x11005665   Thumb Code    48  isr.o(i.UART1_IRQHandler)
    UART1_Init                               0x1100569d   Thumb Code     2  uart.o(i.UART1_Init)
    UART2_IRQHandler                         0x110056a1   Thumb Code    56  isr.o(i.UART2_IRQHandler)
    UART2_Init                               0x110056e1   Thumb Code    36  uart.o(i.UART2_Init)
    Uart2RxHandler                           0x1100570d   Thumb Code     4  isrhandler.o(i.Uart2RxHandler)
    Uart2TxHandler                           0x11005711   Thumb Code     4  isrhandler.o(i.Uart2TxHandler)
    UsageFault_Handler                       0x110057a9   Thumb Code     2  isr.o(i.UsageFault_Handler)
    VoltageDiag                              0x110057ab   Thumb Code   208  ecufaultdiag.o(i.VoltageDiag)
    VoltageDiag_Init                         0x1100587b   Thumb Code    20  ecufaultdiag.o(i.VoltageDiag_Init)
    WDT1_Init                                0x11005891   Thumb Code    16  wdt1.o(i.WDT1_Init)
    WDT1_SOW_Service                         0x110058a9   Thumb Code    16  wdt1.o(i.WDT1_SOW_Service)
    WDT1_Service                             0x110058c1   Thumb Code    34  wdt1.o(i.WDT1_Service)
    __scatterload_copy                       0x110058ed   Thumb Code    14  handlers.o(i.__scatterload_copy)
    __scatterload_null                       0x110058fb   Thumb Code     2  handlers.o(i.__scatterload_null)
    __scatterload_zeroinit                   0x110058fd   Thumb Code    14  handlers.o(i.__scatterload_zeroinit)
    asr_s32                                  0x1100590b   Thumb Code    16  appmain.o(i.asr_s32)
    look1_is16lu32n16Ds32_binlcs             0x1100591b   Thumb Code   112  appmain.o(i.look1_is16lu32n16Ds32_binlcs)
    main                                     0x1100598d   Thumb Code   240  main.o(i.main)
    mul_u32_sat                              0x11005aa1   Thumb Code    26  appmain.o(i.mul_u32_sat)
    mul_wide_u32                             0x11005abb   Thumb Code    64  appmain.o(i.mul_wide_u32)
    ProductVersion                           0x11005b9a   Data           8  globalvars.o(.constdata)
    Emo_Focpar_Cfg                           0x11005ba4   Data          92  emo_cfg.o(.constdata)
    Table_Sin                                0x11005c18   Data        2560  table.o(.constdata)
    Table_ArcTan                             0x11006618   Data        2050  table.o(.constdata)
    Table_Amp                                0x11006e1a   Data        2068  table.o(.constdata)
    Table_sqrtmqu                            0x1100762e   Data         514  table.o(.constdata)
    Table_Sin60                              0x11007830   Data         512  table.o(.constdata)
    M                                        0x11007a30   Data           4  appmain.o(.constdata)
    ConstP                                   0x11007a34   Data          44  appmain_data.o(.constdata)
    USER_CFLASH_WR_PROT_EN                   0x11007a60   Data           4  bootrom.o(.constdata)
    USER_MAPRAM_INIT                         0x11007a64   Data           4  bootrom.o(.constdata)
    USER_ERASE_SECTOR                        0x11007a68   Data           4  bootrom.o(.constdata)
    USER_NVM_ECC_CHECK                       0x11007a6c   Data           4  bootrom.o(.constdata)
    Region$$Table$$Base                      0x11007a70   Number         0  anon$$obj.o(Region$$Table)
    Region$$Table$$Limit                     0x11007a90   Number         0  anon$$obj.o(Region$$Table)
    FlashCheckSum                            0x11007fe8   Data           4  userinfo.o(.constdata)
    FlashECUInfo                             0x11007fec   Data          12  userinfo.o(.constdata)
    p_NACNAD                                 0x11007ffc   Data           4  system_tle987x.o(.ARM.__at_0x11007FFC)
    MsCnt1                                   0x1800001a   Data           2  main.o(.data)
    IsInTestMode                             0x18000022   Data           1  testmode.o(.data)
    IsInFctTestMode                          0x18000023   Data           1  testmode.o(.data)
    IsInTerminalTestMode                     0x18000024   Data           1  testmode.o(.data)
    FctTestMOSEn                             0x18000025   Data           1  testmode.o(.data)
    FctTestPwmOut5HzEn                       0x18000026   Data           1  testmode.o(.data)
    PwmIn                                    0x18000036   Data          12  pwmin.o(.data)
    ADCSample_Temp                           0x18000046   Data           2  adcsample.o(.data)
    SpeedOutRangeReason                      0x18000055   Data           1  motorapi.o(.data)
    DryRunningCurrent                        0x18000058   Data           4  motorapi.o(.data)
    DryRunningCurrentTHR                     0x1800005c   Data           4  motorapi.o(.data)
    MotorAPI_FeedBackCnt                     0x18000068   Data           2  motorapi.o(.data)
    MotorAPI_FeedBackClearComplete           0x1800006a   Data           2  motorapi.o(.data)
    CSAZeroFault                             0x1800006c   Data           1  motorapi.o(.data)
    FlashCheckSumCal                         0x18000084   Data           4  sdk.o(.data)
    ECUFaults                                0x18000090   Data           4  sdk.o(.data)
    DtcDataSwRstEn                           0x18000094   Data           1  dtc.o(.data)
    DtcIShuntWriteEn                         0x18000095   Data           1  dtc.o(.data)
    DTC_CalIShuntZeroEn                      0x18000096   Data           1  dtc.o(.data)
    IsDTCUpdated                             0x18000097   Data           1  dtc.o(.data)
    DTCVarBytesLen                           0x18000098   Data           2  dtc.o(.data)
    PowerUpTimeMs                            0x180000b8   Data           4  globalvars.o(.data)
    Emo_Status                               0x180000d8   Data           8  emo.o(.data)
    AngleOffset                              0x180000e0   Data           2  emo_ram.o(.data)
    AdcResult0                               0x180000e2   Data           2  emo_ram.o(.data)
    AdcResult1                               0x180000e4   Data           2  emo_ram.o(.data)
    R0mioffs                                 0x180000e6   Data           2  emo_ram.o(.data)
    OffsmiR1                                 0x180000e8   Data           2  emo_ram.o(.data)
    R1miR0                                   0x180000ea   Data           2  emo_ram.o(.data)
    Tempu                                    0x180000ec   Data           2  emo_ram.o(.data)
    deltaphi                                 0x180000ee   Data           2  emo_ram.o(.data)
    domega                                   0x180000f0   Data           2  emo_ram.o(.data)
    Flux                                     0x18000124   Data           4  emo_ram.o(.data)
    pTable_Cos                               0x18000128   Data           4  table.o(.data)
    WD_Counter                               0x1800013c   Data           4  wdt1.o(.data)
    ADCResults                               0x18000224   Data          42  adcsample.o(.bss)
    MotorAPIVar                              0x18000250   Data          52  motorapi.o(.bss)
    DTCVar                                   0x180002e2   Data         102  dtc.o(.bss)
    Emo_Ctrl                                 0x1800036c   Data         232  emo_ram.o(.bss)
    Emo_Foc                                  0x18000454   Data         116  emo_ram.o(.bss)
    Emo_Svm                                  0x180004c8   Data          48  emo_ram.o(.bss)
    Emo_AdcResult                            0x180004f8   Data          20  emo_ram.o(.bss)
    CompareVal                               0x1800050c   Data          40  emo_ram.o(.bss)
    B                                        0x18000534   Data          54  appmain.o(.bss)
    DW                                       0x1800056a   Data         156  appmain.o(.bss)
    U                                        0x18000606   Data          28  appmain.o(.bss)
    Y                                        0x18000622   Data          22  appmain.o(.bss)
    __initial_sp                             0x18000a38   Data           0  startup_tle987x.o(STACK)



==============================================================================

Memory Map of the image

  Image Entry point : 0x11000081

  Load Region LR_IROM1 (Base: 0x11000000, Size: 0x00007bb8, Max: 0x00007fe8, ABSOLUTE)

    Execution Region ER_IROM1 (Exec base: 0x11000000, Load base: 0x11000000, Size: 0x00007a90, Max: 0x00007fe8, ABSOLUTE)

    Exec Addr    Load Addr    Size         Type   Attr      Idx    E Section Name        Object

    0x11000000   0x11000000   0x00000080   Data   RO         2830    RESET               startup_tle987x.o
    0x11000080   0x11000080   0x00000000   Code   RO         3143  * .ARM.Collect$$$$00000000  mc_w.l(entry.o)
    0x11000080   0x11000080   0x00000004   Code   RO         3186    .ARM.Collect$$$$00000001  mc_w.l(entry2.o)
    0x11000084   0x11000084   0x00000004   Code   RO         3189    .ARM.Collect$$$$00000004  mc_w.l(entry5.o)
    0x11000088   0x11000088   0x00000000   Code   RO         3191    .ARM.Collect$$$$00000008  mc_w.l(entry7b.o)
    0x11000088   0x11000088   0x00000000   Code   RO         3193    .ARM.Collect$$$$0000000A  mc_w.l(entry8b.o)
    0x11000088   0x11000088   0x00000008   Code   RO         3194    .ARM.Collect$$$$0000000B  mc_w.l(entry9a.o)
    0x11000090   0x11000090   0x00000004   Code   RO         3201    .ARM.Collect$$$$0000000E  mc_w.l(entry12b.o)
    0x11000094   0x11000094   0x00000000   Code   RO         3196    .ARM.Collect$$$$0000000F  mc_w.l(entry10a.o)
    0x11000094   0x11000094   0x00000000   Code   RO         3198    .ARM.Collect$$$$00000011  mc_w.l(entry11a.o)
    0x11000094   0x11000094   0x00000004   Code   RO         3187    .ARM.Collect$$$$00002712  mc_w.l(entry2.o)
    0x11000098   0x11000098   0x00000040   Code   RO         2831    .text               startup_tle987x.o
    0x110000d8   0x110000d8   0x00000008   Code   RO         3148    .text               mc_w.l(siabs.o)
    0x110000e0   0x110000e0   0x00000024   Code   RO         3152    .text               mc_w.l(memcpya.o)
    0x11000104   0x11000104   0x00000024   Code   RO         3154    .text               mc_w.l(memseta.o)
    0x11000128   0x11000128   0x00000064   Code   RO         3158    .text               mf_w.l(fmul.o)
    0x1100018c   0x1100018c   0x0000007c   Code   RO         3160    .text               mf_w.l(fdiv.o)
    0x11000208   0x11000208   0x00000018   Code   RO         3162    .text               mf_w.l(fscalb.o)
    0x11000220   0x11000220   0x000000e4   Code   RO         3164    .text               mf_w.l(dmul.o)
    0x11000304   0x11000304   0x000000de   Code   RO         3166    .text               mf_w.l(ddiv.o)
    0x110003e2   0x110003e2   0x0000002e   Code   RO         3168    .text               mf_w.l(dscalb.o)
    0x11000410   0x11000410   0x0000000a   Code   RO         3170    .text               mf_w.l(ffltui.o)
    0x1100041a   0x1100041a   0x0000001a   Code   RO         3172    .text               mf_w.l(dfltui.o)
    0x11000434   0x11000434   0x00000032   Code   RO         3174    .text               mf_w.l(ffixi.o)
    0x11000466   0x11000466   0x00000028   Code   RO         3176    .text               mf_w.l(ffixui.o)
    0x1100048e   0x1100048e   0x0000003e   Code   RO         3178    .text               mf_w.l(dfixi.o)
    0x110004cc   0x110004cc   0x00000032   Code   RO         3180    .text               mf_w.l(dfixui.o)
    0x110004fe   0x110004fe   0x00000026   Code   RO         3182    .text               mf_w.l(f2d.o)
    0x11000524   0x11000524   0x00000038   Code   RO         3184    .text               mf_w.l(d2f.o)
    0x1100055c   0x1100055c   0x0000001e   Code   RO         3202    .text               mc_w.l(llshl.o)
    0x1100057a   0x1100057a   0x00000020   Code   RO         3204    .text               mc_w.l(llushr.o)
    0x1100059a   0x1100059a   0x00000000   Code   RO         3206    .text               mc_w.l(iusefp.o)
    0x1100059a   0x1100059a   0x0000006e   Code   RO         3207    .text               mf_w.l(fepilogue.o)
    0x11000608   0x11000608   0x000000ba   Code   RO         3209    .text               mf_w.l(depilogue.o)
    0x110006c2   0x110006c2   0x00000002   PAD
    0x110006c4   0x110006c4   0x00000024   Code   RO         3211    .text               mc_w.l(init.o)
    0x110006e8   0x110006e8   0x00000056   Code   RO         3221    .text               mc_w.l(__dczerorl2.o)
    0x1100073e   0x1100073e   0x00000002   PAD
    0x11000740   0x11000740   0x00000024   Code   RO         1952    i.ADC1_GetChResult  adc1.o
    0x11000764   0x11000764   0x0000007c   Code   RO         1956    i.ADC1_Init         adc1.o
    0x110007e0   0x110007e0   0x0000005c   Code   RO         2042    i.ADC2_Init         adc2.o
    0x1100083c   0x1100083c   0x00000094   Code   RO          395    i.ADCSample_BatVoltageFilter  adcsample.o
    0x110008d0   0x110008d0   0x00000048   Code   RO          396    i.ADCSample_GetAmbT  adcsample.o
    0x11000918   0x11000918   0x00000024   Code   RO          397    i.ADCSample_GetBat  adcsample.o
    0x1100093c   0x1100093c   0x000000b0   Code   RO          398    i.ADCSample_PeriodTask  adcsample.o
    0x110009ec   0x110009ec   0x00000110   Code   RO         1913    i.AmbTOverDiag      rt_sys_ecufaultdiag_0.o
    0x11000afc   0x11000afc   0x00000014   Code   RO         1914    i.AmbTOverDiag_Init  rt_sys_ecufaultdiag_0.o
    0x11000b10   0x11000b10   0x00000024   Code   RO         1581    i.AmbTemperatureDiag  ecufaultdiag.o
    0x11000b34   0x11000b34   0x00000004   Code   RO         1582    i.AmbTemperatureDiag_Init  ecufaultdiag.o
    0x11000b38   0x11000b38   0x0000006c   Code   RO         1481    i.AppMain_initialize  appmain.o
    0x11000ba4   0x11000ba4   0x0000013c   Code   RO         1482    i.AppMain_step      appmain.o
    0x11000ce0   0x11000ce0   0x0000002c   Code   RO          951    i.AppTimeBaseHandler  isrhandler.o
    0x11000d0c   0x11000d0c   0x0000000c   Code   RO         2069    i.BDRV_Clr_Sts      bdrv.o
    0x11000d18   0x11000d18   0x0000005c   Code   RO         2071    i.BDRV_Init         bdrv.o
    0x11000d74   0x11000d74   0x00000074   Code   RO         2073    i.BDRV_Set_Bridge   bdrv.o
    0x11000de8   0x11000de8   0x00000060   Code   RO         1764    i.BufDataSameFirstCnt  pwmintargetspeedeval.o
    0x11000e48   0x11000e48   0x00000002   Code   RO         2434    i.BusFault_Handler  isr.o
    0x11000e4a   0x11000e4a   0x00000002   PAD
    0x11000e4c   0x11000e4c   0x00000050   Code   RO         2435    i.CCU6SR1_IRQHandler  isr.o
    0x11000e9c   0x11000e9c   0x00000074   Code   RO         2218    i.CCU6_Init         ccu6.o
    0x11000f10   0x11000f10   0x00000014   Code   RO         2251    i.CSA_Init          csa.o
    0x11000f24   0x11000f24   0x00000014   Code   RO          231    i.Common_CopyMem    common.o
    0x11000f38   0x11000f38   0x0000006e   Code   RO          232    i.Common_ExeLookUpTable  common.o
    0x11000fa6   0x11000fa6   0x0000001e   Code   RO          233    i.Common_SetStatusDelay  common.o
    0x11000fc4   0x11000fc4   0x00000014   Code   RO         2295    i.DMA_Init          dma.o
    0x11000fd8   0x11000fd8   0x00000048   Code   RO          771    i.DTCPowerCntUpdate  dtc.o
    0x11001020   0x11001020   0x0000002c   Code   RO          772    i.DTCVarReset       dtc.o
    0x1100104c   0x1100104c   0x00000028   Code   RO          773    i.DTC_CaculateCheckSum  dtc.o
    0x11001074   0x11001074   0x00000024   Code   RO          774    i.DTC_GetRecord     dtc.o
    0x11001098   0x11001098   0x0000004c   Code   RO          775    i.DTC_Init          dtc.o
    0x110010e4   0x110010e4   0x00000378   Code   RO          776    i.DTC_PeriodTask    dtc.o
    0x1100145c   0x1100145c   0x00000038   Code   RO          777    i.DTC_UpdateFaultRePowerInfo  dtc.o
    0x11001494   0x11001494   0x00000028   Code   RO          778    i.DTC_UpdateFaultTotalCnt  dtc.o
    0x110014bc   0x110014bc   0x00000028   Code   RO          779    i.DTC_isDtcDataValid  dtc.o
    0x110014e4   0x110014e4   0x00000070   Code   RO         1636    i.DelayOut          feedback.o
    0x11001554   0x11001554   0x0000000c   Code   RO         1637    i.DelayOut_Init     feedback.o
    0x11001560   0x11001560   0x0000001e   Code   RO         1765    i.DutyBufUpdate     pwmintargetspeedeval.o
    0x1100157e   0x1100157e   0x000000da   Code   RO         1766    i.DutyFilter        pwmintargetspeedeval.o
    0x11001658   0x11001658   0x0000001a   Code   RO         1768    i.DutyFilter_Init   pwmintargetspeedeval.o
    0x11001672   0x11001672   0x00000014   Code   RO         1769    i.DutyFilter_Reset  pwmintargetspeedeval.o
    0x11001686   0x11001686   0x0000003e   Code   RO         1583    i.ECUFaultDiag      ecufaultdiag.o
    0x110016c4   0x110016c4   0x0000001e   Code   RO         1584    i.ECUFaultDiag_Init  ecufaultdiag.o
    0x110016e2   0x110016e2   0x00000002   PAD
    0x110016e4   0x110016e4   0x00000054   Code   RO         1059    i.Emo_CaculateIShunt  emo.o
    0x11001738   0x11001738   0x0000014c   Code   RO         1060    i.Emo_IShuntLimit   emo.o
    0x11001884   0x11001884   0x00000024   Code   RO         1061    i.Emo_Init          emo.o
    0x110018a8   0x110018a8   0x000001d8   Code   RO         1062    i.Emo_MLowTask      emo.o
    0x11001a80   0x11001a80   0x000000bc   Code   RO         1234    i.Emo_RAM_CurrAdc1  emo_ram.o
    0x11001b3c   0x11001b3c   0x00000710   Code   RO         1235    i.Emo_RAM_MHighTask  emo_ram.o
    0x1100224c   0x1100224c   0x00000164   Code   RO         1236    i.Emo_RAM_T2C       emo_ram.o
    0x110023b0   0x110023b0   0x000000a8   Code   RO         1063    i.Emo_StartMotor    emo.o
    0x11002458   0x11002458   0x0000004c   Code   RO         1064    i.Emo_StopMotor     emo.o
    0x110024a4   0x110024a4   0x000001d8   Code   RO         1065    i.Emo_calIShuntZero  emo.o
    0x1100267c   0x1100267c   0x00000610   Code   RO         1066    i.Emo_lInitFocPar   emo.o
    0x11002c8c   0x11002c8c   0x000000a8   Code   RO         1067    i.Emo_lInitFocVar   emo.o
    0x11002d34   0x11002d34   0x0000000c   Code   RO          852    i.FanComTest_GetRxID  fancomtest.o
    0x11002d40   0x11002d40   0x00000014   Code   RO          854    i.FanComTest_ReadU8  fancomtest.o
    0x11002d54   0x11002d54   0x00000010   Code   RO          855    i.FanComTest_ResetU8  fancomtest.o
    0x11002d64   0x11002d64   0x000000cc   Code   RO          856    i.FanComTest_RxHandler  fancomtest.o
    0x11002e30   0x11002e30   0x00000030   Code   RO          857    i.FanComTest_StartFrameTransmission  fancomtest.o
    0x11002e60   0x11002e60   0x00000068   Code   RO          858    i.FanComTest_TxHandler  fancomtest.o
    0x11002ec8   0x11002ec8   0x00000010   Code   RO          859    i.FanComTest_UartErrHandle  fancomtest.o
    0x11002ed8   0x11002ed8   0x00000024   Code   RO          860    i.FanComTest_WriteS16  fancomtest.o
    0x11002efc   0x11002efc   0x00000024   Code   RO          861    i.FanComTest_WriteU16  fancomtest.o
    0x11002f20   0x11002f20   0x00000010   Code   RO          862    i.FanComTest_WriteU8  fancomtest.o
    0x11002f30   0x11002f30   0x0000015c   Code   RO         1068    i.FctEmo_calIShuntZero  emo.o
    0x1100308c   0x1100308c   0x000002a8   Code   RO         1638    i.FeedBack          feedback.o
    0x11003334   0x11003334   0x00000036   Code   RO         1639    i.FeedBackDelay     feedback.o
    0x1100336a   0x1100336a   0x00000006   Code   RO         1640    i.FeedBackDelay_Init  feedback.o
    0x11003370   0x11003370   0x00000068   Code   RO         1641    i.FeedBack_Init     feedback.o
    0x110033d8   0x110033d8   0x00000090   Code   RO         1770    i.FreqValidJudge    pwmintargetspeedeval.o
    0x11003468   0x11003468   0x0000000e   Code   RO         1771    i.FreqValidJudge_Init  pwmintargetspeedeval.o
    0x11003476   0x11003476   0x0000000e   Code   RO         1772    i.FreqValidJudge_Reset  pwmintargetspeedeval.o
    0x11003484   0x11003484   0x0000003c   Code   RO         2359    i.GPT12E_Init       gpt12e.o
    0x110034c0   0x110034c0   0x00000040   Code   RO         2436    i.GPT1_IRQHandler   isr.o
    0x11003500   0x11003500   0x00000024   Code   RO          954    i.GPT1_T2_Handler   isrhandler.o
    0x11003524   0x11003524   0x00000002   Code   RO          955    i.GPT1_T4_Handler   isrhandler.o
    0x11003526   0x11003526   0x00000002   Code   RO         2437    i.HardFault_Handler  isr.o
    0x11003528   0x11003528   0x0000009c   Code   RO         2404    i.INT_Init          int.o
    0x110035c4   0x110035c4   0x00000002   Code   RO         2571    i.LIN_Init          lin.o
    0x110035c6   0x110035c6   0x00000002   PAD
    0x110035c8   0x110035c8   0x00000010   Code   RO         2599    i.MON_Init          mon.o
    0x110035d8   0x110035d8   0x0000008c   Code   RO            4    i.Main_AppMainInputUpdate  main.o
    0x11003664   0x11003664   0x0000007c   Code   RO            5    i.Main_FeedBackBusOutput  main.o
    0x110036e0   0x110036e0   0x00000020   Code   RO         1069    i.Mat_ExeLp_without_min_max  emo.o
    0x11003700   0x11003700   0x00000020   Code   RO         1070    i.Mat_Ramp          emo.o
    0x11003720   0x11003720   0x00000002   Code   RO         2438    i.MemManage_Handler  isr.o
    0x11003722   0x11003722   0x00000002   PAD
    0x11003724   0x11003724   0x000000ac   Code   RO          450    i.MotorAPI_MotorDryRunningMonitor  motorapi.o
    0x110037d0   0x110037d0   0x00000018   Code   RO          451    i.MotorAPI_MotorInit  motorapi.o
    0x110037e8   0x110037e8   0x00000048   Code   RO          452    i.MotorAPI_MotorOnShortMonitor  motorapi.o
    0x11003830   0x11003830   0x00000150   Code   RO          453    i.MotorAPI_MotorPeriodTask  motorapi.o
    0x11003980   0x11003980   0x000000c8   Code   RO          454    i.MotorAPI_MotorSetSpeed  motorapi.o
    0x11003a48   0x11003a48   0x0000017c   Code   RO          455    i.MotorAPI_MotorSpeedMonitor  motorapi.o
    0x11003bc4   0x11003bc4   0x00000048   Code   RO          456    i.MotorAPI_OverCurrentMonitor  motorapi.o
    0x11003c0c   0x11003c0c   0x0000021c   Code   RO         1687    i.MotorRestartAndFaultCnt  motorrestartandfaultcnt.o
    0x11003e28   0x11003e28   0x00000018   Code   RO         1688    i.MotorRestartAndFaultCnt_Init  motorrestartandfaultcnt.o
    0x11003e40   0x11003e40   0x0000000a   Code   RO         1721    i.MotorTargetSpeedMux  motortargetspeedmux.o
    0x11003e4a   0x11003e4a   0x00000002   PAD
    0x11003e4c   0x11003e4c   0x00000048   Code   RO         2637    i.PMU_Init          pmu.o
    0x11003e94   0x11003e94   0x00000044   Code   RO         2672    i.PORT_Init         port.o
    0x11003ed8   0x11003ed8   0x0000006e   Code   RO         2161    i.ProgramPage       bootrom.o
    0x11003f46   0x11003f46   0x00000002   PAD
    0x11003f48   0x11003f48   0x00000078   Code   RO         1773    i.PwmInNotShort     pwmintargetspeedeval.o
    0x11003fc0   0x11003fc0   0x00000018   Code   RO         1774    i.PwmInNotShort_Disable  pwmintargetspeedeval.o
    0x11003fd8   0x11003fd8   0x00000028   Code   RO         1775    i.PwmInNotShort_Init  pwmintargetspeedeval.o
    0x11004000   0x11004000   0x0000001c   Code   RO         1776    i.PwmInNotShort_Reset  pwmintargetspeedeval.o
    0x1100401c   0x1100401c   0x00000018   Code   RO         1743    i.PwmInParamEval    pwminparameval.o
    0x11004034   0x11004034   0x00000044   Code   RO         1777    i.PwmInShort        pwmintargetspeedeval.o
    0x11004078   0x11004078   0x00000010   Code   RO         1778    i.PwmInShort_Init   pwmintargetspeedeval.o
    0x11004088   0x11004088   0x00000010   Code   RO         1779    i.PwmInShort_Reset  pwmintargetspeedeval.o
    0x11004098   0x11004098   0x00000154   Code   RO         1780    i.PwmInSpeedCtrl    pwmintargetspeedeval.o
    0x110041ec   0x110041ec   0x00000020   Code   RO         1781    i.PwmInSpeedCtrl_Disable  pwmintargetspeedeval.o
    0x1100420c   0x1100420c   0x0000003c   Code   RO         1782    i.PwmInSpeedCtrl_Init  pwmintargetspeedeval.o
    0x11004248   0x11004248   0x0000004c   Code   RO         1783    i.PwmInTargetSpeedEval  pwmintargetspeedeval.o
    0x11004294   0x11004294   0x00000010   Code   RO         1784    i.PwmInTargetSpeedEval_Init  pwmintargetspeedeval.o
    0x110042a4   0x110042a4   0x0000001c   Code   RO          347    i.PwmIn_CalulatePulseWidth  pwmin.o
    0x110042c0   0x110042c0   0x000000a8   Code   RO          348    i.PwmIn_CaptureHandler  pwmin.o
    0x11004368   0x11004368   0x0000003c   Code   RO          349    i.PwmIn_CaptureTimerOverFlowHandler  pwmin.o
    0x110043a4   0x110043a4   0x00000148   Code   RO          350    i.PwmIn_PeriodTask  pwmin.o
    0x110044ec   0x110044ec   0x00000048   Code   RO         1744    i.PwmInshortDetect  pwminparameval.o
    0x11004534   0x11004534   0x00000148   Code   RO         2725    i.SCU_ClkInit       scu.o
    0x1100467c   0x1100467c   0x00000034   Code   RO         2729    i.SCU_Init          scu.o
    0x110046b0   0x110046b0   0x00000058   Code   RO          521    i.SDK_ADCGetChResult  sdk.o
    0x11004708   0x11004708   0x00000034   Code   RO          522    i.SDK_BDRVGetShortStatus  sdk.o
    0x1100473c   0x1100473c   0x00000014   Code   RO          523    i.SDK_BDRV_Off      sdk.o
    0x11004750   0x11004750   0x000000c4   Code   RO          524    i.SDK_BDRV_TestMos  sdk.o
    0x11004814   0x11004814   0x00000014   Code   RO          526    i.SDK_EEPROM_Read   sdk.o
    0x11004828   0x11004828   0x000002e8   Code   RO          528    i.SDK_EcuFaultDiag  sdk.o
    0x11004b10   0x11004b10   0x00000004   Code   RO          529    i.SDK_FeedWDog      sdk.o
    0x11004b14   0x11004b14   0x0000000e   Code   RO          531    i.SDK_HardwareInit  sdk.o
    0x11004b22   0x11004b22   0x00000002   PAD
    0x11004b24   0x11004b24   0x00000010   Code   RO          532    i.SDK_IsPwmInCap    sdk.o
    0x11004b34   0x11004b34   0x00000068   Code   RO          533    i.SDK_Mem_Check     sdk.o
    0x11004b9c   0x11004b9c   0x00000020   Code   RO          534    i.SDK_NVM_ECC_Check  sdk.o
    0x11004bbc   0x11004bbc   0x00000030   Code   RO          535    i.SDK_PMU_VDDEXT_ForceOn  sdk.o
    0x11004bec   0x11004bec   0x0000001c   Code   RO          536    i.SDK_PwmInCaptureTimerReset  sdk.o
    0x11004c08   0x11004c08   0x00000010   Code   RO          537    i.SDK_PwmInGetBusStatus  sdk.o
    0x11004c18   0x11004c18   0x00000014   Code   RO          538    i.SDK_PwmInGetCaptureCnt  sdk.o
    0x11004c2c   0x11004c2c   0x00000010   Code   RO          540    i.SDK_PwmInIsCaptureTimerRunning  sdk.o
    0x11004c3c   0x11004c3c   0x00000010   Code   RO          541    i.SDK_PwmInSetCaptureFallingEdge  sdk.o
    0x11004c4c   0x11004c4c   0x00000010   Code   RO          543    i.SDK_PwmOutHigh    sdk.o
    0x11004c5c   0x11004c5c   0x00000010   Code   RO          545    i.SDK_PwmOutLow     sdk.o
    0x11004c6c   0x11004c6c   0x00000018   Code   RO          546    i.SDK_PwmOutToggle  sdk.o
    0x11004c84   0x11004c84   0x00000078   Code   RO          547    i.SDK_RAM_Check     sdk.o
    0x11004cfc   0x11004cfc   0x0000000c   Code   RO          548    i.SDK_SystemReset   sdk.o
    0x11004d08   0x11004d08   0x0000000c   Code   RO          549    i.SDK_UartReadU8    sdk.o
    0x11004d14   0x11004d14   0x00000010   Code   RO          550    i.SDK_UartWriteU8   sdk.o
    0x11004d24   0x11004d24   0x0000003c   Code   RO          551    i.SDK_clrDFlashError  sdk.o
    0x11004d60   0x11004d60   0x00000048   Code   RO          552    i.SDK_writeDFlash   sdk.o
    0x11004da8   0x11004da8   0x00000020   Code   RO         2798    i.SSC1_Init         ssc.o
    0x11004dc8   0x11004dc8   0x0000001c   Code   RO         2799    i.SSC2_Init         ssc.o
    0x11004de4   0x11004de4   0x00000010   Code   RO         1689    i.Short             motorrestartandfaultcnt.o
    0x11004df4   0x11004df4   0x000000a2   Code   RO         1785    i.SpeedCurve        pwmintargetspeedeval.o
    0x11004e96   0x11004e96   0x0000003a   Code   RO         1786    i.SpeedDelayOut     pwmintargetspeedeval.o
    0x11004ed0   0x11004ed0   0x0000000c   Code   RO         1787    i.SpeedDelayOut_Init  pwmintargetspeedeval.o
    0x11004edc   0x11004edc   0x00000014   Code   RO         2439    i.SysTick_Handler   isr.o
    0x11004ef0   0x11004ef0   0x00000028   Code   RO         3087    i.SysTick_Init      wdt1.o
    0x11004f18   0x11004f18   0x00000030   Code   RO         2838    i.SystemInit        system_tle987x.o
    0x11004f48   0x11004f48   0x00000088   Code   RO         1237    i.T12_OM_Handler    emo_ram.o
    0x11004fd0   0x11004fd0   0x00000070   Code   RO         1238    i.T12_PM_Handler    emo_ram.o
    0x11005040   0x11005040   0x00000024   Code   RO         2868    i.TIMER21_Init      timer2x.o
    0x11005064   0x11005064   0x00000020   Code   RO         2870    i.TIMER2_Init       timer2x.o
    0x11005084   0x11005084   0x00000002   Code   RO         2922    i.TIMER3_Init       timer3.o
    0x11005086   0x11005086   0x00000056   Code   RO         3000    i.TLE_Init          tle_device.o
    0x110050dc   0x110050dc   0x0000001c   Code   RO          258    i.TestMode_FactoryTest  testmode.o
    0x110050f8   0x110050f8   0x000002f0   Code   RO          259    i.TestMode_FctTest  testmode.o
    0x110053e8   0x110053e8   0x00000024   Code   RO          260    i.TestMode_TestMOS  testmode.o
    0x1100540c   0x1100540c   0x00000250   Code   RO          261    i.TestMode_UartDebugPeriodTask  testmode.o
    0x1100565c   0x1100565c   0x00000004   Code   RO          957    i.Timer2CaptureHandler  isrhandler.o
    0x11005660   0x11005660   0x00000004   Code   RO          958    i.Timer2OverflowHandler  isrhandler.o
    0x11005664   0x11005664   0x00000038   Code   RO         2440    i.UART1_IRQHandler  isr.o
    0x1100569c   0x1100569c   0x00000002   Code   RO         3037    i.UART1_Init        uart.o
    0x1100569e   0x1100569e   0x00000002   PAD
    0x110056a0   0x110056a0   0x00000040   Code   RO         2441    i.UART2_IRQHandler  isr.o
    0x110056e0   0x110056e0   0x0000002c   Code   RO         3039    i.UART2_Init        uart.o
    0x1100570c   0x1100570c   0x00000004   Code   RO          959    i.Uart2RxHandler    isrhandler.o
    0x11005710   0x11005710   0x00000004   Code   RO          960    i.Uart2TxHandler    isrhandler.o
    0x11005714   0x11005714   0x0000004a   Code   RO         1915    i.UpdateStateCnt    rt_sys_ecufaultdiag_0.o
    0x1100575e   0x1100575e   0x0000004a   Code   RO         1585    i.UpdateStateCnt_ofed  ecufaultdiag.o
    0x110057a8   0x110057a8   0x00000002   Code   RO         2442    i.UsageFault_Handler  isr.o
    0x110057aa   0x110057aa   0x000000d0   Code   RO         1586    i.VoltageDiag       ecufaultdiag.o
    0x1100587a   0x1100587a   0x00000014   Code   RO         1587    i.VoltageDiag_Init  ecufaultdiag.o
    0x1100588e   0x1100588e   0x00000002   PAD
    0x11005890   0x11005890   0x00000018   Code   RO         3088    i.WDT1_Init         wdt1.o
    0x110058a8   0x110058a8   0x00000018   Code   RO         3089    i.WDT1_SOW_Service  wdt1.o
    0x110058c0   0x110058c0   0x0000002c   Code   RO         3090    i.WDT1_Service      wdt1.o
    0x110058ec   0x110058ec   0x0000000e   Code   RO         3215    i.__scatterload_copy  mc_w.l(handlers.o)
    0x110058fa   0x110058fa   0x00000002   Code   RO         3216    i.__scatterload_null  mc_w.l(handlers.o)
    0x110058fc   0x110058fc   0x0000000e   Code   RO         3217    i.__scatterload_zeroinit  mc_w.l(handlers.o)
    0x1100590a   0x1100590a   0x00000010   Code   RO         1483    i.asr_s32           appmain.o
    0x1100591a   0x1100591a   0x00000070   Code   RO         1484    i.look1_is16lu32n16Ds32_binlcs  appmain.o
    0x1100598a   0x1100598a   0x00000002   PAD
    0x1100598c   0x1100598c   0x00000114   Code   RO            6    i.main              main.o
    0x11005aa0   0x11005aa0   0x0000001a   Code   RO         1485    i.mul_u32_sat       appmain.o
    0x11005aba   0x11005aba   0x00000040   Code   RO         1486    i.mul_wide_u32      appmain.o
    0x11005afa   0x11005afa   0x000000a0   Data   RO          400    .constdata          adcsample.o
    0x11005b9a   0x11005b9a   0x00000008   Data   RO          935    .constdata          globalvars.o
    0x11005ba2   0x11005ba2   0x00000002   PAD
    0x11005ba4   0x11005ba4   0x0000005c   Data   RO         1202    .constdata          emo_cfg.o
    0x11005c00   0x11005c00   0x00000018   Data   RO         1241    .constdata          emo_ram.o
    0x11005c18   0x11005c18   0x00000a00   Data   RO         1455    .constdata          table.o
    0x11006618   0x11006618   0x00000802   Data   RO         1456    .constdata          table.o
    0x11006e1a   0x11006e1a   0x00000814   Data   RO         1457    .constdata          table.o
    0x1100762e   0x1100762e   0x00000202   Data   RO         1458    .constdata          table.o
    0x11007830   0x11007830   0x00000200   Data   RO         1459    .constdata          table.o
    0x11007a30   0x11007a30   0x00000004   Data   RO         1488    .constdata          appmain.o
    0x11007a34   0x11007a34   0x0000002c   Data   RO         1565    .constdata          appmain_data.o
    0x11007a60   0x11007a60   0x00000004   Data   RO         2162    .constdata          bootrom.o
    0x11007a64   0x11007a64   0x00000004   Data   RO         2178    .constdata          bootrom.o
    0x11007a68   0x11007a68   0x00000004   Data   RO         2181    .constdata          bootrom.o
    0x11007a6c   0x11007a6c   0x00000004   Data   RO         2183    .constdata          bootrom.o
    0x11007a70   0x11007a70   0x00000020   Data   RO         3213    Region$$Table       anon$$obj.o


    Execution Region RW_IRAM2 (Exec base: 0x18000000, Load base: 0x11007bb8, Size: 0x00000000, Max: 0x00000010, ABSOLUTE)

    **** No section assigned to this execution region ****


    Execution Region RW_IRAM1 (Exec base: 0x18000018, Load base: 0x11007a90, Size: 0x00000a20, Max: 0x00000be8, ABSOLUTE)

    Exec Addr    Load Addr    Size         Type   Attr      Idx    E Section Name        Object

    0x18000018   0x11007a90   0x0000000a   Data   RW            8    .data               main.o
    0x18000022   0x11007a9a   0x00000010   Data   RW          262    .data               testmode.o
    0x18000032   0x11007aaa   0x00000010   Data   RW          352    .data               pwmin.o
    0x18000042   0x11007aba   0x00000002   PAD
    0x18000044   0x11007abc   0x00000010   Data   RW          401    .data               adcsample.o
    0x18000054   0x11007acc   0x00000014   Data   RW          458    .data               motorapi.o
    0x18000068   0x11007ae0   0x00000002   Data   RW          459    .data               motorapi.o
    0x1800006a   0x11007ae2   0x00000002   Data   RW          460    .data               motorapi.o
    0x1800006c   0x11007ae4   0x00000001   Data   RW          462    .data               motorapi.o
    0x1800006d   0x11007ae5   0x00000003   PAD
    0x18000070   0x11007ae8   0x00000024   Data   RW          556    .data               sdk.o
    0x18000094   0x11007b0c   0x00000010   Data   RW          781    .data               dtc.o
    0x180000a4   0x11007b1c   0x00000011   Data   RW          864    .data               fancomtest.o
    0x180000b5   0x11007b2d   0x00000003   PAD
    0x180000b8   0x11007b30   0x00000004   Data   RW          936    .data               globalvars.o
    0x180000bc   0x11007b34   0x00000024   Data   RW         1071    .data               emo.o
    0x180000e0   0x11007b58   0x00000048   Data   RW         1242    .data               emo_ram.o
    0x18000128   0x11007ba0   0x00000004   Data   RW         1460    .data               table.o
    0x1800012c   0x11007ba4   0x00000002   Data   RW         1489    .data               appmain.o
    0x1800012e   0x11007ba6   0x00000002   PAD
    0x18000130   0x11007ba8   0x00000008   Data   RW         3040    .data               uart.o
    0x18000138   0x11007bb0   0x00000008   Data   RW         3092    .data               wdt1.o
    0x18000140        -       0x000000e4   Zero   RW          351    .bss                pwmin.o
    0x18000224        -       0x0000002a   Zero   RW          399    .bss                adcsample.o
    0x1800024e   0x11007bb8   0x00000002   PAD
    0x18000250        -       0x00000034   Zero   RW          457    .bss                motorapi.o
    0x18000284        -       0x000000c4   Zero   RW          780    .bss                dtc.o
    0x18000348        -       0x00000024   Zero   RW          863    .bss                fancomtest.o
    0x1800036c        -       0x000001a0   Zero   RW         1239    .bss                emo_ram.o
    0x1800050c        -       0x00000028   Zero   RW         1240    .bss                emo_ram.o
    0x18000534        -       0x00000104   Zero   RW         1487    .bss                appmain.o
    0x18000638        -       0x00000400   Zero   RW         2828    STACK               startup_tle987x.o



  Load Region LR_IROM2 (Base: 0x11007fe8, Size: 0x00000018, Max: 0x00000018, ABSOLUTE)

    Execution Region ER_IROM2 (Exec base: 0x11007fe8, Load base: 0x11007fe8, Size: 0x00000018, Max: 0x00000018, ABSOLUTE)

    Exec Addr    Load Addr    Size         Type   Attr      Idx    E Section Name        Object

    0x11007fe8   0x11007fe8   0x00000004   Data   RO          331    .constdata          userinfo.o
    0x11007fec   0x11007fec   0x0000000c   Data   RO          332    .constdata          userinfo.o
    0x11007ff8   0x11007ff8   0x00000004   PAD
    0x11007ffc   0x11007ffc   0x00000004   Data   RW         2839    .ARM.__at_0x11007FFC  system_tle987x.o


==============================================================================

Image component sizes


      Code (inc. data)   RO Data    RW Data    ZI Data      Debug   Object Name

       160         16          0          0          0      12659   adc1.o
        92         20          0          0          0        440   adc2.o
       432         36        160         16         42       6434   adcsample.o
       642         16          4          2        260      13340   appmain.o
         0          0         44          0          0       4538   appmain_data.o
       220         32          0          0          0      11407   bdrv.o
       110          0         16          0          0       6232   bootrom.o
       116          6          0          0          0      16432   ccu6.o
       160          0          0          0          0       2349   common.o
        20          4          0          0          0        403   csa.o
        20          8          0          0          0        407   dma.o
      1292        108          0         16        196       8065   dtc.o
       434          0          0          0          0       6227   ecufaultdiag.o
      3772        276          0         36          0      58171   emo.o
         0          0         92          0          0       7651   emo_cfg.o
      2600        156         24         72        456      36724   emo_ram.o
       508         58          0         17         36       6329   fancomtest.o
       968         32          0          0          0       6293   feedback.o
         0          0          8          4          0       1195   globalvars.o
        60          4          0          0          0        446   gpt12e.o
       156         30          0          0          0        515   int.o
       292         34          0          0          0      40028   isr.o
        98         20          0          0          0       3350   isrhandler.o
         2          0          0          0          0        395   lin.o
       540         84          0         10          0      12579   main.o
        16          6          0          0          0        399   mon.o
      1256         96          0         25         52       8694   motorapi.o
       580          0          0          0          0       5357   motorrestartandfaultcnt.o
        10          0          0          0          0        702   motortargetspeedmux.o
        72          4          0          0          0        455   pmu.o
        68          4          0          0          0        448   port.o
       584         40          0         16        228       4838   pwmin.o
        96         20          0          0          0       1020   pwminparameval.o
      1630        102          0          0          0      16787   pwmintargetspeedeval.o
       366          4          0          0          0       3995   rt_sys_ecufaultdiag_0.o
       380         10          0          0          0       5937   scu.o
      1782        164          0         36          0      57988   sdk.o
        60         10          0          0          0        824   ssc.o
        64         12        128          0       1024        836   startup_tle987x.o
        48         14          0          4          0        688   system_tle987x.o
         0          0       7704          4          0        876   table.o
      1408         94          0         16          0       4577   testmode.o
        68         12          0          0          0        861   timer2x.o
         2          0          0          0          0        402   timer3.o
        86          0          0          0          0        523   tle_device.o
        46          8          0          8          0       2750   uart.o
         0          0         16          0          0        613   userinfo.o
       132         26          0          8          0       2022   wdt1.o

    ----------------------------------------------------------------------
     21468       1566       8230        304       2296     384201   Object Totals
         0          0         32          0          0          0   (incl. Generated)
        20          0          2         14          2          0   (incl. Padding)

    ----------------------------------------------------------------------

      Code (inc. data)   RO Data    RW Data    ZI Data      Debug   Library Member Name

        86          0          0          0          0          0   __dczerorl2.o
         0          0          0          0          0          0   entry.o
         0          0          0          0          0          0   entry10a.o
         0          0          0          0          0          0   entry11a.o
         4          0          0          0          0          0   entry12b.o
         8          4          0          0          0          0   entry2.o
         4          0          0          0          0          0   entry5.o
         0          0          0          0          0          0   entry7b.o
         0          0          0          0          0          0   entry8b.o
         8          4          0          0          0          0   entry9a.o
        30          0          0          0          0          0   handlers.o
        36          8          0          0          0         68   init.o
         0          0          0          0          0          0   iusefp.o
        30          0          0          0          0         68   llshl.o
        32          0          0          0          0         68   llushr.o
        36          0          0          0          0         68   memcpya.o
        36          0          0          0          0        108   memseta.o
         8          0          0          0          0         68   siabs.o
        56          0          0          0          0         88   d2f.o
       222          0          0          0          0        100   ddiv.o
       186          0          0          0          0        176   depilogue.o
        62          0          0          0          0         80   dfixi.o
        50          0          0          0          0         76   dfixui.o
        26          0          0          0          0         76   dfltui.o
       228          0          0          0          0         96   dmul.o
        46          0          0          0          0         80   dscalb.o
        38          0          0          0          0         68   f2d.o
       124          0          0          0          0         88   fdiv.o
       110          0          0          0          0        168   fepilogue.o
        50          0          0          0          0         68   ffixi.o
        40          0          0          0          0         68   ffixui.o
        10          0          0          0          0         68   ffltui.o
       100          0          0          0          0         76   fmul.o
        24          0          0          0          0         68   fscalb.o

    ----------------------------------------------------------------------
      1694         16          0          0          0       1892   Library Totals
         4          0          0          0          0          0   (incl. Padding)

    ----------------------------------------------------------------------

      Code (inc. data)   RO Data    RW Data    ZI Data      Debug   Library Name

       318         16          0          0          0        448   mc_w.l
      1372          0          0          0          0       1444   mf_w.l

    ----------------------------------------------------------------------
      1694         16          0          0          0       1892   Library Totals

    ----------------------------------------------------------------------

==============================================================================


      Code (inc. data)   RO Data    RW Data    ZI Data      Debug   

     23162       1582       8230        304       2296     375925   Grand Totals
     23162       1582       8230        304       2296     375925   ELF Image Totals
     23162       1582       8230        304          0          0   ROM Totals

==============================================================================

    Total RO  Size (Code + RO Data)                31392 (  30.66kB)
    Total RW  Size (RW Data + ZI Data)              2600 (   2.54kB)
    Total ROM Size (Code + RO Data + RW Data)      31696 (  30.95kB)

==============================================================================

