Component: ARM Compiler 5.06 update 7 (build 960) Tool: armlink [4d3601]

==============================================================================

Section Cross References

    main.o(i.Main_AppMainInputUpdate) refers to appmain.o(.bss) for U
    main.o(i.Main_AppMainInputUpdate) refers to lindatapro.o(.data) for LinRx
    main.o(i.Main_AppMainInputUpdate) refers to adcsample.o(.bss) for ADCResults
    main.o(i.Main_AppMainInputUpdate) refers to sdk.o(.data) for ECUFaults
    main.o(i.Main_AppMainInputUpdate) refers to motorapi.o(.bss) for MotorAPIVar
    main.o(i.main) refers to sdk.o(i.SDK_HardwareInit) for SDK_HardwareInit
    main.o(i.main) refers to sdk.o(i.SDK_Mem_Check) for SDK_Mem_Check
    main.o(i.main) refers to dtc.o(i.DTC_Init) for DTC_Init
    main.o(i.main) refers to motorapi.o(i.MotorAPI_MotorInit) for MotorAPI_MotorInit
    main.o(i.main) refers to appmain.o(i.AppMain_initialize) for AppMain_initialize
    main.o(i.main) refers to lin_common_api.o(i.l_sys_init) for l_sys_init
    main.o(i.main) refers to lin_common_api.o(i.l_ifc_init) for l_ifc_init
    main.o(i.main) refers to adcsample.o(i.ADCSample_PeriodTask) for ADCSample_PeriodTask
    main.o(i.main) refers to sdk.o(i.SDK_EcuFaultDiag) for SDK_EcuFaultDiag
    main.o(i.main) refers to main.o(i.Main_AppMainInputUpdate) for Main_AppMainInputUpdate
    main.o(i.main) refers to appmain.o(i.AppMain_step) for AppMain_step
    main.o(i.main) refers to motorapi.o(i.MotorAPI_MotorSetSpeed) for MotorAPI_MotorSetSpeed
    main.o(i.main) refers to motorapi.o(i.MotorAPI_MotorPeriodTask) for MotorAPI_MotorPeriodTask
    main.o(i.main) refers to sdk.o(i.SDK_FeedWDog) for SDK_FeedWDog
    main.o(i.main) refers to testmode.o(i.TestMode_FactoryTest) for TestMode_FactoryTest
    main.o(i.main) refers to testmode.o(i.TestMode_UartDebugPeriodTask) for TestMode_UartDebugPeriodTask
    main.o(i.main) refers to lindatapro.o(i.LIN_Rx) for LIN_Rx
    main.o(i.main) refers to lindatapro.o(i.LIN_Tx) for LIN_Tx
    main.o(i.main) refers to dtc.o(i.DTC_PeriodTask) for DTC_PeriodTask
    main.o(i.main) refers to sdk.o(i.SDK_GoToSleepMode) for SDK_GoToSleepMode
    main.o(i.main) refers to sdk.o(i.SDK_SystemReset) for SDK_SystemReset
    main.o(i.main) refers to appmain.o(.bss) for U
    main.o(i.main) refers to motorapi.o(.data) for Lin_Error_State
    main.o(i.main) refers to testmode.o(.data) for IsInTestMode
    main.o(i.main) refers to lindatapro.o(.data) for LinRx
    main.o(i.main) refers to globalvars.o(.data) for PowerUpTimeMs
    main.o(i.main) refers to main.o(.data) for .data
    main.o(i.main) refers to adcsample.o(.bss) for ADCResults
    main.o(i.main) refers to sdk.o(.data) for ECUFaults
    main.o(i.main) refers to motorapi.o(.bss) for MotorAPIVar
    main.o(i.main) refers to lin_lld_sci.o(.data) for IDEA_TimeOut
    testmode.o(i.TestMode_FactoryTest) refers to testmode.o(i.TestMode_FctTest) for TestMode_FctTest
    testmode.o(i.TestMode_FactoryTest) refers to testmode.o(.data) for .data
    testmode.o(i.TestMode_FctTest) refers to fancomtest.o(i.FanComTest_GetRxID) for FanComTest_GetRxID
    testmode.o(i.TestMode_FctTest) refers to fancomtest.o(i.FanComTest_ReadU8) for FanComTest_ReadU8
    testmode.o(i.TestMode_FctTest) refers to motorapi.o(i.MotorAPI_MotorSetSpeed) for MotorAPI_MotorSetSpeed
    testmode.o(i.TestMode_FctTest) refers to sdk.o(i.SDK_BDRV_Off) for SDK_BDRV_Off
    testmode.o(i.TestMode_FctTest) refers to lin_common_api.o(i.l_u8_rd) for l_u8_rd
    testmode.o(i.TestMode_FctTest) refers to lin_common_api.o(i.l_u8_wr) for l_u8_wr
    testmode.o(i.TestMode_FctTest) refers to sdk.o(i.SDK_BDRVGetShortStatus) for SDK_BDRVGetShortStatus
    testmode.o(i.TestMode_FctTest) refers to testmode.o(i.TestMode_TestMOS) for TestMode_TestMOS
    testmode.o(i.TestMode_FctTest) refers to fancomtest.o(i.FanComTest_WriteU8) for FanComTest_WriteU8
    testmode.o(i.TestMode_FctTest) refers to fancomtest.o(i.FanComTest_StartFrameTransmission) for FanComTest_StartFrameTransmission
    testmode.o(i.TestMode_FctTest) refers to testmode.o(.data) for .data
    testmode.o(i.TestMode_FctTest) refers to userinfo.o(.constdata) for FlashECUInfo
    testmode.o(i.TestMode_FctTest) refers to globalvars.o(.constdata) for ProductVersion
    testmode.o(i.TestMode_FctTest) refers to adcsample.o(.bss) for ADCResults
    testmode.o(i.TestMode_FctTest) refers to sdk.o(.data) for ECUFaults
    testmode.o(i.TestMode_TestMOS) refers to sdk.o(i.SDK_BDRV_TestMos) for SDK_BDRV_TestMos
    testmode.o(i.TestMode_TestMOS) refers to testmode.o(.data) for .data
    testmode.o(i.TestMode_UartDebugPeriodTask) refers to fancomtest.o(i.FanComTest_GetRxID) for FanComTest_GetRxID
    testmode.o(i.TestMode_UartDebugPeriodTask) refers to fancomtest.o(i.FanComTest_ReadU8) for FanComTest_ReadU8
    testmode.o(i.TestMode_UartDebugPeriodTask) refers to fancomtest.o(i.FanComTest_WriteU8) for FanComTest_WriteU8
[...]
    ifc                                      0x1800017c   Data           1  lin_lld_sci.o(.data)
    state                                    0x1800017d   Data           1  lin_lld_sci.o(.data)
    cnt_byte                                 0x1800017e   Data           1  lin_lld_sci.o(.data)
    current_id                               0x1800017f   Data           1  lin_lld_sci.o(.data)
    pid                                      0x18000180   Data           1  lin_lld_sci.o(.data)
    lastbyte_tx                              0x18000181   Data           1  lin_lld_sci.o(.data)
    Lin_Error_Cnt                            0x18000184   Data           1  lin_lld_sci.o(.data)
    frame_timeout_cnt                        0x18000186   Data           2  lin_lld_sci.o(.data)
    res_frame_timeout_cnt                    0x18000188   Data           2  lin_lld_sci.o(.data)
    idle_timeout_cnt                         0x1800018a   Data           2  lin_lld_sci.o(.data)
    l_status                                 0x1800018c   Data           3  lin_lld_sci.o(.data)
    ptr                                      0x18000190   Data           4  lin_lld_sci.o(.data)
    response_buffer                          0x18000194   Data           4  lin_lld_sci.o(.data)
    .data                                    0x18000198   Section        2  lin_common_proto.o(.data)
    .data                                    0x1800019a   Section        1  lin_common_proto.o(.data)
    .data                                    0x1800019c   Section        8  uart.o(.data)
    uart1                                    0x1800019c   Data           4  uart.o(.data)
    uart2                                    0x180001a0   Data           4  uart.o(.data)
    .data                                    0x180001a4   Section        8  wdt1.o(.data)
    bSOWactive                               0x180001a4   Data           1  wdt1.o(.data)
    .bss                                     0x180001ac   Section      192  pwmin.o(.bss)
    PwmInVar                                 0x180001ac   Data         192  pwmin.o(.bss)
    .bss                                     0x1800026c   Section       42  adcsample.o(.bss)
    .bss                                     0x18000298   Section       52  motorapi.o(.bss)
    .bss                                     0x180002cc   Section      132  dtc.o(.bss)
    FaultFlagAndCnt                          0x180002cc   Data          62  dtc.o(.bss)
    .bss                                     0x18000350   Section       36  fancomtest.o(.bss)
    Uart_RxState_Machine                     0x18000350   Data          18  fancomtest.o(.bss)
    Uart_TxState_Machine                     0x18000362   Data          18  fancomtest.o(.bss)
    .bss                                     0x18000374   Section      416  emo_ram.o(.bss)
    .bss                                     0x18000514   Section       40  emo_ram.o(.bss)
    .bss                                     0x1800053c   Section      224  appmain.o(.bss)
    .bss                                     0x1800061c   Section       12  lin_cfg.o(.bss)
    .bss                                     0x18000628   Section       12  lin_cfg.o(.bss)
    .bss                                     0x18000634   Section       10  lin_cfg.o(.bss)
    STACK                                    0x18000640   Section     1024  startup_tle987x.o(STACK)

    Global Symbols

    Symbol Name                              Value     Ov Type        Size  Object(Section)

    BuildAttributes$$THM_ISAv4$P$D$K$B$S$PE$A:L22UL41UL21$X:L11$S22US41US21$IEEE1$IW$USESV6$~STKCKD$USESV7$~SHL$OTIME$ROPI$EBA8$MICROLIB$REQ8$PRES8$EABIv2 0x00000000   Number         0  anon$$obj.o ABSOLUTE
    __ARM_use_no_argv                        0x00000000   Number         0  main.o ABSOLUTE
    __arm_fini_                               - Undefined Weak Reference
    __cpp_initialize__aeabi_                  - Undefined Weak Reference
    __cxa_finalize                            - Undefined Weak Reference
    _clock_init                               - Undefined Weak Reference
    _microlib_exit                            - Undefined Weak Reference
    __Vectors_Size                           0x00000080   Number         0  startup_tle987x.o ABSOLUTE
    __Vectors                                0x11000000   Data           4  startup_tle987x.o(RESET)
    __Vectors_End                            0x11000080   Data           0  startup_tle987x.o(RESET)
    __main                                   0x11000081   Thumb Code     0  entry.o(.ARM.Collect$$$$00000000)
    _main_stk                                0x11000081   Thumb Code     0  entry2.o(.ARM.Collect$$$$00000001)
    _main_scatterload                        0x11000085   Thumb Code     0  entry5.o(.ARM.Collect$$$$00000004)
    __main_after_scatterload                 0x11000089   Thumb Code     0  entry5.o(.ARM.Collect$$$$00000004)
    _main_clock                              0x11000089   Thumb Code     0  entry7b.o(.ARM.Collect$$$$00000008)
    _main_cpp_init                           0x11000089   Thumb Code     0  entry8b.o(.ARM.Collect$$$$0000000A)
    _main_init                               0x11000089   Thumb Code     0  entry9a.o(.ARM.Collect$$$$0000000B)
    __rt_lib_shutdown_fini                   0x11000091   Thumb Code     0  entry12b.o(.ARM.Collect$$$$0000000E)
    __rt_final_cpp                           0x11000095   Thumb Code     0  entry10a.o(.ARM.Collect$$$$0000000F)
    __rt_final_exit                          0x11000095   Thumb Code     0  entry11a.o(.ARM.Collect$$$$00000011)
    Reset_Handler                            0x11000099   Thumb Code     8  startup_tle987x.o(.text)
    SVC_Handler_main                         0x110000a1   Thumb Code     2  startup_tle987x.o(.text)
    NMI_Handler                              0x110000a3   Thumb Code     2  startup_tle987x.o(.text)
    DebugMon_Handler                         0x110000c5   Thumb Code     2  startup_tle987x.o(.text)
    PendSV_Handler                           0x110000c7   Thumb Code     2  startup_tle987x.o(.text)
    ADC1_IRQHandler                          0x110000cb   Thumb Code     0  startup_tle987x.o(.text)
    ADC2_IRQHandler                          0x110000cb   Thumb Code     0  startup_tle987x.o(.text)
    BDRV_IRQHandler                          0x110000cb   Thumb Code     0  startup_tle987x.o(.text)
    CCU6SR0_IRQHandler                       0x110000cb   Thumb Code     0  startup_tle987x.o(.text)
    CCU6SR2_IRQHandler                       0x110000cb   Thumb Code     0  startup_tle987x.o(.text)
    CCU6SR3_IRQHandler                       0x110000cb   Thumb Code     0  startup_tle987x.o(.text)
    DMA_IRQHandler                           0x110000cb   Thumb Code     0  startup_tle987x.o(.text)
    EXINT0_IRQHandler                        0x110000cb   Thumb Code     0  startup_tle987x.o(.text)
    EXINT1_IRQHandler                        0x110000cb   Thumb Code     0  startup_tle987x.o(.text)
    GPT2_IRQHandler                          0x110000cb   Thumb Code     0  startup_tle987x.o(.text)
    SSC1_IRQHandler                          0x110000cb   Thumb Code     0  startup_tle987x.o(.text)
    SSC2_IRQHandler                          0x110000cb   Thumb Code     0  startup_tle987x.o(.text)
    abs                                      0x110000d9   Thumb Code     8  siabs.o(.text)
    __aeabi_memcpy                           0x110000e1   Thumb Code    36  memcpya.o(.text)
    __aeabi_memcpy4                          0x110000e1   Thumb Code     0  memcpya.o(.text)
    __aeabi_memcpy8                          0x110000e1   Thumb Code     0  memcpya.o(.text)
    __aeabi_memset                           0x11000105   Thumb Code    14  memseta.o(.text)
    __aeabi_memset4                          0x11000105   Thumb Code     0  memseta.o(.text)
    __aeabi_memset8                          0x11000105   Thumb Code     0  memseta.o(.text)
    __aeabi_memclr                           0x11000113   Thumb Code     4  memseta.o(.text)
    __aeabi_memclr4                          0x11000113   Thumb Code     0  memseta.o(.text)
    __aeabi_memclr8                          0x11000113   Thumb Code     0  memseta.o(.text)
    _memset$wrapper                          0x11000117   Thumb Code    18  memseta.o(.text)
    __aeabi_fmul                             0x11000129   Thumb Code   100  fmul.o(.text)
    __aeabi_fdiv                             0x1100018d   Thumb Code   124  fdiv.o(.text)
    __ARM_scalbnf                            0x11000209   Thumb Code    24  fscalb.o(.text)
    scalbnf                                  0x11000209   Thumb Code     0  fscalb.o(.text)
    __aeabi_dmul                             0x11000221   Thumb Code   228  dmul.o(.text)
    __aeabi_ddiv                             0x11000305   Thumb Code   222  ddiv.o(.text)
    __ARM_scalbn                             0x110003e3   Thumb Code    46  dscalb.o(.text)
    scalbn                                   0x110003e3   Thumb Code     0  dscalb.o(.text)
    __aeabi_ui2f                             0x11000411   Thumb Code    10  ffltui.o(.text)
    __aeabi_ui2d                             0x1100041b   Thumb Code    26  dfltui.o(.text)
    __aeabi_f2iz                             0x11000435   Thumb Code    50  ffixi.o(.text)
    __aeabi_f2uiz                            0x11000467   Thumb Code    40  ffixui.o(.text)
    __aeabi_d2iz                             0x1100048f   Thumb Code    62  dfixi.o(.text)
    __aeabi_d2uiz                            0x110004cd   Thumb Code    50  dfixui.o(.text)
    __aeabi_f2d                              0x110004ff   Thumb Code    38  f2d.o(.text)
    __aeabi_d2f                              0x11000525   Thumb Code    56  d2f.o(.text)
    __aeabi_llsl                             0x1100055d   Thumb Code    30  llshl.o(.text)
    _ll_shift_l                              0x1100055d   Thumb Code     0  llshl.o(.text)
    __aeabi_llsr                             0x1100057b   Thumb Code    32  llushr.o(.text)
    _ll_ushift_r                             0x1100057b   Thumb Code     0  llushr.o(.text)
    __I$use$fp                               0x1100059b   Thumb Code     0  iusefp.o(.text)
    _float_round                             0x1100059b   Thumb Code    18  fepilogue.o(.text)
    _float_epilogue                          0x110005ad   Thumb Code    92  fepilogue.o(.text)
    _double_round                            0x11000609   Thumb Code    30  depilogue.o(.text)
    _double_epilogue                         0x11000627   Thumb Code   156  depilogue.o(.text)
    __scatterload                            0x110006c5   Thumb Code    28  init.o(.text)
    __scatterload_rt2                        0x110006c5   Thumb Code     0  init.o(.text)
    __decompress                             0x110006e9   Thumb Code     0  __dczerorl2.o(.text)
    __decompress1                            0x110006e9   Thumb Code    86  __dczerorl2.o(.text)
    ADC1_GetChResult                         0x11000741   Thumb Code    32  adc1.o(i.ADC1_GetChResult)
    ADC1_Init                                0x11000765   Thumb Code   112  adc1.o(i.ADC1_Init)
    ADC2_Init                                0x110007e1   Thumb Code    72  adc2.o(i.ADC2_Init)
    ADCSample_GetAmbT                        0x110008d1   Thumb Code    64  adcsample.o(i.ADCSample_GetAmbT)
    ADCSample_GetBat                         0x11000919   Thumb Code    32  adcsample.o(i.ADCSample_GetBat)
    ADCSample_PeriodTask                     0x1100093d   Thumb Code   162  adcsample.o(i.ADCSample_PeriodTask)
    AmbTemperatureDiag                       0x110009ed   Thumb Code    38  ecufaultdiag.o(i.AmbTemperatureDiag)
    AmbTemperatureDiag_Init                  0x11000a13   Thumb Code     4  ecufaultdiag.o(i.AmbTemperatureDiag_Init)
    AppMain_initialize                       0x11000a19   Thumb Code   102  appmain.o(i.AppMain_initialize)
    AppMain_step                             0x11000a89   Thumb Code   258  appmain.o(i.AppMain_step)
    AppTimeBaseHandler                       0x11000b95   Thumb Code    38  isrhandler.o(i.AppTimeBaseHandler)
    BDRV_Clr_Sts                             0x11000bc5   Thumb Code     8  bdrv.o(i.BDRV_Clr_Sts)
    BDRV_Init                                0x11000bd1   Thumb Code    68  bdrv.o(i.BDRV_Init)
    BDRV_Set_Bridge                          0x11000c2d   Thumb Code   112  bdrv.o(i.BDRV_Set_Bridge)
    BDRV_Set_DSM_Threshold                   0x11000ca1   Thumb Code    20  bdrv.o(i.BDRV_Set_DSM_Threshold)
    BDRV_Set_Discharge_Current               0x11000cb9   Thumb Code    20  bdrv.o(i.BDRV_Set_Discharge_Current)
    BufDataSameFirstCnt                      0x11000cd1   Thumb Code    96  pwmintargetspeedeval.o(i.BufDataSameFirstCnt)
    BusFault_Handler                         0x11000d31   Thumb Code     2  isr.o(i.BusFault_Handler)
    CCU6SR1_IRQHandler                       0x11000d35   Thumb Code    72  isr.o(i.CCU6SR1_IRQHandler)
    CCU6_Init                                0x11000d85   Thumb Code   108  ccu6.o(i.CCU6_Init)
    CSA_Init                                 0x11000df5   Thumb Code    16  csa.o(i.CSA_Init)
    Common_CopyMem                           0x11000e09   Thumb Code    20  common.o(i.Common_CopyMem)
    Common_ExeLookUpTable                    0x11000e1d   Thumb Code   110  common.o(i.Common_ExeLookUpTable)
    Common_SetStatusDelay                    0x11000e8b   Thumb Code    30  common.o(i.Common_SetStatusDelay)
    DMA_Init                                 0x11000ea9   Thumb Code    12  dma.o(i.DMA_Init)
    DTC_GetRecord                            0x11000f59   Thumb Code    30  dtc.o(i.DTC_GetRecord)
    DTC_Init                                 0x11000f7d   Thumb Code    60  dtc.o(i.DTC_Init)
    DTC_PeriodTask                           0x11000fc9   Thumb Code   596  dtc.o(i.DTC_PeriodTask)
    DelayOut                                 0x110012cd   Thumb Code   126  feedback.o(i.DelayOut)
    DelayOut_Init                            0x1100134b   Thumb Code    12  feedback.o(i.DelayOut_Init)
    Delay_us                                 0x11001357   Thumb Code    80  wdt1.o(i.Delay_us)
    DutyBufUpdate                            0x110013a7   Thumb Code    30  pwmintargetspeedeval.o(i.DutyBufUpdate)
    DutyFilter                               0x110013c5   Thumb Code   178  pwmintargetspeedeval.o(i.DutyFilter)
    DutyFilter_Init                          0x11001477   Thumb Code    22  pwmintargetspeedeval.o(i.DutyFilter_Init)
    DutyFilter_Reset                         0x1100148d   Thumb Code    18  pwmintargetspeedeval.o(i.DutyFilter_Reset)
    ECUFaultDiag                             0x1100149f   Thumb Code    62  ecufaultdiag.o(i.ECUFaultDiag)
    ECUFaultDiag_Init                        0x110014dd   Thumb Code    30  ecufaultdiag.o(i.ECUFaultDiag_Init)
    Emo_CaculateIShunt                       0x110014fd   Thumb Code    74  emo.o(i.Emo_CaculateIShunt)
    Emo_IShuntLimit                          0x11001551   Thumb Code   320  emo.o(i.Emo_IShuntLimit)
    Emo_Init                                 0x1100169d   Thumb Code    28  emo.o(i.Emo_Init)
    Emo_MLowTask                             0x110016c1   Thumb Code   530  emo.o(i.Emo_MLowTask)
    Emo_RAM_CurrAdc1                         0x110018ed   Thumb Code   166  emo_ram.o(i.Emo_RAM_CurrAdc1)
    Emo_RAM_MHighTask                        0x1100199d   Thumb Code   572  emo_ram.o(i.Emo_RAM_MHighTask)
    Emo_StartMotor                           0x11001f25   Thumb Code   152  emo.o(i.Emo_StartMotor)
    Emo_StopMotor                            0x11001fcd   Thumb Code    64  emo.o(i.Emo_StopMotor)
    Emo_calcIShuntZero                       0x11002079   Thumb Code   132  emo.o(i.Emo_calcIShuntZero)
    Emo_lInitFocPar                          0x11002105   Thumb Code  1606  emo.o(i.Emo_lInitFocPar)
    Emo_lInitFocVar                          0x1100276d   Thumb Code   150  emo.o(i.Emo_lInitFocVar)
    FanComTest_GetRxID                       0x11002815   Thumb Code     6  fancomtest.o(i.FanComTest_GetRxID)
    FanComTest_ReadU8                        0x11002821   Thumb Code    14  fancomtest.o(i.FanComTest_ReadU8)
    FanComTest_ResetU8                       0x11002835   Thumb Code    12  fancomtest.o(i.FanComTest_ResetU8)
    FanComTest_RxHandler                     0x11002845   Thumb Code   196  fancomtest.o(i.FanComTest_RxHandler)
    FanComTest_StartFrameTransmission        0x11002911   Thumb Code    38  fancomtest.o(i.FanComTest_StartFrameTransmission)
    FanComTest_TxHandler                     0x11002941   Thumb Code    98  fancomtest.o(i.FanComTest_TxHandler)
    FanComTest_WriteS16                      0x110029b9   Thumb Code    32  fancomtest.o(i.FanComTest_WriteS16)
    FanComTest_WriteU16                      0x110029dd   Thumb Code    32  fancomtest.o(i.FanComTest_WriteU16)
    FanComTest_WriteU8                       0x11002a01   Thumb Code    10  fancomtest.o(i.FanComTest_WriteU8)
    FeedBack                                 0x11002a11   Thumb Code   448  feedback.o(i.FeedBack)
    FeedBackDelay                            0x11002be5   Thumb Code    54  feedback.o(i.FeedBackDelay)
    FeedBackDelay_Init                       0x11002c1b   Thumb Code     6  feedback.o(i.FeedBackDelay_Init)
    FeedBack_Init                            0x11002c21   Thumb Code    60  feedback.o(i.FeedBack_Init)
    FreqValidJudge                           0x11002c65   Thumb Code   150  pwmintargetspeedeval.o(i.FreqValidJudge)
    FreqValidJudge_Init                      0x11002cfb   Thumb Code    14  pwmintargetspeedeval.o(i.FreqValidJudge_Init)
    FreqValidJudge_Reset                     0x11002d09   Thumb Code    14  pwmintargetspeedeval.o(i.FreqValidJudge_Reset)
    GPT12E_Init                              0x11002d19   Thumb Code    56  gpt12e.o(i.GPT12E_Init)
    GPT1_IRQHandler                          0x11002d55   Thumb Code    58  isr.o(i.GPT1_IRQHandler)
    GPT1_T2_Handler                          0x11002d95   Thumb Code    26  isrhandler.o(i.GPT1_T2_Handler)
    GPT1_T4_Handler                          0x11002db9   Thumb Code     2  isrhandler.o(i.GPT1_T4_Handler)
    HardFault_Handler                        0x11002dbb   Thumb Code     2  isr.o(i.HardFault_Handler)
    INT_Init                                 0x11002dbd   Thumb Code   126  int.o(i.INT_Init)
    LIN_Init                                 0x11002e59   Thumb Code    36  lin.o(i.LIN_Init)
    LIN_Rx                                   0x11002e81   Thumb Code    36  lindatapro.o(i.LIN_Rx)
    LIN_Tx                                   0x11002ea9   Thumb Code   444  lindatapro.o(i.LIN_Tx)
    MON_Init                                 0x11003115   Thumb Code    10  mon.o(i.MON_Init)
    MemManage_Handler                        0x110032c9   Thumb Code     2  isr.o(i.MemManage_Handler)
    MotorAPI_MotorInit                       0x11003371   Thumb Code    22  motorapi.o(i.MotorAPI_MotorInit)
    MotorAPI_MotorOffDiag                    0x1100338d   Thumb Code   108  motorapi.o(i.MotorAPI_MotorOffDiag)
    MotorAPI_MotorPeriodTask                 0x11003401   Thumb Code   326  motorapi.o(i.MotorAPI_MotorPeriodTask)
    MotorAPI_MotorSetSpeed                   0x11003559   Thumb Code   356  motorapi.o(i.MotorAPI_MotorSetSpeed)
    MotorRestartAndFaultCnt                  0x110037e1   Thumb Code   482  motorrestartandfaultcnt.o(i.MotorRestartAndFaultCnt)
    MotorRestartAndFaultCnt_Init             0x110039c3   Thumb Code    26  motorrestartandfaultcnt.o(i.MotorRestartAndFaultCnt_Init)
    MotorTargetSpeedMux                      0x110039dd   Thumb Code    10  motortargetspeedmux.o(i.MotorTargetSpeedMux)
    PMU_Init                                 0x110039e9   Thumb Code    70  pmu.o(i.PMU_Init)
    PORT_Init                                0x11003a35   Thumb Code    64  port.o(i.PORT_Init)
    ProgramPage                              0x11003a79   Thumb Code   110  bootrom.o(i.ProgramPage)
    PwmInNotShort                            0x11003ae9   Thumb Code    92  pwmintargetspeedeval.o(i.PwmInNotShort)
    PwmInNotShort_Disable                    0x11003b4d   Thumb Code    20  pwmintargetspeedeval.o(i.PwmInNotShort_Disable)
    PwmInNotShort_Init                       0x11003b65   Thumb Code    28  pwmintargetspeedeval.o(i.PwmInNotShort_Init)
    PwmInNotShort_Reset                      0x11003b89   Thumb Code    18  pwmintargetspeedeval.o(i.PwmInNotShort_Reset)
    PwmInParamEval                           0x11003ba1   Thumb Code    16  pwminparameval.o(i.PwmInParamEval)
    PwmInShort                               0x11003bb9   Thumb Code    54  pwmintargetspeedeval.o(i.PwmInShort)
    PwmInShort_Init                          0x11003bfd   Thumb Code    10  pwmintargetspeedeval.o(i.PwmInShort_Init)
    PwmInShort_Reset                         0x11003c0d   Thumb Code    10  pwmintargetspeedeval.o(i.PwmInShort_Reset)
    PwmInSpeedCtrl                           0x11003c1d   Thumb Code   314  pwmintargetspeedeval.o(i.PwmInSpeedCtrl)
    PwmInSpeedCtrl_Disable                   0x11003d6d   Thumb Code    24  pwmintargetspeedeval.o(i.PwmInSpeedCtrl_Disable)
    PwmInSpeedCtrl_Init                      0x11003d89   Thumb Code    40  pwmintargetspeedeval.o(i.PwmInSpeedCtrl_Init)
    PwmInTargetSpeedEval                     0x11003db9   Thumb Code    66  pwmintargetspeedeval.o(i.PwmInTargetSpeedEval)
    PwmInTargetSpeedEval_Init                0x11003e05   Thumb Code    10  pwmintargetspeedeval.o(i.PwmInTargetSpeedEval_Init)
    PwmIn_CaptureHandler                     0x11003e15   Thumb Code   158  pwmin.o(i.PwmIn_CaptureHandler)
    PwmIn_CaptureTimerOverFlowHandler        0x11003ebd   Thumb Code    40  pwmin.o(i.PwmIn_CaptureTimerOverFlowHandler)
    PwmInshortDetect                         0x11003ee9   Thumb Code    48  pwminparameval.o(i.PwmInshortDetect)
    SCU_ClkInit                              0x11003f21   Thumb Code   316  scu.o(i.SCU_ClkInit)
    SCU_EnterSleepMode                       0x11004065   Thumb Code    70  scu.o(i.SCU_EnterSleepMode)
    SCU_Init                                 0x110040b9   Thumb Code    52  scu.o(i.SCU_Init)
    SDK_ADCGetChResult                       0x110040ed   Thumb Code    80  sdk.o(i.SDK_ADCGetChResult)
    SDK_BDRVGetShortStatus                   0x11004145   Thumb Code    42  sdk.o(i.SDK_BDRVGetShortStatus)
    SDK_BDRVOpenLoadDiag                     0x11004179   Thumb Code   250  sdk.o(i.SDK_BDRVOpenLoadDiag)
    SDK_BDRVShortDiag                        0x11004281   Thumb Code   206  sdk.o(i.SDK_BDRVShortDiag)
    SDK_BDRV_Off                             0x1100435d   Thumb Code    20  sdk.o(i.SDK_BDRV_Off)
    SDK_BDRV_TestMos                         0x11004371   Thumb Code   192  sdk.o(i.SDK_BDRV_TestMos)
    SDK_EEPROM_Read                          0x11004435   Thumb Code    20  sdk.o(i.SDK_EEPROM_Read)
    SDK_EcuFaultDiag                         0x11004449   Thumb Code   678  sdk.o(i.SDK_EcuFaultDiag)
    SDK_FeedWDog                             0x11004709   Thumb Code     4  sdk.o(i.SDK_FeedWDog)
    SDK_GoToSleepMode                        0x1100470d   Thumb Code     4  sdk.o(i.SDK_GoToSleepMode)
    SDK_HardwareInit                         0x11004711   Thumb Code    14  sdk.o(i.SDK_HardwareInit)
    SDK_Mem_Check                            0x11004721   Thumb Code    86  sdk.o(i.SDK_Mem_Check)
    SDK_PwmInCaptureTimerReset               0x110047d5   Thumb Code    24  sdk.o(i.SDK_PwmInCaptureTimerReset)
    SDK_PwmInGetCaptureCnt                   0x110047f1   Thumb Code    16  sdk.o(i.SDK_PwmInGetCaptureCnt)
    SDK_PwmInSetCaptureRisingEdge            0x11004805   Thumb Code    12  sdk.o(i.SDK_PwmInSetCaptureRisingEdge)
    SDK_SystemReset                          0x1100488d   Thumb Code     8  sdk.o(i.SDK_SystemReset)
    SDK_UartReadU8                           0x11004899   Thumb Code     6  sdk.o(i.SDK_UartReadU8)
    SDK_UartWriteU8                          0x110048a5   Thumb Code    12  sdk.o(i.SDK_UartWriteU8)
    SDK_clrDFlashError                       0x110048b5   Thumb Code    44  sdk.o(i.SDK_clrDFlashError)
    SDK_writeDFlash                          0x110048f1   Thumb Code    66  sdk.o(i.SDK_writeDFlash)
    SSC1_Init                                0x11004939   Thumb Code    26  ssc.o(i.SSC1_Init)
    SSC2_Init                                0x11004959   Thumb Code    24  ssc.o(i.SSC2_Init)
    Short                                    0x11004975   Thumb Code    44  motorrestartandfaultcnt.o(i.Short)
    SpeedCurve                               0x110049a1   Thumb Code   114  pwmintargetspeedeval.o(i.SpeedCurve)
    SpeedDelayOut                            0x11004a19   Thumb Code    70  pwmintargetspeedeval.o(i.SpeedDelayOut)
    SpeedDelayOut_Init                       0x11004a5f   Thumb Code    12  pwmintargetspeedeval.o(i.SpeedDelayOut_Init)
    SysTick_Handler                          0x11004a6d   Thumb Code    16  isr.o(i.SysTick_Handler)
    SysTick_Init                             0x11004a81   Thumb Code    40  wdt1.o(i.SysTick_Init)
    SystemInit                               0x11004aa9   Thumb Code    34  system_tle987x.o(i.SystemInit)
    T12_OM_Handler                           0x11004ad9   Thumb Code   108  emo_ram.o(i.T12_OM_Handler)
    T12_PM_Handler                           0x11004b5d   Thumb Code    96  emo_ram.o(i.T12_PM_Handler)
    TIMER21_Init                             0x11004bc9   Thumb Code    28  timer2x.o(i.TIMER21_Init)
    TIMER2_Init                              0x11004be9   Thumb Code    26  timer2x.o(i.TIMER2_Init)
    TIMER3_Init                              0x11004c09   Thumb Code     2  timer3.o(i.TIMER3_Init)
    TLE_Init                                 0x11004c0b   Thumb Code    86  tle_device.o(i.TLE_Init)
    TemperaturState                          0x11004c61   Thumb Code   268  rt_sys_ecufaultdiag_0.o(i.TemperaturState)
    TemperaturState_Init                     0x11004d71   Thumb Code    20  rt_sys_ecufaultdiag_0.o(i.TemperaturState_Init)
    TestMode_FactoryTest                     0x11004d85   Thumb Code    22  testmode.o(i.TestMode_FactoryTest)
    TestMode_TestMOS                         0x11005091   Thumb Code    32  testmode.o(i.TestMode_TestMOS)
    TestMode_UartDebugPeriodTask             0x110050b5   Thumb Code   582  testmode.o(i.TestMode_UartDebugPeriodTask)
    Timer2CaptureHandler                     0x11005319   Thumb Code     4  isrhandler.o(i.Timer2CaptureHandler)
    Timer2OverflowHandler                    0x1100531d   Thumb Code     4  isrhandler.o(i.Timer2OverflowHandler)
    UART1_IRQHandler                         0x11005321   Thumb Code    80  isr.o(i.UART1_IRQHandler)
    UART1_Init                               0x1100537d   Thumb Code    34  uart.o(i.UART1_Init)
    UART1_RI_Brk_Handler                     0x110053a9   Thumb Code     4  lin_isr.o(i.UART1_RI_Brk_Handler)
    UART2_IRQHandler                         0x110053ad   Thumb Code    56  isr.o(i.UART2_IRQHandler)
    UART2_Init                               0x110053ed   Thumb Code    36  uart.o(i.UART2_Init)
    Uart2RxHandler                           0x11005419   Thumb Code     4  isrhandler.o(i.Uart2RxHandler)
    Uart2TxHandler                           0x1100541d   Thumb Code     4  isrhandler.o(i.Uart2TxHandler)
    UsageFault_Handler                       0x110054b5   Thumb Code     2  isr.o(i.UsageFault_Handler)
    VoltageDiag                              0x110054b7   Thumb Code   208  ecufaultdiag.o(i.VoltageDiag)
    VoltageDiag_Init                         0x11005587   Thumb Code    20  ecufaultdiag.o(i.VoltageDiag_Init)
    WDT1_Init                                0x1100559d   Thumb Code    16  wdt1.o(i.WDT1_Init)
    WDT1_SOW_Service                         0x110055b5   Thumb Code    16  wdt1.o(i.WDT1_SOW_Service)
    WDT1_Service                             0x110055cd   Thumb Code    34  wdt1.o(i.WDT1_Service)
    WDT1_Stop                                0x110055f9   Thumb Code    14  wdt1.o(i.WDT1_Stop)
    __scatterload_copy                       0x11005607   Thumb Code    14  handlers.o(i.__scatterload_copy)
    __scatterload_null                       0x11005615   Thumb Code     2  handlers.o(i.__scatterload_null)
    __scatterload_zeroinit                   0x11005617   Thumb Code    14  handlers.o(i.__scatterload_zeroinit)
    asr_s32                                  0x11005625   Thumb Code    16  appmain.o(i.asr_s32)
    l_bool_wr_b                              0x11005635   Thumb Code    24  lin_common_api.o(i.l_bool_wr_b)
    l_bytes_rd                               0x11005651   Thumb Code    40  lin_common_api.o(i.l_bytes_rd)
    l_bytes_wr_b                             0x1100567d   Thumb Code    50  lin_common_api.o(i.l_bytes_wr_b)
    l_ifc_init                               0x110056b5   Thumb Code     4  lin_common_api.o(i.l_ifc_init)
    l_sys_init                               0x110056b9   Thumb Code    10  lin_common_api.o(i.l_sys_init)
    l_u16_rd                                 0x110056c5   Thumb Code    14  lin_common_api.o(i.l_u16_rd)
    l_u16_wr_b                               0x110056d9   Thumb Code    30  lin_common_api.o(i.l_u16_wr_b)
    l_u8_rd                                  0x110056fd   Thumb Code    12  lin_common_api.o(i.l_u8_rd)
    l_u8_wr                                  0x1100570d   Thumb Code     8  lin_common_api.o(i.l_u8_wr)
    l_u8_wr_b                                0x11005719   Thumb Code    24  lin_common_api.o(i.l_u8_wr_b)
    ld_read_by_id_callout                    0x11005735   Thumb Code    32  lin_cfg.o(i.ld_read_by_id_callout)
    lin_bus_activity_timeout                 0x11005755   Thumb Code    14  lin_common_proto.o(i.lin_bus_activity_timeout)
    lin_checksum                             0x11005763   Thumb Code    44  lin_sw.o(i.lin_checksum)
    lin_diagservice_assign_frame_id_range    0x11005791   Thumb Code   104  lin_diagnostic_service.o(i.lin_diagservice_assign_frame_id_range)
    lin_diagservice_read_by_identifier       0x11005801   Thumb Code    90  lin_diagnostic_service.o(i.lin_diagservice_read_by_identifier)
    lin_get_frame_index                      0x11005869   Thumb Code    28  lin_common_proto.o(i.lin_get_frame_index)
    lin_goto_idle_state                      0x11005889   Thumb Code    38  lin_lld_sci.o(i.lin_goto_idle_state)
    lin_handle_error                         0x110058b5   Thumb Code    72  lin_common_proto.o(i.lin_handle_error)
    lin_lld_ignore_response                  0x1100590d   Thumb Code    14  lin_sw.o(i.lin_lld_ignore_response)
    lin_lld_init                             0x11005921   Thumb Code    20  lin_sw.o(i.lin_lld_init)
    lin_lld_rx_response                      0x11005939   Thumb Code    18  lin_sw.o(i.lin_lld_rx_response)
    lin_lld_sci_get_state                    0x11005951   Thumb Code     6  lin_lld_sci.o(i.lin_lld_sci_get_state)
    lin_lld_sci_ignore_response              0x1100595d   Thumb Code     4  lin_lld_sci.o(i.lin_lld_sci_ignore_response)
    lin_lld_sci_init                         0x11005961   Thumb Code   106  lin_lld_sci.o(i.lin_lld_sci_init)
    lin_lld_sci_isr                          0x110059d9   Thumb Code   836  lin_lld_sci.o(i.lin_lld_sci_isr)
    lin_lld_sci_rx_response                  0x11005d29   Thumb Code    18  lin_lld_sci.o(i.lin_lld_sci_rx_response)
    lin_lld_sci_set_low_power_mode           0x11005d41   Thumb Code    22  lin_lld_sci.o(i.lin_lld_sci_set_low_power_mode)
    lin_lld_sci_timeout                      0x11005d5d   Thumb Code   110  lin_lld_sci.o(i.lin_lld_sci_timeout)
    lin_lld_sci_tx_response                  0x11005dd1   Thumb Code    62  lin_lld_sci.o(i.lin_lld_sci_tx_response)
    lin_lld_set_low_power_mode               0x11005e19   Thumb Code    14  lin_sw.o(i.lin_lld_set_low_power_mode)
    lin_lld_set_response                     0x11005e2d   Thumb Code    32  lin_sw.o(i.lin_lld_set_response)
    lin_lld_timer_S12_init                   0x11005e55   Thumb Code     2  lin_lld_timesrv.o(i.lin_lld_timer_S12_init)
    lin_lld_timer_init                       0x11005e57   Thumb Code     4  lin_sw.o(i.lin_lld_timer_init)
    lin_lld_timer_isr                        0x11005e5b   Thumb Code     4  lin_lld_timesrv.o(i.lin_lld_timer_isr)
    lin_make_res_evnt_frame                  0x11005e61   Thumb Code    24  lin_lin21_proto.o(i.lin_make_res_evnt_frame)
    lin_pid_response_callback_handler        0x11005e7d   Thumb Code    42  lin_common_proto.o(i.lin_pid_response_callback_handler)
    lin_process_parity                       0x11005ea7   Thumb Code    70  lin_sw.o(i.lin_process_parity)
    lin_process_pid                          0x11005eed   Thumb Code   136  lin_common_proto.o(i.lin_process_pid)
    lin_process_uncd_frame                   0x11005f8d   Thumb Code   490  lin_common_proto.o(i.lin_process_uncd_frame)
    lin_tl_attach_service                    0x11006195   Thumb Code    56  lin_commontl_proto.o(i.lin_tl_attach_service)
    lin_tl_get_pdu                           0x110061d5   Thumb Code    26  lin_commontl_proto.o(i.lin_tl_get_pdu)
    lin_tl_handler                           0x110061f9   Thumb Code    66  lin_commontl_proto.o(i.lin_tl_handler)
    lin_tl_make_slaveres_pdu                 0x1100624d   Thumb Code   234  lin_commontl_proto.o(i.lin_tl_make_slaveres_pdu)
    lin_tl_put_pdu                           0x1100634d   Thumb Code    26  lin_commontl_proto.o(i.lin_tl_put_pdu)
    lin_update_err_signal                    0x11006375   Thumb Code    20  lin_lin21_proto.o(i.lin_update_err_signal)
    lin_update_frame_flag                    0x11006395   Thumb Code    22  lin_common_api.o(i.lin_update_frame_flag)
    lin_update_rx                            0x110063b9   Thumb Code    58  lin_common_proto.o(i.lin_update_rx)
    lin_update_rx_diag_frame                 0x11006405   Thumb Code    34  lin_common_proto.o(i.lin_update_rx_diag_frame)
    lin_update_tx                            0x11006431   Thumb Code    78  lin_common_proto.o(i.lin_update_tx)
    lin_update_tx_flags                      0x11006499   Thumb Code    44  lin_common_proto.o(i.lin_update_tx_flags)
    lin_update_word_status_lin21             0x110064cd   Thumb Code    48  lin_lin21_proto.o(i.lin_update_word_status_lin21)
    look1_is16lu32n16Ds32_binlcs             0x11006511   Thumb Code   112  appmain.o(i.look1_is16lu32n16Ds32_binlcs)
    main                                     0x11006581   Thumb Code   320  main.o(i.main)
    mul_u32_sat                              0x110066f5   Thumb Code    26  appmain.o(i.mul_u32_sat)
    mul_wide_u32                             0x1100670f   Thumb Code    64  appmain.o(i.mul_wide_u32)
    ProductVersion                           0x110067f0   Data           8  globalvars.o(.constdata)
    Emo_Focpar_Cfg                           0x110067f8   Data          92  emo_cfg.o(.constdata)
    Table_Sin                                0x1100686c   Data        2560  table.o(.constdata)
    Table_ArcTan                             0x1100726c   Data        2050  table.o(.constdata)
    Table_Amp                                0x11007a6e   Data        2068  table.o(.constdata)
    Table_sqrtmqu                            0x11008282   Data         514  table.o(.constdata)
    Table_Sin60                              0x11008484   Data         512  table.o(.constdata)
    M                                        0x11008684   Data           4  appmain.o(.constdata)
    ConstP                                   0x11008688   Data          44  appmain_data.o(.constdata)
    lin_virtual_ifc                          0x110086b4   Data           1  lin_cfg.o(.constdata)
    lin_signal_tbl                           0x110086b8   Data          96  lin_cfg.o(.constdata)
    LI0_VCU_BEWP_signal                      0x11008718   Data           2  lin_cfg.o(.constdata)
    LI0_BEWP_RESP_signal                     0x1100871a   Data          22  lin_cfg.o(.constdata)
    lin_frame_tbl                            0x11008730   Data          32  lin_cfg.o(.constdata)
    lin_max_frame_res_timeout_val            0x11008750   Data          16  lin_cfg.o(.constdata)
    lin_initial_NAD                          0x11008760   Data           1  lin_cfg.o(.constdata)
    product_id                               0x11008762   Data           6  lin_cfg.o(.constdata)
    response_error                           0x11008768   Data           1  lin_cfg.o(.constdata)
    USER_CFLASH_WR_PROT_EN                   0x1100876c   Data           4  bootrom.o(.constdata)
    USER_MAPRAM_INIT                         0x11008770   Data           4  bootrom.o(.constdata)
    USER_ERASE_SECTOR                        0x11008774   Data           4  bootrom.o(.constdata)
    USER_NVM_ECC_CHECK                       0x11008778   Data           4  bootrom.o(.constdata)
    Region$$Table$$Base                      0x1100877c   Number         0  anon$$obj.o(Region$$Table)
    Region$$Table$$Limit                     0x1100879c   Number         0  anon$$obj.o(Region$$Table)
    FlashCheckSum                            0x1100afe8   Data           4  userinfo.o(.constdata)
    FlashECUInfo                             0x1100afec   Data          12  userinfo.o(.constdata)
    p_NACNAD                                 0x1100affc   Data           4  system_tle987x.o(.ARM.__at_0x1100AFFC)
    MsCnt1                                   0x1800001a   Data           2  main.o(.data)
    IsInTestMode                             0x18000022   Data           1  testmode.o(.data)
    IsInFctTestMode                          0x18000023   Data           1  testmode.o(.data)
    IsInTerminalTestMode                     0x18000024   Data           1  testmode.o(.data)
    FctTestMOSEn                             0x18000025   Data           1  testmode.o(.data)
    FctTestPwmOut5HzEn                       0x18000026   Data           1  testmode.o(.data)
    PwmIn                                    0x18000036   Data          12  pwmin.o(.data)
    ADCSample_Temp                           0x18000046   Data           2  adcsample.o(.data)
    Lin_Error_State                          0x18000055   Data           1  motorapi.o(.data)
    BDRV_OffDiagResult                       0x18000056   Data           1  motorapi.o(.data)
    DryRunningCurrent                        0x1800005c   Data           4  motorapi.o(.data)
    DryRunningCurrentTHR                     0x18000060   Data           4  motorapi.o(.data)
    FlashCheckSumCal                         0x18000080   Data           4  sdk.o(.data)
    ECUFaults                                0x1800008c   Data           4  sdk.o(.data)
    DtcDataSwRstEn                           0x18000090   Data           1  dtc.o(.data)
    DTCVarBytesLen                           0x18000092   Data           2  dtc.o(.data)
    PowerUpTimeMs                            0x1800009c   Data           4  globalvars.o(.data)
    LinRx                                    0x180000b2   Data           6  lindatapro.o(.data)
    LinTx                                    0x180000b8   Data           8  lindatapro.o(.data)
    Emo_Status                               0x180000dc   Data           8  emo.o(.data)
    MTPA                                     0x180000e4   Data          16  emo.o(.data)
    AngleOffset                              0x180000f4   Data           2  emo_ram.o(.data)
    AdcResult0                               0x180000f6   Data           2  emo_ram.o(.data)
    AdcResult1                               0x180000f8   Data           2  emo_ram.o(.data)
    R0mioffs                                 0x180000fa   Data           2  emo_ram.o(.data)
    OffsmiR1                                 0x180000fc   Data           2  emo_ram.o(.data)
    R1miR0                                   0x180000fe   Data           2  emo_ram.o(.data)
    Tempu                                    0x18000100   Data           2  emo_ram.o(.data)
    deltaphi                                 0x18000102   Data           2  emo_ram.o(.data)
    domega                                   0x18000104   Data           2  emo_ram.o(.data)
    Flux                                     0x18000138   Data           4  emo_ram.o(.data)
    pTable_Cos                               0x1800013c   Data           4  table.o(.data)
    lin_save_configuration_flg               0x18000142   Data           1  lin_cfg.o(.data)
    LI0_BEWP_RefSpd_data                     0x18000143   Data           1  lin_cfg.o(.data)
    LI0_BEWP_TargetSpd_data                  0x18000144   Data           1  lin_cfg.o(.data)
    LI0_BEWP_ActSpd_data                     0x18000145   Data           1  lin_cfg.o(.data)
    LI0_BEWP_Voltage_data                    0x18000146   Data           1  lin_cfg.o(.data)
    LI0_BEWP_Temperature_data                0x18000147   Data           1  lin_cfg.o(.data)
    LI0_BEWP_Current_data                    0x18000148   Data           1  lin_cfg.o(.data)
    LI0_BEWP_OverTempSts_data                0x18000149   Data           1  lin_cfg.o(.data)
    LI0_BEWP_OverCurrentSts_data             0x1800014a   Data           1  lin_cfg.o(.data)
    LI0_BEWP_DryRunningSts_data              0x1800014b   Data           1  lin_cfg.o(.data)
    LI0_BEWP_VoltageSts_data                 0x1800014c   Data           1  lin_cfg.o(.data)
    LI0_BEWP_BlockSts_data                   0x1800014d   Data           1  lin_cfg.o(.data)
    LI0_BEWP_RESP_ERROR_data                 0x1800014e   Data           1  lin_cfg.o(.data)
    lin_frame_flag_tbl                       0x1800014f   Data           4  lin_cfg.o(.data)
    lin_flag_frame_handle_tbl                0x18000153   Data           4  lin_cfg.o(.data)
    lin_configuration_RAM                    0x18000157   Data           6  lin_cfg.o(.data)
    lin_configured_NAD                       0x1800015d   Data           1  lin_cfg.o(.data)
    tx_single_pdu_data                       0x1800015e   Data           8  lin_cfg.o(.data)
    rx_single_pdu_data                       0x18000166   Data           8  lin_cfg.o(.data)
    tl_slaveresp_cnt                         0x1800016e   Data           1  lin_cfg.o(.data)
    lin_successful_transfer                  0x1800016f   Data           1  lin_cfg.o(.data)
    lin_error_in_response                    0x18000170   Data           1  lin_cfg.o(.data)
    lin_goto_sleep_flg                       0x18000171   Data           1  lin_cfg.o(.data)
    lin_word_status                          0x18000172   Data           2  lin_cfg.o(.data)
    tl_current_tx_pdu_ptr                    0x18000174   Data           4  lin_cfg.o(.data)
    tl_current_rx_pdu_ptr                    0x18000178   Data           4  lin_cfg.o(.data)
    IDEA_TimeOut                             0x18000182   Data           1  lin_lld_sci.o(.data)
    Lin_Error_Flag                           0x18000183   Data           1  lin_lld_sci.o(.data)
    frame_signal_error                       0x18000198   Data           1  lin_common_proto.o(.data)
    frame_index                              0x18000199   Data           1  lin_common_proto.o(.data)
    frm_index_b                              0x1800019a   Data           1  lin_common_proto.o(.data)
    WD_Counter                               0x180001a8   Data           4  wdt1.o(.data)
    ADCResults                               0x1800026c   Data          42  adcsample.o(.bss)
    MotorAPIVar                              0x18000298   Data          52  motorapi.o(.bss)
    DTCVar                                   0x1800030a   Data          70  dtc.o(.bss)
    Emo_Ctrl                                 0x18000374   Data         232  emo_ram.o(.bss)
    Emo_Foc                                  0x1800045c   Data         116  emo_ram.o(.bss)
    Emo_Svm                                  0x180004d0   Data          48  emo_ram.o(.bss)
    Emo_AdcResult                            0x18000500   Data          20  emo_ram.o(.bss)
    CompareVal                               0x18000514   Data          40  emo_ram.o(.bss)
    B                                        0x1800053c   Data          42  appmain.o(.bss)
    DW                                       0x18000566   Data         142  appmain.o(.bss)
    U                                        0x180005f4   Data          24  appmain.o(.bss)
    Y                                        0x1800060c   Data          16  appmain.o(.bss)
    lin_signal_flag_tbl                      0x1800061c   Data          12  lin_cfg.o(.bss)
    lin_flag_signal_handle_tbl               0x18000628   Data          12  lin_cfg.o(.bss)
    lin_lld_response_buffer                  0x18000634   Data          10  lin_cfg.o(.bss)
    __initial_sp                             0x18000a40   Data           0  startup_tle987x.o(STACK)



==============================================================================

Memory Map of the image

  Image Entry point : 0x11000081

  Load Region LR_IROM1 (Base: 0x11000000, Size: 0x00008930, Max: 0x0000afe8, ABSOLUTE, COMPRESSED[0x000087e4])

    Execution Region ER_IROM1 (Exec base: 0x11000000, Load base: 0x11000000, Size: 0x0000879c, Max: 0x0000afe8, ABSOLUTE)

    Exec Addr    Load Addr    Size         Type   Attr      Idx    E Section Name        Object

    0x11000000   0x11000000   0x00000080   Data   RO         3714    RESET               startup_tle987x.o
    0x11000080   0x11000080   0x00000000   Code   RO         4027  * .ARM.Collect$$$$00000000  mc_w.l(entry.o)
    0x11000080   0x11000080   0x00000004   Code   RO         4070    .ARM.Collect$$$$00000001  mc_w.l(entry2.o)
    0x11000084   0x11000084   0x00000004   Code   RO         4073    .ARM.Collect$$$$00000004  mc_w.l(entry5.o)
    0x11000088   0x11000088   0x00000000   Code   RO         4075    .ARM.Collect$$$$00000008  mc_w.l(entry7b.o)
    0x11000088   0x11000088   0x00000000   Code   RO         4077    .ARM.Collect$$$$0000000A  mc_w.l(entry8b.o)
    0x11000088   0x11000088   0x00000008   Code   RO         4078    .ARM.Collect$$$$0000000B  mc_w.l(entry9a.o)
    0x11000090   0x11000090   0x00000004   Code   RO         4085    .ARM.Collect$$$$0000000E  mc_w.l(entry12b.o)
    0x11000094   0x11000094   0x00000000   Code   RO         4080    .ARM.Collect$$$$0000000F  mc_w.l(entry10a.o)
    0x11000094   0x11000094   0x00000000   Code   RO         4082    .ARM.Collect$$$$00000011  mc_w.l(entry11a.o)
    0x11000094   0x11000094   0x00000004   Code   RO         4071    .ARM.Collect$$$$00002712  mc_w.l(entry2.o)
    0x11000098   0x11000098   0x00000040   Code   RO         3715    .text               startup_tle987x.o
    0x110000d8   0x110000d8   0x00000008   Code   RO         4032    .text               mc_w.l(siabs.o)
    0x110000e0   0x110000e0   0x00000024   Code   RO         4036    .text               mc_w.l(memcpya.o)
    0x11000104   0x11000104   0x00000024   Code   RO         4038    .text               mc_w.l(memseta.o)
    0x11000128   0x11000128   0x00000064   Code   RO         4042    .text               mf_w.l(fmul.o)
    0x1100018c   0x1100018c   0x0000007c   Code   RO         4044    .text               mf_w.l(fdiv.o)
    0x11000208   0x11000208   0x00000018   Code   RO         4046    .text               mf_w.l(fscalb.o)
    0x11000220   0x11000220   0x000000e4   Code   RO         4048    .text               mf_w.l(dmul.o)
    0x11000304   0x11000304   0x000000de   Code   RO         4050    .text               mf_w.l(ddiv.o)
    0x110003e2   0x110003e2   0x0000002e   Code   RO         4052    .text               mf_w.l(dscalb.o)
    0x11000410   0x11000410   0x0000000a   Code   RO         4054    .text               mf_w.l(ffltui.o)
    0x1100041a   0x1100041a   0x0000001a   Code   RO         4056    .text               mf_w.l(dfltui.o)
    0x11000434   0x11000434   0x00000032   Code   RO         4058    .text               mf_w.l(ffixi.o)
    0x11000466   0x11000466   0x00000028   Code   RO         4060    .text               mf_w.l(ffixui.o)
    0x1100048e   0x1100048e   0x0000003e   Code   RO         4062    .text               mf_w.l(dfixi.o)
    0x110004cc   0x110004cc   0x00000032   Code   RO         4064    .text               mf_w.l(dfixui.o)
    0x110004fe   0x110004fe   0x00000026   Code   RO         4066    .text               mf_w.l(f2d.o)
    0x11000524   0x11000524   0x00000038   Code   RO         4068    .text               mf_w.l(d2f.o)
    0x1100055c   0x1100055c   0x0000001e   Code   RO         4086    .text               mc_w.l(llshl.o)
    0x1100057a   0x1100057a   0x00000020   Code   RO         4088    .text               mc_w.l(llushr.o)
    0x1100059a   0x1100059a   0x00000000   Code   RO         4090    .text               mc_w.l(iusefp.o)
    0x1100059a   0x1100059a   0x0000006e   Code   RO         4091    .text               mf_w.l(fepilogue.o)
    0x11000608   0x11000608   0x000000ba   Code   RO         4093    .text               mf_w.l(depilogue.o)
    0x110006c2   0x110006c2   0x00000002   PAD
    0x110006c4   0x110006c4   0x00000024   Code   RO         4095    .text               mc_w.l(init.o)
    0x110006e8   0x110006e8   0x00000056   Code   RO         4105    .text               mc_w.l(__dczerorl2.o)
    0x1100073e   0x1100073e   0x00000002   PAD
    0x11000740   0x11000740   0x00000024   Code   RO         2833    i.ADC1_GetChResult  adc1.o
    0x11000764   0x11000764   0x0000007c   Code   RO         2837    i.ADC1_Init         adc1.o
    0x110007e0   0x110007e0   0x0000005c   Code   RO         2923    i.ADC2_Init         adc2.o
    0x1100083c   0x1100083c   0x00000094   Code   RO          417    i.ADCSample_BatVoltageFilter  adcsample.o
    0x110008d0   0x110008d0   0x00000048   Code   RO          418    i.ADCSample_GetAmbT  adcsample.o
    0x11000918   0x11000918   0x00000024   Code   RO          419    i.ADCSample_GetBat  adcsample.o
    0x1100093c   0x1100093c   0x000000b0   Code   RO          420    i.ADCSample_PeriodTask  adcsample.o
    0x110009ec   0x110009ec   0x00000026   Code   RO         1525    i.AmbTemperatureDiag  ecufaultdiag.o
    0x11000a12   0x11000a12   0x00000004   Code   RO         1526    i.AmbTemperatureDiag_Init  ecufaultdiag.o
    0x11000a16   0x11000a16   0x00000002   PAD
    0x11000a18   0x11000a18   0x00000070   Code   RO         1425    i.AppMain_initialize  appmain.o
    0x11000a88   0x11000a88   0x0000010c   Code   RO         1426    i.AppMain_step      appmain.o
    0x11000b94   0x11000b94   0x00000030   Code   RO          882    i.AppTimeBaseHandler  isrhandler.o
    0x11000bc4   0x11000bc4   0x0000000c   Code   RO         2950    i.BDRV_Clr_Sts      bdrv.o
    0x11000bd0   0x11000bd0   0x0000005c   Code   RO         2952    i.BDRV_Init         bdrv.o
    0x11000c2c   0x11000c2c   0x00000074   Code   RO         2954    i.BDRV_Set_Bridge   bdrv.o
    0x11000ca0   0x11000ca0   0x00000018   Code   RO         2956    i.BDRV_Set_DSM_Threshold  bdrv.o
    0x11000cb8   0x11000cb8   0x00000018   Code   RO         2957    i.BDRV_Set_Discharge_Current  bdrv.o
    0x11000cd0   0x11000cd0   0x00000060   Code   RO         1708    i.BufDataSameFirstCnt  pwmintargetspeedeval.o
    0x11000d30   0x11000d30   0x00000002   Code   RO         3315    i.BusFault_Handler  isr.o
    0x11000d32   0x11000d32   0x00000002   PAD
    0x11000d34   0x11000d34   0x00000050   Code   RO         3316    i.CCU6SR1_IRQHandler  isr.o
    0x11000d84   0x11000d84   0x00000070   Code   RO         3099    i.CCU6_Init         ccu6.o
    0x11000df4   0x11000df4   0x00000014   Code   RO         3132    i.CSA_Init          csa.o
    0x11000e08   0x11000e08   0x00000014   Code   RO          253    i.Common_CopyMem    common.o
    0x11000e1c   0x11000e1c   0x0000006e   Code   RO          254    i.Common_ExeLookUpTable  common.o
    0x11000e8a   0x11000e8a   0x0000001e   Code   RO          255    i.Common_SetStatusDelay  common.o
    0x11000ea8   0x11000ea8   0x00000014   Code   RO         3176    i.DMA_Init          dma.o
    0x11000ebc   0x11000ebc   0x00000048   Code   RO          792    i.DTCPowerCntUpdate  dtc.o
    0x11000f04   0x11000f04   0x0000002c   Code   RO          793    i.DTCVarReset       dtc.o
    0x11000f30   0x11000f30   0x00000028   Code   RO          794    i.DTC_CaculateCheckSum  dtc.o
    0x11000f58   0x11000f58   0x00000024   Code   RO          795    i.DTC_GetRecord     dtc.o
    0x11000f7c   0x11000f7c   0x0000004c   Code   RO          796    i.DTC_Init          dtc.o
    0x11000fc8   0x11000fc8   0x0000027c   Code   RO          797    i.DTC_PeriodTask    dtc.o
    0x11001244   0x11001244   0x00000038   Code   RO          798    i.DTC_UpdateFaultRePowerInfo  dtc.o
    0x1100127c   0x1100127c   0x00000028   Code   RO          799    i.DTC_UpdateFaultTotalCnt  dtc.o
    0x110012a4   0x110012a4   0x00000028   Code   RO          800    i.DTC_isDtcDataValid  dtc.o
    0x110012cc   0x110012cc   0x0000007e   Code   RO         1580    i.DelayOut          feedback.o
    0x1100134a   0x1100134a   0x0000000c   Code   RO         1581    i.DelayOut_Init     feedback.o
    0x11001356   0x11001356   0x00000050   Code   RO         3970    i.Delay_us          wdt1.o
    0x110013a6   0x110013a6   0x0000001e   Code   RO         1709    i.DutyBufUpdate     pwmintargetspeedeval.o
    0x110013c4   0x110013c4   0x000000b2   Code   RO         1710    i.DutyFilter        pwmintargetspeedeval.o
    0x11001476   0x11001476   0x00000016   Code   RO         1712    i.DutyFilter_Init   pwmintargetspeedeval.o
    0x1100148c   0x1100148c   0x00000012   Code   RO         1713    i.DutyFilter_Reset  pwmintargetspeedeval.o
    0x1100149e   0x1100149e   0x0000003e   Code   RO         1527    i.ECUFaultDiag      ecufaultdiag.o
    0x110014dc   0x110014dc   0x0000001e   Code   RO         1528    i.ECUFaultDiag_Init  ecufaultdiag.o
    0x110014fa   0x110014fa   0x00000002   PAD
    0x110014fc   0x110014fc   0x00000054   Code   RO         1126    i.Emo_CaculateIShunt  emo.o
    0x11001550   0x11001550   0x0000014c   Code   RO         1127    i.Emo_IShuntLimit   emo.o
    0x1100169c   0x1100169c   0x00000024   Code   RO         1128    i.Emo_Init          emo.o
    0x110016c0   0x110016c0   0x0000022c   Code   RO         1129    i.Emo_MLowTask      emo.o
    0x110018ec   0x110018ec   0x000000b0   Code   RO         1296    i.Emo_RAM_CurrAdc1  emo_ram.o
    0x1100199c   0x1100199c   0x00000250   Code   RO         1297    i.Emo_RAM_MHighTask  emo_ram.o
    0x11001bec   0x11001bec   0x0000017c   Code   RO         1298    i.Emo_RAM_T2C       emo_ram.o
    0x11001d68   0x11001d68   0x000000ec   Code   RO         1299    i.Emo_RAM_lEstFlux  emo_ram.o
    0x11001e54   0x11001e54   0x000000d0   Code   RO         1300    i.Emo_RAM_lExeSvm   emo_ram.o
    0x11001f24   0x11001f24   0x000000a8   Code   RO         1130    i.Emo_StartMotor    emo.o
    0x11001fcc   0x11001fcc   0x0000004c   Code   RO         1131    i.Emo_StopMotor     emo.o
    0x11002018   0x11002018   0x00000060   Code   RO         1132    i.Emo_calIShuntZero  emo.o
    0x11002078   0x11002078   0x0000008c   Code   RO         1133    i.Emo_calcIShuntZero  emo.o
    0x11002104   0x11002104   0x00000668   Code   RO         1134    i.Emo_lInitFocPar   emo.o
    0x1100276c   0x1100276c   0x000000a8   Code   RO         1135    i.Emo_lInitFocVar   emo.o
    0x11002814   0x11002814   0x0000000c   Code   RO          997    i.FanComTest_GetRxID  fancomtest.o
    0x11002820   0x11002820   0x00000014   Code   RO          999    i.FanComTest_ReadU8  fancomtest.o
    0x11002834   0x11002834   0x00000010   Code   RO         1000    i.FanComTest_ResetU8  fancomtest.o
    0x11002844   0x11002844   0x000000cc   Code   RO         1001    i.FanComTest_RxHandler  fancomtest.o
    0x11002910   0x11002910   0x00000030   Code   RO         1002    i.FanComTest_StartFrameTransmission  fancomtest.o
    0x11002940   0x11002940   0x00000068   Code   RO         1003    i.FanComTest_TxHandler  fancomtest.o
    0x110029a8   0x110029a8   0x00000010   Code   RO         1004    i.FanComTest_UartErrHandle  fancomtest.o
    0x110029b8   0x110029b8   0x00000024   Code   RO         1005    i.FanComTest_WriteS16  fancomtest.o
    0x110029dc   0x110029dc   0x00000024   Code   RO         1006    i.FanComTest_WriteU16  fancomtest.o
    0x11002a00   0x11002a00   0x00000010   Code   RO         1007    i.FanComTest_WriteU8  fancomtest.o
    0x11002a10   0x11002a10   0x000001d4   Code   RO         1582    i.FeedBack          feedback.o
    0x11002be4   0x11002be4   0x00000036   Code   RO         1583    i.FeedBackDelay     feedback.o
    0x11002c1a   0x11002c1a   0x00000006   Code   RO         1584    i.FeedBackDelay_Init  feedback.o
    0x11002c20   0x11002c20   0x00000044   Code   RO         1585    i.FeedBack_Init     feedback.o
    0x11002c64   0x11002c64   0x00000096   Code   RO         1714    i.FreqValidJudge    pwmintargetspeedeval.o
    0x11002cfa   0x11002cfa   0x0000000e   Code   RO         1715    i.FreqValidJudge_Init  pwmintargetspeedeval.o
    0x11002d08   0x11002d08   0x0000000e   Code   RO         1716    i.FreqValidJudge_Reset  pwmintargetspeedeval.o
    0x11002d16   0x11002d16   0x00000002   PAD
    0x11002d18   0x11002d18   0x0000003c   Code   RO         3240    i.GPT12E_Init       gpt12e.o
    0x11002d54   0x11002d54   0x00000040   Code   RO         3317    i.GPT1_IRQHandler   isr.o
    0x11002d94   0x11002d94   0x00000024   Code   RO          885    i.GPT1_T2_Handler   isrhandler.o
    0x11002db8   0x11002db8   0x00000002   Code   RO          886    i.GPT1_T4_Handler   isrhandler.o
    0x11002dba   0x11002dba   0x00000002   Code   RO         3318    i.HardFault_Handler  isr.o
    0x11002dbc   0x11002dbc   0x0000009c   Code   RO         3285    i.INT_Init          int.o
    0x11002e58   0x11002e58   0x00000028   Code   RO         3452    i.LIN_Init          lin.o
    0x11002e80   0x11002e80   0x00000028   Code   RO         1083    i.LIN_Rx            lindatapro.o
    0x11002ea8   0x11002ea8   0x000001cc   Code   RO         1084    i.LIN_Tx            lindatapro.o
    0x11003074   0x11003074   0x000000a0   Code   RO         1301    i.Limitsvektor      emo_ram.o
    0x11003114   0x11003114   0x00000010   Code   RO         3486    i.MON_Init          mon.o
    0x11003124   0x11003124   0x00000068   Code   RO            4    i.Main_AppMainInputUpdate  main.o
    0x1100318c   0x1100318c   0x00000090   Code   RO         1302    i.Mat_CalcAngleAmp  emo_ram.o
    0x1100321c   0x1100321c   0x00000020   Code   RO         1136    i.Mat_ExeLp_without_min_max  emo.o
    0x1100323c   0x1100323c   0x00000020   Code   RO         1303    i.Mat_ExeLp_without_min_max  emo_ram.o
    0x1100325c   0x1100325c   0x0000004c   Code   RO         1304    i.Mat_ExePi         emo_ram.o
    0x110032a8   0x110032a8   0x00000020   Code   RO         1137    i.Mat_Ramp          emo.o
    0x110032c8   0x110032c8   0x00000002   Code   RO         3319    i.MemManage_Handler  isr.o
    0x110032ca   0x110032ca   0x00000002   PAD
    0x110032cc   0x110032cc   0x000000a4   Code   RO          472    i.MotorAPI_MotorDryRunningMonitor  motorapi.o
    0x11003370   0x11003370   0x0000001c   Code   RO          473    i.MotorAPI_MotorInit  motorapi.o
    0x1100338c   0x1100338c   0x00000074   Code   RO          474    i.MotorAPI_MotorOffDiag  motorapi.o
    0x11003400   0x11003400   0x00000158   Code   RO          475    i.MotorAPI_MotorPeriodTask  motorapi.o
    0x11003558   0x11003558   0x0000017c   Code   RO          476    i.MotorAPI_MotorSetSpeed  motorapi.o
    0x110036d4   0x110036d4   0x000000bc   Code   RO          477    i.MotorAPI_MotorSpeedMonitor  motorapi.o
    0x11003790   0x11003790   0x00000050   Code   RO          478    i.MotorAPI_OverCurrentMonitor  motorapi.o
    0x110037e0   0x110037e0   0x000001e2   Code   RO         1631    i.MotorRestartAndFaultCnt  motorrestartandfaultcnt.o
    0x110039c2   0x110039c2   0x0000001a   Code   RO         1632    i.MotorRestartAndFaultCnt_Init  motorrestartandfaultcnt.o
    0x110039dc   0x110039dc   0x0000000a   Code   RO         1665    i.MotorTargetSpeedMux  motortargetspeedmux.o
    0x110039e6   0x110039e6   0x00000002   PAD
    0x110039e8   0x110039e8   0x0000004c   Code   RO         3524    i.PMU_Init          pmu.o
    0x11003a34   0x11003a34   0x00000044   Code   RO         3559    i.PORT_Init         port.o
    0x11003a78   0x11003a78   0x0000006e   Code   RO         3042    i.ProgramPage       bootrom.o
    0x11003ae6   0x11003ae6   0x00000002   PAD
    0x11003ae8   0x11003ae8   0x00000064   Code   RO         1717    i.PwmInNotShort     pwmintargetspeedeval.o
    0x11003b4c   0x11003b4c   0x00000018   Code   RO         1718    i.PwmInNotShort_Disable  pwmintargetspeedeval.o
    0x11003b64   0x11003b64   0x00000024   Code   RO         1719    i.PwmInNotShort_Init  pwmintargetspeedeval.o
    0x11003b88   0x11003b88   0x00000018   Code   RO         1720    i.PwmInNotShort_Reset  pwmintargetspeedeval.o
    0x11003ba0   0x11003ba0   0x00000018   Code   RO         1687    i.PwmInParamEval    pwminparameval.o
    0x11003bb8   0x11003bb8   0x00000044   Code   RO         1721    i.PwmInShort        pwmintargetspeedeval.o
    0x11003bfc   0x11003bfc   0x00000010   Code   RO         1722    i.PwmInShort_Init   pwmintargetspeedeval.o
    0x11003c0c   0x11003c0c   0x00000010   Code   RO         1723    i.PwmInShort_Reset  pwmintargetspeedeval.o
    0x11003c1c   0x11003c1c   0x00000150   Code   RO         1724    i.PwmInSpeedCtrl    pwmintargetspeedeval.o
    0x11003d6c   0x11003d6c   0x0000001c   Code   RO         1725    i.PwmInSpeedCtrl_Disable  pwmintargetspeedeval.o
    0x11003d88   0x11003d88   0x00000030   Code   RO         1726    i.PwmInSpeedCtrl_Init  pwmintargetspeedeval.o
    0x11003db8   0x11003db8   0x0000004c   Code   RO         1727    i.PwmInTargetSpeedEval  pwmintargetspeedeval.o
    0x11003e04   0x11003e04   0x00000010   Code   RO         1728    i.PwmInTargetSpeedEval_Init  pwmintargetspeedeval.o
    0x11003e14   0x11003e14   0x000000a8   Code   RO          370    i.PwmIn_CaptureHandler  pwmin.o
    0x11003ebc   0x11003ebc   0x0000002c   Code   RO          371    i.PwmIn_CaptureTimerOverFlowHandler  pwmin.o
    0x11003ee8   0x11003ee8   0x00000038   Code   RO         1688    i.PwmInshortDetect  pwminparameval.o
    0x11003f20   0x11003f20   0x00000144   Code   RO         3612    i.SCU_ClkInit       scu.o
    0x11004064   0x11004064   0x00000054   Code   RO         3613    i.SCU_EnterSleepMode  scu.o
    0x110040b8   0x110040b8   0x00000034   Code   RO         3616    i.SCU_Init          scu.o
    0x110040ec   0x110040ec   0x00000058   Code   RO          540    i.SDK_ADCGetChResult  sdk.o
    0x11004144   0x11004144   0x00000034   Code   RO          541    i.SDK_BDRVGetShortStatus  sdk.o
    0x11004178   0x11004178   0x00000108   Code   RO          542    i.SDK_BDRVOpenLoadDiag  sdk.o
    0x11004280   0x11004280   0x000000dc   Code   RO          543    i.SDK_BDRVShortDiag  sdk.o
    0x1100435c   0x1100435c   0x00000014   Code   RO          544    i.SDK_BDRV_Off      sdk.o
    0x11004370   0x11004370   0x000000c4   Code   RO          545    i.SDK_BDRV_TestMos  sdk.o
    0x11004434   0x11004434   0x00000014   Code   RO          547    i.SDK_EEPROM_Read   sdk.o
    0x11004448   0x11004448   0x000002c0   Code   RO          549    i.SDK_EcuFaultDiag  sdk.o
    0x11004708   0x11004708   0x00000004   Code   RO          550    i.SDK_FeedWDog      sdk.o
    0x1100470c   0x1100470c   0x00000004   Code   RO          551    i.SDK_GoToSleepMode  sdk.o
    0x11004710   0x11004710   0x0000000e   Code   RO          552    i.SDK_HardwareInit  sdk.o
    0x1100471e   0x1100471e   0x00000002   PAD
    0x11004720   0x11004720   0x00000064   Code   RO          553    i.SDK_Mem_Check     sdk.o
    0x11004784   0x11004784   0x00000020   Code   RO          554    i.SDK_NVM_ECC_Check  sdk.o
    0x110047a4   0x110047a4   0x00000030   Code   RO          555    i.SDK_PMU_VDDEXT_ForceOn  sdk.o
    0x110047d4   0x110047d4   0x0000001c   Code   RO          556    i.SDK_PwmInCaptureTimerReset  sdk.o
    0x110047f0   0x110047f0   0x00000014   Code   RO          558    i.SDK_PwmInGetCaptureCnt  sdk.o
    0x11004804   0x11004804   0x00000010   Code   RO          562    i.SDK_PwmInSetCaptureRisingEdge  sdk.o
    0x11004814   0x11004814   0x00000078   Code   RO          567    i.SDK_RAM_Check     sdk.o
    0x1100488c   0x1100488c   0x0000000c   Code   RO          568    i.SDK_SystemReset   sdk.o
    0x11004898   0x11004898   0x0000000c   Code   RO          569    i.SDK_UartReadU8    sdk.o
    0x110048a4   0x110048a4   0x00000010   Code   RO          570    i.SDK_UartWriteU8   sdk.o
    0x110048b4   0x110048b4   0x0000003c   Code   RO          571    i.SDK_clrDFlashError  sdk.o
    0x110048f0   0x110048f0   0x00000048   Code   RO          572    i.SDK_writeDFlash   sdk.o
    0x11004938   0x11004938   0x00000020   Code   RO         3682    i.SSC1_Init         ssc.o
    0x11004958   0x11004958   0x0000001c   Code   RO         3683    i.SSC2_Init         ssc.o
    0x11004974   0x11004974   0x0000002c   Code   RO         1633    i.Short             motorrestartandfaultcnt.o
    0x110049a0   0x110049a0   0x00000078   Code   RO         1729    i.SpeedCurve        pwmintargetspeedeval.o
    0x11004a18   0x11004a18   0x00000046   Code   RO         1730    i.SpeedDelayOut     pwmintargetspeedeval.o
    0x11004a5e   0x11004a5e   0x0000000c   Code   RO         1731    i.SpeedDelayOut_Init  pwmintargetspeedeval.o
    0x11004a6a   0x11004a6a   0x00000002   PAD
    0x11004a6c   0x11004a6c   0x00000014   Code   RO         3320    i.SysTick_Handler   isr.o
    0x11004a80   0x11004a80   0x00000028   Code   RO         3971    i.SysTick_Init      wdt1.o
    0x11004aa8   0x11004aa8   0x00000030   Code   RO         3722    i.SystemInit        system_tle987x.o
    0x11004ad8   0x11004ad8   0x00000084   Code   RO         1305    i.T12_OM_Handler    emo_ram.o
    0x11004b5c   0x11004b5c   0x0000006c   Code   RO         1306    i.T12_PM_Handler    emo_ram.o
    0x11004bc8   0x11004bc8   0x00000020   Code   RO         3752    i.TIMER21_Init      timer2x.o
    0x11004be8   0x11004be8   0x00000020   Code   RO         3754    i.TIMER2_Init       timer2x.o
    0x11004c08   0x11004c08   0x00000002   Code   RO         3806    i.TIMER3_Init       timer3.o
    0x11004c0a   0x11004c0a   0x00000056   Code   RO         3884    i.TLE_Init          tle_device.o
    0x11004c60   0x11004c60   0x00000110   Code   RO         1856    i.TemperaturState   rt_sys_ecufaultdiag_0.o
    0x11004d70   0x11004d70   0x00000014   Code   RO         1857    i.TemperaturState_Init  rt_sys_ecufaultdiag_0.o
    0x11004d84   0x11004d84   0x0000001c   Code   RO          280    i.TestMode_FactoryTest  testmode.o
    0x11004da0   0x11004da0   0x000002f0   Code   RO          281    i.TestMode_FctTest  testmode.o
    0x11005090   0x11005090   0x00000024   Code   RO          282    i.TestMode_TestMOS  testmode.o
    0x110050b4   0x110050b4   0x00000264   Code   RO          283    i.TestMode_UartDebugPeriodTask  testmode.o
    0x11005318   0x11005318   0x00000004   Code   RO          888    i.Timer2CaptureHandler  isrhandler.o
    0x1100531c   0x1100531c   0x00000004   Code   RO          889    i.Timer2OverflowHandler  isrhandler.o
    0x11005320   0x11005320   0x0000005c   Code   RO         3321    i.UART1_IRQHandler  isr.o
    0x1100537c   0x1100537c   0x0000002c   Code   RO         3921    i.UART1_Init        uart.o
    0x110053a8   0x110053a8   0x00000004   Code   RO         1972    i.UART1_RI_Brk_Handler  lin_isr.o
    0x110053ac   0x110053ac   0x00000040   Code   RO         3322    i.UART2_IRQHandler  isr.o
    0x110053ec   0x110053ec   0x0000002c   Code   RO         3923    i.UART2_Init        uart.o
    0x11005418   0x11005418   0x00000004   Code   RO          890    i.Uart2RxHandler    isrhandler.o
    0x1100541c   0x1100541c   0x00000004   Code   RO          891    i.Uart2TxHandler    isrhandler.o
    0x11005420   0x11005420   0x0000004a   Code   RO         1858    i.UpdateStateCnt    rt_sys_ecufaultdiag_0.o
    0x1100546a   0x1100546a   0x0000004a   Code   RO         1529    i.UpdateStateCnt_hvit  ecufaultdiag.o
    0x110054b4   0x110054b4   0x00000002   Code   RO         3323    i.UsageFault_Handler  isr.o
    0x110054b6   0x110054b6   0x000000d0   Code   RO         1530    i.VoltageDiag       ecufaultdiag.o
    0x11005586   0x11005586   0x00000014   Code   RO         1531    i.VoltageDiag_Init  ecufaultdiag.o
    0x1100559a   0x1100559a   0x00000002   PAD
    0x1100559c   0x1100559c   0x00000018   Code   RO         3972    i.WDT1_Init         wdt1.o
    0x110055b4   0x110055b4   0x00000018   Code   RO         3973    i.WDT1_SOW_Service  wdt1.o
    0x110055cc   0x110055cc   0x0000002c   Code   RO         3974    i.WDT1_Service      wdt1.o
    0x110055f8   0x110055f8   0x0000000e   Code   RO         3975    i.WDT1_Stop         wdt1.o
    0x11005606   0x11005606   0x0000000e   Code   RO         4099    i.__scatterload_copy  mc_w.l(handlers.o)
    0x11005614   0x11005614   0x00000002   Code   RO         4100    i.__scatterload_null  mc_w.l(handlers.o)
    0x11005616   0x11005616   0x0000000e   Code   RO         4101    i.__scatterload_zeroinit  mc_w.l(handlers.o)
    0x11005624   0x11005624   0x00000010   Code   RO         1427    i.asr_s32           appmain.o
    0x11005634   0x11005634   0x0000001c   Code   RO         2183    i.l_bool_wr_b       lin_common_api.o
    0x11005650   0x11005650   0x0000002c   Code   RO         2184    i.l_bytes_rd        lin_common_api.o
    0x1100567c   0x1100567c   0x00000038   Code   RO         2186    i.l_bytes_wr_b      lin_common_api.o
    0x110056b4   0x110056b4   0x00000004   Code   RO         2191    i.l_ifc_init        lin_common_api.o
    0x110056b8   0x110056b8   0x0000000a   Code   RO         2196    i.l_sys_init        lin_common_api.o
    0x110056c2   0x110056c2   0x00000002   PAD
    0x110056c4   0x110056c4   0x00000014   Code   RO         2199    i.l_u16_rd          lin_common_api.o
    0x110056d8   0x110056d8   0x00000024   Code   RO         2201    i.l_u16_wr_b        lin_common_api.o
    0x110056fc   0x110056fc   0x00000010   Code   RO         2203    i.l_u8_rd           lin_common_api.o
    0x1100570c   0x1100570c   0x0000000c   Code   RO         2204    i.l_u8_wr           lin_common_api.o
    0x11005718   0x11005718   0x0000001c   Code   RO         2205    i.l_u8_wr_b         lin_common_api.o
    0x11005734   0x11005734   0x00000020   Code   RO         1895    i.ld_read_by_id_callout  lin_cfg.o
    0x11005754   0x11005754   0x0000000e   Code   RO         2355    i.lin_bus_activity_timeout  lin_common_proto.o
    0x11005762   0x11005762   0x0000002c   Code   RO         2600    i.lin_checksum      lin_sw.o
    0x1100578e   0x1100578e   0x00000002   PAD
    0x11005790   0x11005790   0x00000070   Code   RO         2567    i.lin_diagservice_assign_frame_id_range  lin_diagnostic_service.o
    0x11005800   0x11005800   0x00000068   Code   RO         2568    i.lin_diagservice_read_by_identifier  lin_diagnostic_service.o
    0x11005868   0x11005868   0x00000020   Code   RO         2356    i.lin_get_frame_index  lin_common_proto.o
    0x11005888   0x11005888   0x0000002c   Code   RO         2003    i.lin_goto_idle_state  lin_lld_sci.o
    0x110058b4   0x110058b4   0x00000058   Code   RO         2357    i.lin_handle_error  lin_common_proto.o
    0x1100590c   0x1100590c   0x00000014   Code   RO         2604    i.lin_lld_ignore_response  lin_sw.o
    0x11005920   0x11005920   0x00000018   Code   RO         2605    i.lin_lld_init      lin_sw.o
    0x11005938   0x11005938   0x00000018   Code   RO         2609    i.lin_lld_rx_response  lin_sw.o
    0x11005950   0x11005950   0x0000000c   Code   RO         2007    i.lin_lld_sci_get_state  lin_lld_sci.o
    0x1100595c   0x1100595c   0x00000004   Code   RO         2009    i.lin_lld_sci_ignore_response  lin_lld_sci.o
    0x11005960   0x11005960   0x00000078   Code   RO         2010    i.lin_lld_sci_init  lin_lld_sci.o
    0x110059d8   0x110059d8   0x00000350   Code   RO         2013    i.lin_lld_sci_isr   lin_lld_sci.o
    0x11005d28   0x11005d28   0x00000018   Code   RO         2017    i.lin_lld_sci_rx_response  lin_lld_sci.o
    0x11005d40   0x11005d40   0x0000001c   Code   RO         2018    i.lin_lld_sci_set_low_power_mode  lin_lld_sci.o
    0x11005d5c   0x11005d5c   0x00000074   Code   RO         2019    i.lin_lld_sci_timeout  lin_lld_sci.o
    0x11005dd0   0x11005dd0   0x00000048   Code   RO         2021    i.lin_lld_sci_tx_response  lin_lld_sci.o
    0x11005e18   0x11005e18   0x00000014   Code   RO         2610    i.lin_lld_set_low_power_mode  lin_sw.o
    0x11005e2c   0x11005e2c   0x00000028   Code   RO         2611    i.lin_lld_set_response  lin_sw.o
    0x11005e54   0x11005e54   0x00000002   Code   RO         2151    i.lin_lld_timer_S12_init  lin_lld_timesrv.o
    0x11005e56   0x11005e56   0x00000004   Code   RO         2612    i.lin_lld_timer_init  lin_sw.o
    0x11005e5a   0x11005e5a   0x00000004   Code   RO         2152    i.lin_lld_timer_isr  lin_lld_timesrv.o
    0x11005e5e   0x11005e5e   0x00000002   PAD
    0x11005e60   0x11005e60   0x0000001c   Code   RO         2531    i.lin_make_res_evnt_frame  lin_lin21_proto.o
    0x11005e7c   0x11005e7c   0x0000002a   Code   RO         2359    i.lin_pid_response_callback_handler  lin_common_proto.o
    0x11005ea6   0x11005ea6   0x00000046   Code   RO         2614    i.lin_process_parity  lin_sw.o
    0x11005eec   0x11005eec   0x000000a0   Code   RO         2360    i.lin_process_pid   lin_common_proto.o
    0x11005f8c   0x11005f8c   0x00000208   Code   RO         2361    i.lin_process_uncd_frame  lin_common_proto.o
    0x11006194   0x11006194   0x00000040   Code   RO         2749    i.lin_tl_attach_service  lin_commontl_proto.o
    0x110061d4   0x110061d4   0x00000024   Code   RO         2750    i.lin_tl_get_pdu    lin_commontl_proto.o
    0x110061f8   0x110061f8   0x00000054   Code   RO         2751    i.lin_tl_handler    lin_commontl_proto.o
    0x1100624c   0x1100624c   0x00000100   Code   RO         2752    i.lin_tl_make_slaveres_pdu  lin_commontl_proto.o
    0x1100634c   0x1100634c   0x00000028   Code   RO         2753    i.lin_tl_put_pdu    lin_commontl_proto.o
    0x11006374   0x11006374   0x00000020   Code   RO         2532    i.lin_update_err_signal  lin_lin21_proto.o
    0x11006394   0x11006394   0x00000024   Code   RO         2206    i.lin_update_frame_flag  lin_common_api.o
    0x110063b8   0x110063b8   0x0000004c   Code   RO         2362    i.lin_update_rx     lin_common_proto.o
    0x11006404   0x11006404   0x0000002c   Code   RO         2363    i.lin_update_rx_diag_frame  lin_common_proto.o
    0x11006430   0x11006430   0x00000068   Code   RO         2364    i.lin_update_tx     lin_common_proto.o
    0x11006498   0x11006498   0x00000034   Code   RO         2365    i.lin_update_tx_flags  lin_common_proto.o
    0x110064cc   0x110064cc   0x00000044   Code   RO         2533    i.lin_update_word_status_lin21  lin_lin21_proto.o
    0x11006510   0x11006510   0x00000070   Code   RO         1428    i.look1_is16lu32n16Ds32_binlcs  appmain.o
    0x11006580   0x11006580   0x00000174   Code   RO            5    i.main              main.o
    0x110066f4   0x110066f4   0x0000001a   Code   RO         1429    i.mul_u32_sat       appmain.o
    0x1100670e   0x1100670e   0x00000040   Code   RO         1430    i.mul_wide_u32      appmain.o
    0x1100674e   0x1100674e   0x000000a0   Data   RO          422    .constdata          adcsample.o
    0x110067ee   0x110067ee   0x00000002   PAD
    0x110067f0   0x110067f0   0x00000008   Data   RO          866    .constdata          globalvars.o
    0x110067f8   0x110067f8   0x0000005c   Data   RO         1264    .constdata          emo_cfg.o
    0x11006854   0x11006854   0x00000018   Data   RO         1309    .constdata          emo_ram.o
    0x1100686c   0x1100686c   0x00000a00   Data   RO         1399    .constdata          table.o
    0x1100726c   0x1100726c   0x00000802   Data   RO         1400    .constdata          table.o
    0x11007a6e   0x11007a6e   0x00000814   Data   RO         1401    .constdata          table.o
    0x11008282   0x11008282   0x00000202   Data   RO         1402    .constdata          table.o
    0x11008484   0x11008484   0x00000200   Data   RO         1403    .constdata          table.o
    0x11008684   0x11008684   0x00000004   Data   RO         1432    .constdata          appmain.o
    0x11008688   0x11008688   0x0000002c   Data   RO         1509    .constdata          appmain_data.o
    0x110086b4   0x110086b4   0x00000001   Data   RO         1900    .constdata          lin_cfg.o
    0x110086b5   0x110086b5   0x00000003   PAD
    0x110086b8   0x110086b8   0x00000060   Data   RO         1901    .constdata          lin_cfg.o
    0x11008718   0x11008718   0x00000002   Data   RO         1902    .constdata          lin_cfg.o
    0x1100871a   0x1100871a   0x00000016   Data   RO         1903    .constdata          lin_cfg.o
    0x11008730   0x11008730   0x00000020   Data   RO         1904    .constdata          lin_cfg.o
    0x11008750   0x11008750   0x00000010   Data   RO         1905    .constdata          lin_cfg.o
    0x11008760   0x11008760   0x00000001   Data   RO         1907    .constdata          lin_cfg.o
    0x11008761   0x11008761   0x00000001   PAD
    0x11008762   0x11008762   0x00000006   Data   RO         1908    .constdata          lin_cfg.o
    0x11008768   0x11008768   0x00000001   Data   RO         1909    .constdata          lin_cfg.o
    0x11008769   0x11008769   0x00000003   PAD
    0x1100876c   0x1100876c   0x00000004   Data   RO         3043    .constdata          bootrom.o
    0x11008770   0x11008770   0x00000004   Data   RO         3059    .constdata          bootrom.o
    0x11008774   0x11008774   0x00000004   Data   RO         3062    .constdata          bootrom.o
    0x11008778   0x11008778   0x00000004   Data   RO         3064    .constdata          bootrom.o
    0x1100877c   0x1100877c   0x00000020   Data   RO         4097    Region$$Table       anon$$obj.o


    Execution Region RW_IRAM2 (Exec base: 0x18000000, Load base: 0x110087e4, Size: 0x00000000, Max: 0x00000010, ABSOLUTE)

    **** No section assigned to this execution region ****


    Execution Region RW_IRAM1 (Exec base: 0x18000018, Load base: 0x1100879c, Size: 0x00000a28, Max: 0x00000be8, ABSOLUTE, COMPRESSED[0x00000048])

    Exec Addr    Load Addr    Size         Type   Attr      Idx    E Section Name        Object

    0x18000018   COMPRESSED   0x0000000a   Data   RW            6    .data               main.o
    0x18000022   COMPRESSED   0x0000000f   Data   RW          284    .data               testmode.o
    0x18000031   COMPRESSED   0x00000001   PAD
    0x18000032   COMPRESSED   0x00000010   Data   RW          374    .data               pwmin.o
    0x18000042   COMPRESSED   0x00000002   PAD
    0x18000044   COMPRESSED   0x00000010   Data   RW          423    .data               adcsample.o
    0x18000054   COMPRESSED   0x00000018   Data   RW          480    .data               motorapi.o
    0x1800006c   COMPRESSED   0x00000024   Data   RW          574    .data               sdk.o
    0x18000090   COMPRESSED   0x0000000c   Data   RW          802    .data               dtc.o
    0x1800009c   COMPRESSED   0x00000004   Data   RW          867    .data               globalvars.o
    0x180000a0   COMPRESSED   0x00000011   Data   RW         1009    .data               fancomtest.o
    0x180000b1   COMPRESSED   0x00000001   PAD
    0x180000b2   COMPRESSED   0x0000000e   Data   RW         1085    .data               lindatapro.o
    0x180000c0   COMPRESSED   0x00000034   Data   RW         1138    .data               emo.o
    0x180000f4   COMPRESSED   0x00000048   Data   RW         1310    .data               emo_ram.o
    0x1800013c   COMPRESSED   0x00000004   Data   RW         1404    .data               table.o
    0x18000140   COMPRESSED   0x00000002   Data   RW         1433    .data               appmain.o
    0x18000142   COMPRESSED   0x00000001   Data   RW         1910    .data               lin_cfg.o
    0x18000143   COMPRESSED   0x00000001   Data   RW         1911    .data               lin_cfg.o
    0x18000144   COMPRESSED   0x00000001   Data   RW         1912    .data               lin_cfg.o
    0x18000145   COMPRESSED   0x00000001   Data   RW         1913    .data               lin_cfg.o
    0x18000146   COMPRESSED   0x00000001   Data   RW         1914    .data               lin_cfg.o
    0x18000147   COMPRESSED   0x00000001   Data   RW         1915    .data               lin_cfg.o
    0x18000148   COMPRESSED   0x00000001   Data   RW         1916    .data               lin_cfg.o
    0x18000149   COMPRESSED   0x00000001   Data   RW         1917    .data               lin_cfg.o
    0x1800014a   COMPRESSED   0x00000001   Data   RW         1918    .data               lin_cfg.o
    0x1800014b   COMPRESSED   0x00000001   Data   RW         1919    .data               lin_cfg.o
    0x1800014c   COMPRESSED   0x00000001   Data   RW         1920    .data               lin_cfg.o
    0x1800014d   COMPRESSED   0x00000001   Data   RW         1921    .data               lin_cfg.o
    0x1800014e   COMPRESSED   0x00000001   Data   RW         1922    .data               lin_cfg.o
    0x1800014f   COMPRESSED   0x00000004   Data   RW         1923    .data               lin_cfg.o
    0x18000153   COMPRESSED   0x00000004   Data   RW         1924    .data               lin_cfg.o
    0x18000157   COMPRESSED   0x00000006   Data   RW         1925    .data               lin_cfg.o
    0x1800015d   COMPRESSED   0x00000001   Data   RW         1926    .data               lin_cfg.o
    0x1800015e   COMPRESSED   0x00000008   Data   RW         1927    .data               lin_cfg.o
    0x18000166   COMPRESSED   0x00000008   Data   RW         1928    .data               lin_cfg.o
    0x1800016e   COMPRESSED   0x00000001   Data   RW         1929    .data               lin_cfg.o
    0x1800016f   COMPRESSED   0x00000001   Data   RW         1930    .data               lin_cfg.o
    0x18000170   COMPRESSED   0x00000001   Data   RW         1931    .data               lin_cfg.o
    0x18000171   COMPRESSED   0x00000001   Data   RW         1932    .data               lin_cfg.o
    0x18000172   COMPRESSED   0x00000002   Data   RW         1933    .data               lin_cfg.o
    0x18000174   COMPRESSED   0x00000004   Data   RW         1935    .data               lin_cfg.o
    0x18000178   COMPRESSED   0x00000004   Data   RW         1936    .data               lin_cfg.o
    0x1800017c   COMPRESSED   0x0000001c   Data   RW         2023    .data               lin_lld_sci.o
    0x18000198   COMPRESSED   0x00000002   Data   RW         2366    .data               lin_common_proto.o
    0x1800019a   COMPRESSED   0x00000001   Data   RW         2367    .data               lin_common_proto.o
    0x1800019b   COMPRESSED   0x00000001   PAD
    0x1800019c   COMPRESSED   0x00000008   Data   RW         3924    .data               uart.o
    0x180001a4   COMPRESSED   0x00000008   Data   RW         3976    .data               wdt1.o
    0x180001ac        -       0x000000c0   Zero   RW          373    .bss                pwmin.o
    0x1800026c        -       0x0000002a   Zero   RW          421    .bss                adcsample.o
    0x18000296   COMPRESSED   0x00000002   PAD
    0x18000298        -       0x00000034   Zero   RW          479    .bss                motorapi.o
    0x180002cc        -       0x00000084   Zero   RW          801    .bss                dtc.o
    0x18000350        -       0x00000024   Zero   RW         1008    .bss                fancomtest.o
    0x18000374        -       0x000001a0   Zero   RW         1307    .bss                emo_ram.o
    0x18000514        -       0x00000028   Zero   RW         1308    .bss                emo_ram.o
    0x1800053c        -       0x000000e0   Zero   RW         1431    .bss                appmain.o
    0x1800061c        -       0x0000000c   Zero   RW         1896    .bss                lin_cfg.o
    0x18000628        -       0x0000000c   Zero   RW         1897    .bss                lin_cfg.o
    0x18000634        -       0x0000000a   Zero   RW         1898    .bss                lin_cfg.o
    0x1800063e   COMPRESSED   0x00000002   PAD
    0x18000640        -       0x00000400   Zero   RW         3712    STACK               startup_tle987x.o



  Load Region LR_IROM2 (Base: 0x1100afe8, Size: 0x00000018, Max: 0x00000018, ABSOLUTE)

    Execution Region ER_IROM2 (Exec base: 0x1100afe8, Load base: 0x1100afe8, Size: 0x00000018, Max: 0x00000018, ABSOLUTE)

    Exec Addr    Load Addr    Size         Type   Attr      Idx    E Section Name        Object

    0x1100afe8   0x1100afe8   0x00000004   Data   RO          353    .constdata          userinfo.o
    0x1100afec   0x1100afec   0x0000000c   Data   RO          354    .constdata          userinfo.o
    0x1100aff8   0x1100aff8   0x00000004   PAD
    0x1100affc   0x1100affc   0x00000004   Data   RW         3723    .ARM.__at_0x1100AFFC  system_tle987x.o


==============================================================================

Image component sizes


      Code (inc. data)   RO Data    RW Data    ZI Data      Debug   Object Name

       160         16          0          0          0      12651   adc1.o
        92         20          0          0          0        440   adc2.o
       432         36        160         16         42       6330   adcsample.o
       598         20          4          2        224      12740   appmain.o
         0          0         44          0          0       4162   appmain_data.o
       268         40          0          0          0      12339   bdrv.o
       110          0         16          0          0       6228   bootrom.o
       112          4          0          0          0      16420   ccu6.o
       160          0          0          0          0       2341   common.o
        20          4          0          0          0        399   csa.o
        20          8          0          0          0        403   dma.o
      1040        100          0         12        132       7315   dtc.o
       436          0          0          0          0       6143   ecufaultdiag.o
      3360        244          0         52          0      56482   emo.o
         0          0         92          0          0       7647   emo_cfg.o
      2244        128         24         72        456      34252   emo_ram.o
       508         58          0         17         36       6313   fancomtest.o
       734         28          0          0          0       5965   feedback.o
         0          0          8          4          0       1179   globalvars.o
        60          4          0          0          0        446   gpt12e.o
       156         30          0          0          0        511   int.o
       328         38          0          0          0      40104   isr.o
       102         20          0          0          0       3334   isrhandler.o
        40          4          0          0          0       3507   lin.o
        32          0        177         58         34      20644   lin_cfg.o
       290         52          0          0          0       6622   lin_common_api.o
      1132        142          0          3          0      14304   lin_common_proto.o
       480         72          0          0          0       3058   lin_commontl_proto.o
       216         22          0          0          0       1745   lin_diagnostic_service.o
         4          0          0          0          0        423   lin_isr.o
       128         36          0          0          0       1461   lin_lin21_proto.o
      1268         84          0         28          0       6720   lin_lld_sci.o
         6          0          0          0          0        869   lin_lld_timesrv.o
       246         30          0          0          0      10443   lin_sw.o
       500         20          0         14          0       2180   lindatapro.o
       476         72          0         10          0      31332   main.o
        16          6          0          0          0        395   mon.o
      1300         90          0         24         52       8117   motorapi.o
       552          0          0          0          0       5241   motorrestartandfaultcnt.o
        10          0          0          0          0        702   motortargetspeedmux.o
        76          6          0          0          0        451   pmu.o
        68          4          0          0          0        448   port.o
       212         14          0         16        192       3151   pwmin.o
        80         16          0          0          0        968   pwminparameval.o
      1512        108          0          0          0      16349   pwmintargetspeedeval.o
       366          4          0          0          0       3957   rt_sys_ecufaultdiag_0.o
       460         22          0          0          0       6866   scu.o
      2122        162          0         36          0      66493   sdk.o
        60         10          0          0          0        816   ssc.o
        64         12        128          0       1024        828   startup_tle987x.o
        48         14          0          4          0        680   system_tle987x.o
         0          0       7704          4          0        872   table.o
      1428         76          0         15          0       4605   testmode.o
        64         10          0          0          0        849   timer2x.o
         2          0          0          0          0        402   timer3.o
        86          0          0          0          0        523   tle_device.o
        88         18          0          8          0       2778   uart.o
         0          0         16          0          0        605   userinfo.o
       226         26          0          8          0       4037   wdt1.o

    ----------------------------------------------------------------------
     24624       1930       8414        412       2196     477585   Object Totals
         0          0         32          0          0          0   (incl. Generated)
        26          0          9          9          4          0   (incl. Padding)

    ----------------------------------------------------------------------

      Code (inc. data)   RO Data    RW Data    ZI Data      Debug   Library Member Name

        86          0          0          0          0          0   __dczerorl2.o
         0          0          0          0          0          0   entry.o
         0          0          0          0          0          0   entry10a.o
         0          0          0          0          0          0   entry11a.o
         4          0          0          0          0          0   entry12b.o
         8          4          0          0          0          0   entry2.o
         4          0          0          0          0          0   entry5.o
         0          0          0          0          0          0   entry7b.o
         0          0          0          0          0          0   entry8b.o
         8          4          0          0          0          0   entry9a.o
        30          0          0          0          0          0   handlers.o
        36          8          0          0          0         68   init.o
         0          0          0          0          0          0   iusefp.o
        30          0          0          0          0         68   llshl.o
        32          0          0          0          0         68   llushr.o
        36          0          0          0          0         68   memcpya.o
        36          0          0          0          0        108   memseta.o
         8          0          0          0          0         68   siabs.o
        56          0          0          0          0         88   d2f.o
       222          0          0          0          0        100   ddiv.o
       186          0          0          0          0        176   depilogue.o
        62          0          0          0          0         80   dfixi.o
        50          0          0          0          0         76   dfixui.o
        26          0          0          0          0         76   dfltui.o
       228          0          0          0          0         96   dmul.o
        46          0          0          0          0         80   dscalb.o
        38          0          0          0          0         68   f2d.o
       124          0          0          0          0         88   fdiv.o
       110          0          0          0          0        168   fepilogue.o
        50          0          0          0          0         68   ffixi.o
        40          0          0          0          0         68   ffixui.o
        10          0          0          0          0         68   ffltui.o
       100          0          0          0          0         76   fmul.o
        24          0          0          0          0         68   fscalb.o

    ----------------------------------------------------------------------
      1694         16          0          0          0       1892   Library Totals
         4          0          0          0          0          0   (incl. Padding)

    ----------------------------------------------------------------------

      Code (inc. data)   RO Data    RW Data    ZI Data      Debug   Library Name

       318         16          0          0          0        448   mc_w.l
      1372          0          0          0          0       1444   mf_w.l

    ----------------------------------------------------------------------
      1694         16          0          0          0       1892   Library Totals

    ----------------------------------------------------------------------

==============================================================================


      Code (inc. data)   RO Data    RW Data    ZI Data      Debug   

     26318       1946       8414        412       2196     466241   Grand Totals
     26318       1946       8414         80       2196     466241   ELF Image Totals (compressed)
     26318       1946       8414         80          0          0   ROM Totals

==============================================================================

    Total RO  Size (Code + RO Data)                34732 (  33.92kB)
    Total RW  Size (RW Data + ZI Data)              2608 (   2.55kB)
    Total ROM Size (Code + RO Data + RW Data)      34812 (  34.00kB)

==============================================================================

