<html>
<body>
<pre>
<h1>µVision Build Log</h1>
<h2>Tool Versions:</h2>
IDE-Version: ¦ÌVision V5.33.0.0
Copyright (C) 2020 ARM Ltd and ARM Germany GmbH. All rights reserved.
License Information: 1 1, 1, LIC=21E4T-RL30J-JJT6S-LCILQ-B1KVE-F4PHD
 
Tool Versions:
Toolchain:       MDK-ARM Plus  Version: 5.33.0.0
Toolchain Path:  D:\keil\ARM\ARMCC\Bin
C Compiler:      Armcc.exe V5.06 update 7 (build 960)
Assembler:       Armasm.exe V5.06 update 7 (build 960)
Linker/Locator:  ArmLink.exe V5.06 update 7 (build 960)
Library Manager: ArmAr.exe V5.06 update 7 (build 960)
Hex Converter:   FromElf.exe V5.06 update 7 (build 960)
CPU DLL:         SARMCM3.DLL V5.33.0.0
Dialog DLL:      DCM.DLL V1.17.3.0
Target DLL:      Segger\JL2CM3.dll V2.99.38.0
Dialog DLL:      TCM.DLL V1.48.0.0
 
<h2>Project:</h2>
D:\Desktop\vscode-gitee\TLE9871_TASK1 - ¸±±¾\TLE9879QXA40_CCU6_PWM.uvprojx
Project File Date:  04/15/2024

<h2>Output:</h2>
*** Using Compiler 'V5.06 update 7 (build 960)', folder: 'D:\keil\ARM\ARMCC\Bin'
Build target 'TLE9879_EvalKit'
compiling motor.c...
linking...
Program Size: Code=11172 RO-data=256 RW-data=76 ZI-data=516  
".\Objects\CCU6_PWM.axf" - 0 Error(s), 0 Warning(s).

<h2>Software Packages used:</h2>

Package Vendor: ARM
                http://www.keil.com/pack/ARM.CMSIS.5.7.0.pack
                ARM.CMSIS.5.7.0
                CMSIS (Cortex Microcontroller Software Interface Standard)
   * Component: CORE Version: 5.4.0

Package Vendor: Infineon
                https://www.infineon.com/cmsis_packs/TLE987x/Infineon.TLE987x_DFP.1.5.0.pack
                Infineon.TLE987x_DFP.1.5.0
                Infineon TLE987x Series Device Support
   * Component: ConfigWizard_v2 Version: 2.1.12
   * Component: ADC1 Version: 0.2.8
   * Component: ADC2 Version: 0.2.5
   * Component: BDRV Version: 0.4.8
   * Component: BOOTROM Version: 0.3.0
   * Component: CCU6 Version: 0.3.2
   * Component: CSA Version: 0.1.7
   * Component: GPT12E Version: 0.2.0
   * Component: INT Version: 0.2.2
   * Component: ISR Version: 0.2.8
   * Component: LIN Version: 0.1.9
   * Component: PMU Version: 0.2.0
   * Component: PORT Version: 0.5.7
   * Component: SCU Version: 0.5.4
   * Component: TIMER2x Version: 0.2.1
   * Component: UART Version: 0.2.2
   * Component: WDT1 Version: 0.3.2
   * Component: Startup Version: 1.1.0

<h2>Collection of Component include folders:</h2>
  .\RTE\Device\TLE9871QXA20
  .\RTE\_TLE9879_EvalKit
  D:\keil\ARM\PACK\ARM\CMSIS\5.7.0\CMSIS\Core\Include

<h2>Collection of Component Files used:</h2>

   * Component: ARM::CMSIS:CORE:5.4.0

   * Component: Infineon::Device:ConfigWizard_v2:2.1.12
      Include file:  Device\SDK\cfgwiz\TLE987x_20\v2\timer2x_defines.h
      Include file:  Device\SDK\cfgwiz\TLE987x_20\v2\uart_defines.h
      Include file:  Device\SDK\cfgwiz\TLE987x_20\v2\isr_defines.h
      Include file:  Device\SDK\cfgwiz\TLE987x_20\v2\ccu6_defines.h
      Include file:  Device\SDK\cfgwiz\TLE987x_20\v2\ssc_defines.h
      Include file:  Device\SDK\cfgwiz\TLE987x_20\v2\lin_defines.h
      Include file:  Device\SDK\cfgwiz\TLE987x_20\v2\gpt12e_defines.h
      Include file:  Device\SDK\cfgwiz\TLE987x_20\v2\port_defines.h
      Include file:  Device\SDK\cfgwiz\TLE987x_20\v2\mon_defines.h
      Include file:  Device\SDK\cfgwiz\TLE987x_20\v2\adc1_defines.h
      Include file:  Device\SDK\cfgwiz\TLE987x_20\v2\timer3_defines.h
      Include file:  Device\SDK\cfgwiz\TLE987x_20\v2\int_defines.h
      Include file:  Device\SDK\cfgwiz\TLE987x_20\v2\adc2_defines.h
      Include file:  Device\SDK\cfgwiz\TLE987x_20\v2\dma_defines.h
      Include file:  Device\SDK\cfgwiz\TLE987x_20\v2\pmu_defines.h
      Include file:  Device\SDK\cfgwiz\TLE987x_20\v2\bsl_defines.h
      Include file:  Device\SDK\cfgwiz\TLE987x_20\v2\scu_defines.h
      Include file:  Device\SDK\cfgwiz\TLE987x_20\v2\bdrv_defines.h
      Include file:  Device\SDK\cfgwiz\TLE987x_20\v2\csa_defines.h

   * Component: Infineon::Device:SDK:ADC1:0.2.8
      Source file:   Device\SDK\src\adc1.c
      Include file:  Device\SDK\inc\adc1.h

   * Component: Infineon::Device:SDK:ADC2:0.2.5
      Include file:  Device\SDK\inc\adc2.h
      Source file:   Device\SDK\src\adc2.c

   * Component: Infineon::Device:SDK:BDRV:0.4.8
      Source file:   Device\SDK\src\bdrv.c
      Include file:  Device\SDK\inc\bdrv.h

   * Component: Infineon::Device:SDK:BOOTROM:0.3.0
      Include file:  Device\SDK\inc\bootrom.h
      Source file:   Device\SDK\src\bootrom.c

   * Component: Infineon::Device:SDK:CCU6:0.3.2
      Source file:   Device\SDK\src\ccu6.c
      Include file:  Device\SDK\inc\ccu6.h

   * Component: Infineon::Device:SDK:CSA:0.1.7
      Include file:  Device\SDK\inc\csa.h
      Source file:   Device\SDK\src\csa.c

   * Component: Infineon::Device:SDK:GPT12E:0.2.0
      Include file:  Device\SDK\inc\gpt12e.h
      Source file:   Device\SDK\src\gpt12e.c

   * Component: Infineon::Device:SDK:INT:0.2.2
      Source file:   Device\SDK\src\int.c
      Include file:  Device\SDK\inc\int.h

   * Component: Infineon::Device:SDK:ISR:0.2.8
      Source file:   Device\SDK\src\isr.c
      Include file:  Device\SDK\inc\isr.h

   * Component: Infineon::Device:SDK:LIN:0.1.9
      Include file:  Device\SDK\inc\lin.h
      Source file:   Device\SDK\src\lin.c

   * Component: Infineon::Device:SDK:PMU:0.2.0
      Source file:   Device\SDK\src\pmu.c
      Include file:  Device\SDK\inc\pmu.h

   * Component: Infineon::Device:SDK:PORT:0.5.7
      Include file:  Device\SDK\inc\port.h
      Source file:   Device\SDK\src\port.c

   * Component: Infineon::Device:SDK:SCU:0.5.4
      Source file:   Device\SDK\src\scu.c
      Include file:  Device\SDK\inc\scu.h

   * Component: Infineon::Device:SDK:TIMER2x:0.2.1
      Source file:   Device\SDK\src\timer2x.c
      Include file:  Device\SDK\inc\timer2x.h

   * Component: Infineon::Device:SDK:UART:0.2.2
      Source file:   Device\SDK\src\uart.c
      Include file:  Device\SDK\inc\uart.h

   * Component: Infineon::Device:SDK:WDT1:0.3.2
      Source file:   Device\SDK\src\wdt1.c
      Include file:  Device\SDK\inc\wdt1.h

   * Component: Infineon::Device:Startup:1.1.0
      Include file:  Device\Include\tle_variants.h
      Source file:   Device\Source\system_tle987x.c
      Include file:  Device\Include\system_tle987x.h
      Include file:  Device\Include\types.h
      Include file:  Device\Include\tle_device.h
      Source file:   Device\Source\tle_device.c
      Include file:  Device\Include\eval_board.h
      Source file:   Device\Source\ARM\startup_tle987x.S
      Include file:  Device\Include\cmsis_misra.h
      Source file:   Device\Include\sfr_access.h
      Include file:  Device\Include\tle987x.h
      Source file:   Device\SDK\app\main.c
Build Time Elapsed:  00:00:01
</pre>
</body>
</html>
